
Allocating common symbols
Common symbol       size              file

kbd_buf             0x6c              build/keyboard.o
root_dir            0x208             build/dir.o
thread_ready_list   0x10              build/thread.o
thread_all_list     0x10              build/thread.o
user_pool           0x2c              build/memory.o
channel_cnt         0x1               build/ide.o
cur_part            0x4               build/fs.o
k_block_descs       0xa8              build/memory.o
idle_thread         0x4               build/thread.o
intr_name           0x204             build/interrupt.o
main_thread         0x4               build/thread.o
channels            0xcc0             build/ide.o
ticks               0x4               build/timer.o
kernel_vaddr        0xc               build/memory.o
syscall_table       0x80              build/syscall-init.o
idt_table           0x204             build/interrupt.o
file_table          0x180             build/file.o
partition_list      0x10              build/ide.o
kernel_pool         0x2c              build/memory.o
pid_lock            0x1c              build/thread.o

Discarded input sections

 .note.GNU-stack
                0x0000000000000000        0x0 build/main.o
 .note.GNU-stack
                0x0000000000000000        0x0 build/init.o
 .note.GNU-stack
                0x0000000000000000        0x0 build/interrupt.o
 .note.GNU-stack
                0x0000000000000000        0x0 build/timer.o
 .note.GNU-stack
                0x0000000000000000        0x0 build/debug.o
 .note.GNU-stack
                0x0000000000000000        0x0 build/string.o
 .note.GNU-stack
                0x0000000000000000        0x0 build/bitmap.o
 .note.GNU-stack
                0x0000000000000000        0x0 build/memory.o
 .note.GNU-stack
                0x0000000000000000        0x0 build/thread.o
 .note.GNU-stack
                0x0000000000000000        0x0 build/list.o
 .note.GNU-stack
                0x0000000000000000        0x0 build/sync.o
 .note.GNU-stack
                0x0000000000000000        0x0 build/console.o
 .note.GNU-stack
                0x0000000000000000        0x0 build/keyboard.o
 .note.GNU-stack
                0x0000000000000000        0x0 build/ioqueue.o
 .note.GNU-stack
                0x0000000000000000        0x0 build/tss.o
 .note.GNU-stack
                0x0000000000000000        0x0 build/process.o
 .note.GNU-stack
                0x0000000000000000        0x0 build/syscall.o
 .note.GNU-stack
                0x0000000000000000        0x0 build/syscall-init.o
 .note.GNU-stack
                0x0000000000000000        0x0 build/stdio.o
 .note.GNU-stack
                0x0000000000000000        0x0 build/stdio-kernel.o
 .note.GNU-stack
                0x0000000000000000        0x0 build/ide.o
 .note.GNU-stack
                0x0000000000000000        0x0 build/fs.o
 .note.GNU-stack
                0x0000000000000000        0x0 build/file.o
 .note.GNU-stack
                0x0000000000000000        0x0 build/inode.o
 .note.GNU-stack
                0x0000000000000000        0x0 build/dir.o

Memory Configuration

Name             Origin             Length             Attributes
*default*        0x0000000000000000 0xffffffffffffffff

Linker script and memory map

Address of section .text set to 0xc0001500
LOAD build/main.o
LOAD build/init.o
LOAD build/interrupt.o
LOAD build/timer.o
LOAD build/kernel.o
LOAD build/print.o
LOAD build/debug.o
LOAD build/string.o
LOAD build/bitmap.o
LOAD build/memory.o
LOAD build/thread.o
LOAD build/list.o
LOAD build/switch.o
LOAD build/sync.o
LOAD build/console.o
LOAD build/keyboard.o
LOAD build/ioqueue.o
LOAD build/tss.o
LOAD build/process.o
LOAD build/syscall.o
LOAD build/syscall-init.o
LOAD build/stdio.o
LOAD build/stdio-kernel.o
LOAD build/ide.o
LOAD build/fs.o
LOAD build/file.o
LOAD build/inode.o
LOAD build/dir.o
                [!provide]                        PROVIDE (__executable_start = SEGMENT_START ("text-segment", 0x8048000))
                0x00000000080480d4                . = (SEGMENT_START ("text-segment", 0x8048000) + SIZEOF_HEADERS)

.interp
 *(.interp)

.note.gnu.build-id
 *(.note.gnu.build-id)

.hash
 *(.hash)

.gnu.hash
 *(.gnu.hash)

.dynsym
 *(.dynsym)

.dynstr
 *(.dynstr)

.gnu.version
 *(.gnu.version)

.gnu.version_d
 *(.gnu.version_d)

.gnu.version_r
 *(.gnu.version_r)

.rel.dyn        0x00000000080480d4        0x0
 *(.rel.init)
 *(.rel.text .rel.text.* .rel.gnu.linkonce.t.*)
 .rel.text      0x00000000080480d4        0x0 build/main.o
 *(.rel.fini)
 *(.rel.rodata .rel.rodata.* .rel.gnu.linkonce.r.*)
 *(.rel.data.rel.ro .rel.data.rel.ro.* .rel.gnu.linkonce.d.rel.ro.*)
 *(.rel.data .rel.data.* .rel.gnu.linkonce.d.*)
 *(.rel.tdata .rel.tdata.* .rel.gnu.linkonce.td.*)
 *(.rel.tbss .rel.tbss.* .rel.gnu.linkonce.tb.*)
 *(.rel.ctors)
 *(.rel.dtors)
 *(.rel.got)
 .rel.got       0x00000000080480d4        0x0 build/main.o
 *(.rel.bss .rel.bss.* .rel.gnu.linkonce.b.*)
 *(.rel.ifunc)

.rel.plt        0x00000000080480d4        0x0
 *(.rel.plt)
                [!provide]                        PROVIDE (__rel_iplt_start = .)
 *(.rel.iplt)
 .rel.iplt      0x00000000080480d4        0x0 build/main.o
                [!provide]                        PROVIDE (__rel_iplt_end = .)
                0x0000000008049000                . = ALIGN (CONSTANT (MAXPAGESIZE))

.init
 *(SORT_NONE(.init))

.plt            0x0000000008049000        0x0
 *(.plt)
 *(.iplt)
 .iplt          0x0000000008049000        0x0 build/main.o

.plt.got
 *(.plt.got)

.plt.sec
 *(.plt.sec)

.text           0x00000000c0001500     0x6eaf
 *(.text.unlikely .text.*_unlikely .text.unlikely.*)
 *(.text.exit .text.exit.*)
 *(.text.startup .text.startup.*)
 *(.text.hot .text.hot.*)
 *(SORT_BY_NAME(.text.sorted.*))
 *(.text .stub .text.* .gnu.linkonce.t.*)
 .text          0x00000000c0001500      0x2c9 build/main.o
                0x00000000c0001500                main
                0x00000000c0001535                k_thread_a
                0x00000000c00015f2                k_thread_b
                0x00000000c00016af                u_prog_a
                0x00000000c000173c                u_prog_b
 .text          0x00000000c00017c9       0x46 build/init.o
                0x00000000c00017c9                init_all
 .text          0x00000000c000180f      0x47e build/interrupt.o
                0x00000000c0001b80                intr_enable
                0x00000000c0001ba9                intr_disable
                0x00000000c0001bd2                intr_set_status
                0x00000000c0001bf0                intr_get_status
                0x00000000c0001c13                register_handler
                0x00000000c0001c2f                idt_init
 .text          0x00000000c0001c8d      0x214 build/timer.o
                0x00000000c0001de9                mtime_sleep
                0x00000000c0001e41                timer_init
 *fill*         0x00000000c0001ea1        0xf 
 .text          0x00000000c0001eb0      0x565 build/kernel.o
                0x00000000c0001eb0                intr_exit
                0x00000000c00023f1                syscall_handler
 *fill*         0x00000000c0002415        0xb 
 .text          0x00000000c0002420      0x172 build/print.o
                0x00000000c0002420                put_str
                0x00000000c000243e                put_char
                0x00000000c000250b                put_int
                0x00000000c000256e                set_cursor
 .text          0x00000000c0002592       0xa5 build/debug.o
                0x00000000c0002592                panic_spin
 .text          0x00000000c0002637      0x451 build/string.o
                0x00000000c0002637                memset
                0x00000000c0002693                memcpy
                0x00000000c00026fb                memcmp
                0x00000000c000278e                strcpy
                0x00000000c00027f1                strlen
                0x00000000c000284b                strcmp
                0x00000000c00028d2                strchr
                0x00000000c0002938                strrchr
                0x00000000c00029a1                strcat
                0x00000000c0002a1b                strchrs
 .text          0x00000000c0002a88      0x270 build/bitmap.o
                0x00000000c0002a88                bitmap_init
                0x00000000c0002aaf                bitmap_scan_test
                0x00000000c0002af1                bitmap_scan
                0x00000000c0002c3f                bitmap_set
 .text          0x00000000c0002cf8     0x10d4 build/memory.o
                0x00000000c0002e1e                pte_ptr
                0x00000000c0002e4f                pde_ptr
                0x00000000c0002ff0                malloc_page
                0x00000000c00030ba                get_kernel_pages
                0x00000000c00030fe                get_user_pages
                0x00000000c0003154                get_a_page
                0x00000000c00032d0                addr_v2p
                0x00000000c00034c2                block_desc_init
                0x00000000c000353f                mem_init
                0x00000000c00035a8                sys_malloc
                0x00000000c00038b8                pfree
                0x00000000c0003a00                mfree_page
                0x00000000c0003bcb                sys_free
 .text          0x00000000c0003dcc      0x6d9 build/thread.o
                0x00000000c0003e19                running_thread
                0x00000000c0003e44                thread_create
                0x00000000c0003eba                init_thread
                0x00000000c0003fa4                thread_start
                0x00000000c000411f                schedule
                0x00000000c000423b                thread_block
                0x00000000c00042a2                thread_yield
                0x00000000c0004328                thread_unblock
                0x00000000c0004433                thread_init
 .text          0x00000000c00044a5      0x218 build/list.o
                0x00000000c00044a5                list_init
                0x00000000c00044d2                list_insert_before
                0x00000000c0004513                list_push
                0x00000000c0004530                list_append
                0x00000000c000454d                list_remove
                0x00000000c0004583                list_pop
                0x00000000c00045d6                elem_find
                0x00000000c0004611                list_traversal
                0x00000000c000466f                list_len
                0x00000000c00046a4                list_empty
 *fill*         0x00000000c00046bd        0x3 
 .text          0x00000000c00046c0       0x15 build/switch.o
                0x00000000c00046c0                switch_to
 .text          0x00000000c00046d5      0x347 build/sync.o
                0x00000000c00046d5                sema_init
                0x00000000c00046fa                lock_init
                0x00000000c000472b                sema_down
                0x00000000c000483f                sema_up
                0x00000000c00048f5                lock_acquire
                0x00000000c0004971                lock_release
 .text          0x00000000c0004a1c       0x9a build/console.o
                0x00000000c0004a1c                console_init
                0x00000000c0004a30                console_acquire
                0x00000000c0004a44                console_release
                0x00000000c0004a58                console_put_str
                0x00000000c0004a75                console_put_char
                0x00000000c0004a99                console_put_int
 .text          0x00000000c0004ab6      0x2ca build/keyboard.o
                0x00000000c0004d40                keyboard_init
 .text          0x00000000c0004d80      0x2f1 build/ioqueue.o
                0x00000000c0004d80                ioqueue_init
                0x00000000c0004ddd                ioq_full
                0x00000000c0004e2e                ioq_empty
                0x00000000c0004f13                ioq_getchar
                0x00000000c0004fc1                ioq_putchar
 .text          0x00000000c0005071      0x1a9 build/tss.o
                0x00000000c0005071                update_tss_esp
                0x00000000c00050ec                tss_init
 .text          0x00000000c000521a      0x367 build/process.o
                0x00000000c000521a                start_process
                0x00000000c0005320                page_dir_activate
                0x00000000c0005350                process_activate
                0x00000000c00053a2                create_page_dir
                0x00000000c0005413                create_user_vaddr_bitmap
                0x00000000c0005457                process_execute
 .text          0x00000000c0005581       0x6f build/syscall.o
                0x00000000c0005581                getpid
                0x00000000c0005596                write
                0x00000000c00055b5                malloc
                0x00000000c00055d4                free
 .text          0x00000000c00055f0       0x78 build/syscall-init.o
                0x00000000c00055f0                sys_getpid
                0x00000000c0005602                sys_write
                0x00000000c0005620                syscall_init
 .text          0x00000000c0005668      0x29f build/stdio.o
                0x00000000c00056ee                vsprintf
                0x00000000c0005871                sprintf
                0x00000000c00058a5                printf
 .text          0x00000000c0005907       0x62 build/stdio-kernel.o
                0x00000000c0005907                printk
 .text          0x00000000c0005969      0xdfd build/ide.o
                0x00000000c0005c83                ide_read
                0x00000000c0005e15                ide_write
                0x00000000c0005fa7                intr_hd_handler
                0x00000000c000656c                ide_init
 .text          0x00000000c0006766      0xe87 build/fs.o
                0x00000000c0006e3d                filesys_init
                0x00000000c000708a                path_depth_cnt
                0x00000000c00073b2                sys_open
 .text          0x00000000c00075ed      0x248 build/file.o
                0x00000000c00075ed                get_free_slot_in_global
                0x00000000c000763d                pcb_fd_install
                0x00000000c00076a0                inode_bitmap_alloc
                0x00000000c00076ee                block_bitmap_alloc
                0x00000000c0007748                bitmap_sync
                0x00000000c00077d3                file_create
 .text          0x00000000c0007835      0x42e build/inode.o
                0x00000000c00078d9                inode_sync
                0x00000000c0007a4a                inode_open
                0x00000000c0007ba3                inode_close
                0x00000000c0007c14                inode_init
 .text          0x00000000c0007c63      0x74c build/dir.o
                0x00000000c0007c63                open_root_dir
                0x00000000c0007c92                dir_open
                0x00000000c0007ccd                search_dir_entry
                0x00000000c0007e9d                dir_close
                0x00000000c0007ec9                create_dir_entry
                0x00000000c0007f3f                sync_dir_entry
 *(.gnu.warning)

.fini
 *(SORT_NONE(.fini))
                [!provide]                        PROVIDE (__etext = .)
                [!provide]                        PROVIDE (_etext = .)
                [!provide]                        PROVIDE (etext = .)
                0x00000000c0009000                . = ALIGN (CONSTANT (MAXPAGESIZE))
                0x00000000c0009000                . = SEGMENT_START ("rodata-segment", (ALIGN (CONSTANT (MAXPAGESIZE)) + (. & (CONSTANT (MAXPAGESIZE) - 0x1))))

.rodata         0x00000000c0009000     0x1669
 *(.rodata .rodata.* .gnu.linkonce.r.*)
 .rodata        0x00000000c0009000       0x8c build/main.o
 .rodata        0x00000000c000908c        0xa build/init.o
 *fill*         0x00000000c0009096        0x2 
 .rodata        0x00000000c0009098      0x2c9 build/interrupt.o
 *fill*         0x00000000c0009361        0x3 
 .rodata        0x00000000c0009364       0x87 build/timer.o
 .rodata        0x00000000c00093eb       0x3b build/debug.o
 .rodata        0x00000000c0009426       0xa2 build/string.o
 .rodata        0x00000000c00094c8       0x68 build/bitmap.o
 .rodata        0x00000000c0009530      0x399 build/memory.o
 *fill*         0x00000000c00098c9        0x3 
 .rodata        0x00000000c00098cc      0x2ec build/thread.o
 .rodata        0x00000000c0009bb8       0x3c build/list.o
 .rodata        0x00000000c0009bf4      0x12f build/sync.o
 .rodata        0x00000000c0009d23       0x38 build/keyboard.o
 *fill*         0x00000000c0009d5b        0x1 
 .rodata        0x00000000c0009d5c       0x9d build/ioqueue.o
 .rodata        0x00000000c0009df9       0x27 build/tss.o
 .rodata        0x00000000c0009e20       0xdd build/process.o
 .rodata        0x00000000c0009efd       0x27 build/syscall-init.o
 .rodata        0x00000000c0009f24      0x1ec build/ide.o
 .rodata        0x00000000c000a110      0x35e build/fs.o
 *fill*         0x00000000c000a46e        0x2 
 .rodata        0x00000000c000a470       0x8f build/file.o
 *fill*         0x00000000c000a4ff        0x1 
 .rodata        0x00000000c000a500       0x6b build/inode.o
 *fill*         0x00000000c000a56b        0x1 
 .rodata        0x00000000c000a56c       0xfd build/dir.o

.rodata1
 *(.rodata1)

.eh_frame_hdr
 *(.eh_frame_hdr)
 *(.eh_frame_entry .eh_frame_entry.*)

.eh_frame
 *(.eh_frame)
 *(.eh_frame.*)

.gcc_except_table
 *(.gcc_except_table .gcc_except_table.*)

.gnu_extab
 *(.gnu_extab*)

.exception_ranges
 *(.exception_ranges*)
                0x00000000c000b000                . = DATA_SEGMENT_ALIGN (CONSTANT (MAXPAGESIZE), CONSTANT (COMMONPAGESIZE))

.eh_frame
 *(.eh_frame)
 *(.eh_frame.*)

.gnu_extab
 *(.gnu_extab)

.gcc_except_table
 *(.gcc_except_table .gcc_except_table.*)

.exception_ranges
 *(.exception_ranges*)

.tdata          0x00000000c000b000        0x0
                [!provide]                        PROVIDE (__tdata_start = .)
 *(.tdata .tdata.* .gnu.linkonce.td.*)

.tbss
 *(.tbss .tbss.* .gnu.linkonce.tb.*)
 *(.tcommon)

.preinit_array  0x00000000c000b000        0x0
                [!provide]                        PROVIDE (__preinit_array_start = .)
 *(.preinit_array)
                [!provide]                        PROVIDE (__preinit_array_end = .)

.init_array     0x00000000c000b000        0x0
                [!provide]                        PROVIDE (__init_array_start = .)
 *(SORT_BY_INIT_PRIORITY(.init_array.*) SORT_BY_INIT_PRIORITY(.ctors.*))
 *(.init_array EXCLUDE_FILE(*crtend?.o *crtend.o *crtbegin?.o *crtbegin.o) .ctors)
                [!provide]                        PROVIDE (__init_array_end = .)

.fini_array     0x00000000c000b000        0x0
                [!provide]                        PROVIDE (__fini_array_start = .)
 *(SORT_BY_INIT_PRIORITY(.fini_array.*) SORT_BY_INIT_PRIORITY(.dtors.*))
 *(.fini_array EXCLUDE_FILE(*crtend?.o *crtend.o *crtbegin?.o *crtbegin.o) .dtors)
                [!provide]                        PROVIDE (__fini_array_end = .)

.ctors
 *crtbegin.o(.ctors)
 *crtbegin?.o(.ctors)
 *(EXCLUDE_FILE(*crtend?.o *crtend.o) .ctors)
 *(SORT_BY_NAME(.ctors.*))
 *(.ctors)

.dtors
 *crtbegin.o(.dtors)
 *crtbegin?.o(.dtors)
 *(EXCLUDE_FILE(*crtend?.o *crtend.o) .dtors)
 *(SORT_BY_NAME(.dtors.*))
 *(.dtors)

.jcr
 *(.jcr)

.data.rel.ro
 *(.data.rel.ro.local* .gnu.linkonce.d.rel.ro.local.*)
 *(.data.rel.ro .data.rel.ro.* .gnu.linkonce.d.rel.ro.*)

.dynamic
 *(.dynamic)

.got            0x00000000c000b000        0x0
 *(.got)
 .got           0x00000000c000b000        0x0 build/main.o
 *(.igot)
                0x00000000c000b000                . = DATA_SEGMENT_RELRO_END (., (SIZEOF (.got.plt) >= 0xc)?0xc:0x0)

.got.plt        0x00000000c000b000        0x0
 *(.got.plt)
 .got.plt       0x00000000c000b000        0x0 build/main.o
 *(.igot.plt)
 .igot.plt      0x00000000c000b000        0x0 build/main.o

.data           0x00000000c000b000      0x156
 *(.data .data.* .gnu.linkonce.d.*)
 .data          0x00000000c000b000        0x0 build/main.o
 .data          0x00000000c000b000        0x0 build/init.o
 .data          0x00000000c000b000        0x0 build/interrupt.o
 .data          0x00000000c000b000        0x0 build/timer.o
 .data          0x00000000c000b000       0xc0 build/kernel.o
                0x00000000c000b000                intr_entry_table
 .data          0x00000000c000b0c0        0x8 build/print.o
 .data          0x00000000c000b0c8        0x0 build/debug.o
 .data          0x00000000c000b0c8        0x0 build/string.o
 .data          0x00000000c000b0c8        0x0 build/bitmap.o
 .data          0x00000000c000b0c8        0x0 build/memory.o
 .data          0x00000000c000b0c8        0x0 build/thread.o
 .data          0x00000000c000b0c8        0x0 build/list.o
 .data          0x00000000c000b0c8        0x0 build/sync.o
 .data          0x00000000c000b0c8        0x0 build/console.o
 *fill*         0x00000000c000b0c8       0x18 
 .data          0x00000000c000b0e0       0x76 build/keyboard.o
 .data          0x00000000c000b156        0x0 build/ioqueue.o
 .data          0x00000000c000b156        0x0 build/tss.o
 .data          0x00000000c000b156        0x0 build/process.o
 .data          0x00000000c000b156        0x0 build/syscall.o
 .data          0x00000000c000b156        0x0 build/syscall-init.o
 .data          0x00000000c000b156        0x0 build/stdio.o
 .data          0x00000000c000b156        0x0 build/stdio-kernel.o
 .data          0x00000000c000b156        0x0 build/ide.o
 .data          0x00000000c000b156        0x0 build/fs.o
 .data          0x00000000c000b156        0x0 build/file.o
 .data          0x00000000c000b156        0x0 build/inode.o
 .data          0x00000000c000b156        0x0 build/dir.o

.data1
 *(.data1)
                0x00000000c000b156                _edata = .
                [!provide]                        PROVIDE (edata = .)
                0x00000000c000b156                . = .
                0x00000000c000b156                __bss_start = .

.bss            0x00000000c000b160     0x1c28
 *(.dynbss)
 *(.bss .bss.* .gnu.linkonce.b.*)
 .bss           0x00000000c000b160        0x8 build/main.o
                0x00000000c000b160                prog_a_pid
                0x00000000c000b164                prog_b_pid
 .bss           0x00000000c000b168        0x0 build/init.o
 *fill*         0x00000000c000b168       0x18 
 .bss           0x00000000c000b180      0x408 build/interrupt.o
 .bss           0x00000000c000b588        0x0 build/timer.o
 .bss           0x00000000c000b588        0x0 build/debug.o
 .bss           0x00000000c000b588        0x0 build/string.o
 .bss           0x00000000c000b588        0x0 build/bitmap.o
 .bss           0x00000000c000b588        0x0 build/memory.o
 .bss           0x00000000c000b588        0x6 build/thread.o
 .bss           0x00000000c000b58e        0x0 build/list.o
 .bss           0x00000000c000b58e        0x0 build/sync.o
 *fill*         0x00000000c000b58e        0x2 
 .bss           0x00000000c000b590       0x1c build/console.o
 .bss           0x00000000c000b5ac       0x14 build/keyboard.o
 .bss           0x00000000c000b5c0        0x0 build/ioqueue.o
 .bss           0x00000000c000b5c0       0x6c build/tss.o
 .bss           0x00000000c000b62c        0x0 build/process.o
 .bss           0x00000000c000b62c        0x0 build/syscall.o
 .bss           0x00000000c000b62c        0x0 build/syscall-init.o
 .bss           0x00000000c000b62c        0x0 build/stdio.o
 .bss           0x00000000c000b62c        0x0 build/stdio-kernel.o
 .bss           0x00000000c000b62c        0x6 build/ide.o
                0x00000000c000b62c                ext_lba_base
                0x00000000c000b630                p_no
                0x00000000c000b631                l_no
 .bss           0x00000000c000b632        0x0 build/fs.o
 .bss           0x00000000c000b632        0x0 build/file.o
 .bss           0x00000000c000b632        0x0 build/inode.o
 .bss           0x00000000c000b632        0x0 build/dir.o
 *(COMMON)
 *fill*         0x00000000c000b632        0xe 
 COMMON         0x00000000c000b640      0x424 build/interrupt.o
                0x00000000c000b640                intr_name
                0x00000000c000b860                idt_table
 COMMON         0x00000000c000ba64        0x4 build/timer.o
                0x00000000c000ba64                ticks
 *fill*         0x00000000c000ba68       0x18 
 COMMON         0x00000000c000ba80      0x12c build/memory.o
                0x00000000c000ba80                user_pool
                0x00000000c000bac0                k_block_descs
                0x00000000c000bb68                kernel_vaddr
                0x00000000c000bb80                kernel_pool
 COMMON         0x00000000c000bbac       0x44 build/thread.o
                0x00000000c000bbac                thread_ready_list
                0x00000000c000bbbc                thread_all_list
                0x00000000c000bbcc                idle_thread
                0x00000000c000bbd0                main_thread
                0x00000000c000bbd4                pid_lock
 *fill*         0x00000000c000bbf0       0x10 
 COMMON         0x00000000c000bc00       0x6c build/keyboard.o
                0x00000000c000bc00                kbd_buf
 *fill*         0x00000000c000bc6c       0x14 
 COMMON         0x00000000c000bc80       0x80 build/syscall-init.o
                0x00000000c000bc80                syscall_table
 COMMON         0x00000000c000bd00      0xcf0 build/ide.o
                0x00000000c000bd00                channel_cnt
                0x00000000c000bd20                channels
                0x00000000c000c9e0                partition_list
 COMMON         0x00000000c000c9f0        0x4 build/fs.o
                0x00000000c000c9f0                cur_part
 *fill*         0x00000000c000c9f4        0xc 
 COMMON         0x00000000c000ca00      0x180 build/file.o
                0x00000000c000ca00                file_table
 COMMON         0x00000000c000cb80      0x208 build/dir.o
                0x00000000c000cb80                root_dir
                0x00000000c000cd88                . = ALIGN ((. != 0x0)?0x4:0x1)
                0x00000000c000cd88                . = ALIGN (0x4)
                0x00000000c000cd88                . = SEGMENT_START ("ldata-segment", .)
                0x00000000c000cd88                . = ALIGN (0x4)
                0x00000000c000cd88                _end = .
                [!provide]                        PROVIDE (end = .)
                0x00000000c000cd88                . = DATA_SEGMENT_END (.)

.stab
 *(.stab)

.stabstr
 *(.stabstr)

.stab.excl
 *(.stab.excl)

.stab.exclstr
 *(.stab.exclstr)

.stab.index
 *(.stab.index)

.stab.indexstr
 *(.stab.indexstr)

.comment        0x0000000000000000       0x2a
 *(.comment)
 .comment       0x0000000000000000       0x2a build/main.o
                                         0x2b (size before relaxing)
 .comment       0x000000000000002a       0x2b build/init.o
 .comment       0x000000000000002a       0x2b build/interrupt.o
 .comment       0x000000000000002a       0x2b build/timer.o
 .comment       0x000000000000002a       0x2b build/debug.o
 .comment       0x000000000000002a       0x2b build/string.o
 .comment       0x000000000000002a       0x2b build/bitmap.o
 .comment       0x000000000000002a       0x2b build/memory.o
 .comment       0x000000000000002a       0x2b build/thread.o
 .comment       0x000000000000002a       0x2b build/list.o
 .comment       0x000000000000002a       0x2b build/sync.o
 .comment       0x000000000000002a       0x2b build/console.o
 .comment       0x000000000000002a       0x2b build/keyboard.o
 .comment       0x000000000000002a       0x2b build/ioqueue.o
 .comment       0x000000000000002a       0x2b build/tss.o
 .comment       0x000000000000002a       0x2b build/process.o
 .comment       0x000000000000002a       0x2b build/syscall.o
 .comment       0x000000000000002a       0x2b build/syscall-init.o
 .comment       0x000000000000002a       0x2b build/stdio.o
 .comment       0x000000000000002a       0x2b build/stdio-kernel.o
 .comment       0x000000000000002a       0x2b build/ide.o
 .comment       0x000000000000002a       0x2b build/fs.o
 .comment       0x000000000000002a       0x2b build/file.o
 .comment       0x000000000000002a       0x2b build/inode.o
 .comment       0x000000000000002a       0x2b build/dir.o

.gnu.build.attributes
 *(.gnu.build.attributes .gnu.build.attributes.*)

.debug
 *(.debug)

.line
 *(.line)

.debug_srcinfo
 *(.debug_srcinfo)

.debug_sfnames
 *(.debug_sfnames)

.debug_aranges
 *(.debug_aranges)

.debug_pubnames
 *(.debug_pubnames)

.debug_info
 *(.debug_info .gnu.linkonce.wi.*)

.debug_abbrev
 *(.debug_abbrev)

.debug_line
 *(.debug_line .debug_line.* .debug_line_end)

.debug_frame
 *(.debug_frame)

.debug_str
 *(.debug_str)

.debug_loc
 *(.debug_loc)

.debug_macinfo
 *(.debug_macinfo)

.debug_weaknames
 *(.debug_weaknames)

.debug_funcnames
 *(.debug_funcnames)

.debug_typenames
 *(.debug_typenames)

.debug_varnames
 *(.debug_varnames)

.debug_pubtypes
 *(.debug_pubtypes)

.debug_ranges
 *(.debug_ranges)

.debug_macro
 *(.debug_macro)

.debug_addr
 *(.debug_addr)

.gnu.attributes
 *(.gnu.attributes)

/DISCARD/
 *(.note.GNU-stack)
 *(.gnu_debuglink)
 *(.gnu.lto_*)
OUTPUT(build/kernel.bin elf32-i386)
