
Allocating common symbols
Common symbol       size              file

pid_pool            0x28              build/thread.o
kbd_buf             0x82c             build/keyboard.o
root_dir            0x208             build/dir.o
thread_ready_list   0x10              build/thread.o
thread_all_list     0x10              build/thread.o
user_pool           0x2c              build/memory.o
channel_cnt         0x1               build/ide.o
cur_part            0x4               build/fs.o
k_block_descs       0xa8              build/memory.o
idle_thread         0x4               build/thread.o
intr_name           0x204             build/interrupt.o
main_thread         0x4               build/thread.o
channels            0xcc0             build/ide.o
ticks               0x4               build/timer.o
kernel_vaddr        0xc               build/memory.o
syscall_table       0x80              build/syscall-init.o
idt_table           0x204             build/interrupt.o
file_table          0x180             build/file.o
partition_list      0x10              build/ide.o
kernel_pool         0x2c              build/memory.o
pid_lock            0x1c              build/thread.o

Discarded input sections

 .note.GNU-stack
                0x0000000000000000        0x0 build/main.o
 .note.GNU-stack
                0x0000000000000000        0x0 build/init.o
 .note.GNU-stack
                0x0000000000000000        0x0 build/interrupt.o
 .note.GNU-stack
                0x0000000000000000        0x0 build/timer.o
 .note.GNU-stack
                0x0000000000000000        0x0 build/debug.o
 .note.GNU-stack
                0x0000000000000000        0x0 build/string.o
 .note.GNU-stack
                0x0000000000000000        0x0 build/bitmap.o
 .note.GNU-stack
                0x0000000000000000        0x0 build/memory.o
 .note.GNU-stack
                0x0000000000000000        0x0 build/thread.o
 .note.GNU-stack
                0x0000000000000000        0x0 build/list.o
 .note.GNU-stack
                0x0000000000000000        0x0 build/sync.o
 .note.GNU-stack
                0x0000000000000000        0x0 build/console.o
 .note.GNU-stack
                0x0000000000000000        0x0 build/keyboard.o
 .note.GNU-stack
                0x0000000000000000        0x0 build/ioqueue.o
 .note.GNU-stack
                0x0000000000000000        0x0 build/tss.o
 .note.GNU-stack
                0x0000000000000000        0x0 build/process.o
 .note.GNU-stack
                0x0000000000000000        0x0 build/syscall.o
 .note.GNU-stack
                0x0000000000000000        0x0 build/syscall-init.o
 .note.GNU-stack
                0x0000000000000000        0x0 build/stdio.o
 .note.GNU-stack
                0x0000000000000000        0x0 build/stdio-kernel.o
 .note.GNU-stack
                0x0000000000000000        0x0 build/ide.o
 .note.GNU-stack
                0x0000000000000000        0x0 build/fs.o
 .note.GNU-stack
                0x0000000000000000        0x0 build/file.o
 .note.GNU-stack
                0x0000000000000000        0x0 build/inode.o
 .note.GNU-stack
                0x0000000000000000        0x0 build/dir.o
 .note.GNU-stack
                0x0000000000000000        0x0 build/fork.o
 .note.GNU-stack
                0x0000000000000000        0x0 build/shell.o
 .note.GNU-stack
                0x0000000000000000        0x0 build/assert.o
 .note.GNU-stack
                0x0000000000000000        0x0 build/buildin_cmd.o
 .note.GNU-stack
                0x0000000000000000        0x0 build/exec.o
 .note.GNU-stack
                0x0000000000000000        0x0 build/wait_exit.o
 .note.GNU-stack
                0x0000000000000000        0x0 build/pipe.o

Memory Configuration

Name             Origin             Length             Attributes
*default*        0x0000000000000000 0xffffffffffffffff

Linker script and memory map

Address of section .text set to 0xc0001500
LOAD build/main.o
LOAD build/init.o
LOAD build/interrupt.o
LOAD build/timer.o
LOAD build/kernel.o
LOAD build/print.o
LOAD build/debug.o
LOAD build/string.o
LOAD build/bitmap.o
LOAD build/memory.o
LOAD build/thread.o
LOAD build/list.o
LOAD build/switch.o
LOAD build/sync.o
LOAD build/console.o
LOAD build/keyboard.o
LOAD build/ioqueue.o
LOAD build/tss.o
LOAD build/process.o
LOAD build/syscall.o
LOAD build/syscall-init.o
LOAD build/stdio.o
LOAD build/stdio-kernel.o
LOAD build/ide.o
LOAD build/fs.o
LOAD build/file.o
LOAD build/inode.o
LOAD build/dir.o
LOAD build/fork.o
LOAD build/shell.o
LOAD build/assert.o
LOAD build/buildin_cmd.o
LOAD build/exec.o
LOAD build/wait_exit.o
LOAD build/pipe.o
                [!provide]                        PROVIDE (__executable_start = SEGMENT_START ("text-segment", 0x8048000))
                0x00000000080480d4                . = (SEGMENT_START ("text-segment", 0x8048000) + SIZEOF_HEADERS)

.interp
 *(.interp)

.note.gnu.build-id
 *(.note.gnu.build-id)

.hash
 *(.hash)

.gnu.hash
 *(.gnu.hash)

.dynsym
 *(.dynsym)

.dynstr
 *(.dynstr)

.gnu.version
 *(.gnu.version)

.gnu.version_d
 *(.gnu.version_d)

.gnu.version_r
 *(.gnu.version_r)

.rel.dyn        0x00000000080480d4        0x0
 *(.rel.init)
 *(.rel.text .rel.text.* .rel.gnu.linkonce.t.*)
 .rel.text      0x00000000080480d4        0x0 build/main.o
 *(.rel.fini)
 *(.rel.rodata .rel.rodata.* .rel.gnu.linkonce.r.*)
 *(.rel.data.rel.ro .rel.data.rel.ro.* .rel.gnu.linkonce.d.rel.ro.*)
 *(.rel.data .rel.data.* .rel.gnu.linkonce.d.*)
 *(.rel.tdata .rel.tdata.* .rel.gnu.linkonce.td.*)
 *(.rel.tbss .rel.tbss.* .rel.gnu.linkonce.tb.*)
 *(.rel.ctors)
 *(.rel.dtors)
 *(.rel.got)
 .rel.got       0x00000000080480d4        0x0 build/main.o
 *(.rel.bss .rel.bss.* .rel.gnu.linkonce.b.*)
 *(.rel.ifunc)

.rel.plt        0x00000000080480d4        0x0
 *(.rel.plt)
                [!provide]                        PROVIDE (__rel_iplt_start = .)
 *(.rel.iplt)
 .rel.iplt      0x00000000080480d4        0x0 build/main.o
                [!provide]                        PROVIDE (__rel_iplt_end = .)
                0x0000000008049000                . = ALIGN (CONSTANT (MAXPAGESIZE))

.init
 *(SORT_NONE(.init))

.plt            0x0000000008049000        0x0
 *(.plt)
 *(.iplt)
 .iplt          0x0000000008049000        0x0 build/main.o

.plt.got
 *(.plt.got)

.plt.sec
 *(.plt.sec)

.text           0x00000000c0001500     0xc83e
 *(.text.unlikely .text.*_unlikely .text.unlikely.*)
 *(.text.exit .text.exit.*)
 *(.text.startup .text.startup.*)
 *(.text.hot .text.hot.*)
 *(SORT_BY_NAME(.text.sorted.*))
 *(.text .stub .text.* .gnu.linkonce.t.*)
 .text          0x00000000c0001500      0x165 build/main.o
                0x00000000c0001500                main
                0x00000000c00015fa                init
 .text          0x00000000c0001665       0x46 build/init.o
                0x00000000c0001665                init_all
 .text          0x00000000c00016ab      0x47e build/interrupt.o
                0x00000000c0001a1c                intr_enable
                0x00000000c0001a45                intr_disable
                0x00000000c0001a6e                intr_set_status
                0x00000000c0001a8c                intr_get_status
                0x00000000c0001aaf                register_handler
                0x00000000c0001acb                idt_init
 .text          0x00000000c0001b29      0x214 build/timer.o
                0x00000000c0001c85                mtime_sleep
                0x00000000c0001cdd                timer_init
 *fill*         0x00000000c0001d3d        0x3 
 .text          0x00000000c0001d40      0x565 build/kernel.o
                0x00000000c0001d40                intr_exit
                0x00000000c0002281                syscall_handler
 *fill*         0x00000000c00022a5        0xb 
 .text          0x00000000c00022b0      0x1b1 build/print.o
                0x00000000c00022b0                put_str
                0x00000000c00022ce                put_char
                0x00000000c000239b                cls_screen
                0x00000000c00023da                put_int
                0x00000000c000243d                set_cursor
 .text          0x00000000c0002461       0xa5 build/debug.o
                0x00000000c0002461                panic_spin
 .text          0x00000000c0002506      0x451 build/string.o
                0x00000000c0002506                memset
                0x00000000c0002562                memcpy
                0x00000000c00025ca                memcmp
                0x00000000c000265d                strcpy
                0x00000000c00026c0                strlen
                0x00000000c000271a                strcmp
                0x00000000c00027a1                strchr
                0x00000000c0002807                strrchr
                0x00000000c0002870                strcat
                0x00000000c00028ea                strchrs
 .text          0x00000000c0002957      0x270 build/bitmap.o
                0x00000000c0002957                bitmap_init
                0x00000000c000297e                bitmap_scan_test
                0x00000000c00029c0                bitmap_scan
                0x00000000c0002b0e                bitmap_set
 .text          0x00000000c0002bc7     0x11e6 build/memory.o
                0x00000000c0002ced                pte_ptr
                0x00000000c0002d1e                pde_ptr
                0x00000000c0002ebf                malloc_page
                0x00000000c0002f89                get_kernel_pages
                0x00000000c0002fe5                get_user_pages
                0x00000000c0003041                get_a_page
                0x00000000c00031cb                addr_v2p
                0x00000000c00033bd                block_desc_init
                0x00000000c000343a                mem_init
                0x00000000c00034a3                sys_malloc
                0x00000000c00037b3                pfree
                0x00000000c00038fb                mfree_page
                0x00000000c0003ac6                sys_free
                0x00000000c0003cc7                get_a_page_without_opvaddrbitmap
                0x00000000c0003d42                free_a_phy_page
 .text          0x00000000c0003dad      0xcc8 build/thread.o
                0x00000000c0003e60                release_pid
                0x00000000c0003eb4                thread_exit
                0x00000000c0003fb7                pid2thread
                0x00000000c0003ff6                running_thread
                0x00000000c0004021                thread_create
                0x00000000c0004097                init_thread
                0x00000000c00041a3                thread_start
                0x00000000c000431e                schedule
                0x00000000c0004478                thread_block
                0x00000000c00044df                thread_yield
                0x00000000c0004565                thread_unblock
                0x00000000c000499c                sys_ps
                0x00000000c00049e9                thread_init
                0x00000000c0004a68                fork_pid
 .text          0x00000000c0004a75      0x218 build/list.o
                0x00000000c0004a75                list_init
                0x00000000c0004aa2                list_insert_before
                0x00000000c0004ae3                list_push
                0x00000000c0004b00                list_append
                0x00000000c0004b1d                list_remove
                0x00000000c0004b53                list_pop
                0x00000000c0004ba6                elem_find
                0x00000000c0004be1                list_traversal
                0x00000000c0004c3f                list_len
                0x00000000c0004c74                list_empty
 *fill*         0x00000000c0004c8d        0x3 
 .text          0x00000000c0004c90       0x15 build/switch.o
                0x00000000c0004c90                switch_to
 .text          0x00000000c0004ca5      0x347 build/sync.o
                0x00000000c0004ca5                sema_init
                0x00000000c0004cca                lock_init
                0x00000000c0004cfb                sema_down
                0x00000000c0004e0f                sema_up
                0x00000000c0004ec5                lock_acquire
                0x00000000c0004f41                lock_release
 .text          0x00000000c0004fec       0x9a build/console.o
                0x00000000c0004fec                console_init
                0x00000000c0005000                console_acquire
                0x00000000c0005014                console_release
                0x00000000c0005028                console_put_str
                0x00000000c0005045                console_put_char
                0x00000000c0005069                console_put_int
 .text          0x00000000c0005086      0x2ec build/keyboard.o
                0x00000000c0005332                keyboard_init
 .text          0x00000000c0005372      0x380 build/ioqueue.o
                0x00000000c0005372                ioqueue_init
                0x00000000c00053db                ioq_full
                0x00000000c000551d                ioq_getchar
                0x00000000c00055d4                ioq_putchar
                0x00000000c000568d                ioq_length
 .text          0x00000000c00056f2      0x1a9 build/tss.o
                0x00000000c00056f2                update_tss_esp
                0x00000000c000576d                tss_init
 .text          0x00000000c000589b      0x367 build/process.o
                0x00000000c000589b                start_process
                0x00000000c00059a1                page_dir_activate
                0x00000000c00059d1                process_activate
                0x00000000c0005a23                create_page_dir
                0x00000000c0005a94                create_user_vaddr_bitmap
                0x00000000c0005ad8                process_execute
 .text          0x00000000c0005c02      0x34a build/syscall.o
                0x00000000c0005c02                getpid
                0x00000000c0005c17                write
                0x00000000c0005c3a                malloc
                0x00000000c0005c59                free
                0x00000000c0005c75                fork
                0x00000000c0005c8a                read
                0x00000000c0005cad                getcwd
                0x00000000c0005ccf                putchar
                0x00000000c0005cf2                clear
                0x00000000c0005d04                open
                0x00000000c0005d2d                close
                0x00000000c0005d4c                lseek
                0x00000000c0005d76                unlink
                0x00000000c0005d95                mkdir
                0x00000000c0005db4                opendir
                0x00000000c0005dd3                closedir
                0x00000000c0005df2                rmdir
                0x00000000c0005e11                readdir
                0x00000000c0005e30                rewinddir
                0x00000000c0005e4c                stat
                0x00000000c0005e6e                chdir
                0x00000000c0005e8d                ps
                0x00000000c0005e9f                execv
                0x00000000c0005ec1                exit
                0x00000000c0005edd                wait
                0x00000000c0005efc                pipe
                0x00000000c0005f1b                fd_redirect
                0x00000000c0005f3a                help
 .text          0x00000000c0005f4c      0x14a build/syscall-init.o
                0x00000000c0005f4c                sys_getpid
                0x00000000c0005f5e                syscall_init
 .text          0x00000000c0006096      0x2b9 build/stdio.o
                0x00000000c000611c                vsprintf
                0x00000000c000629f                sprintf
                0x00000000c00062d3                printf
 .text          0x00000000c000634f       0x62 build/stdio-kernel.o
                0x00000000c000634f                printk
 .text          0x00000000c00063b1      0xe01 build/ide.o
                0x00000000c00066cb                ide_read
                0x00000000c000685d                ide_write
                0x00000000c0006ef3                intr_hd_handler
                0x00000000c0006fb4                ide_init
 .text          0x00000000c00071b2     0x22e4 build/fs.o
                0x00000000c00078b5                path_parse
                0x00000000c0007912                path_depth_cnt
                0x00000000c0007c3a                sys_open
                0x00000000c0007e90                fd_local2global
                0x00000000c0007ee3                sys_close
                0x00000000c0007fcf                sys_write
                0x00000000c0008113                sys_read
                0x00000000c000825a                sys_lseek
                0x00000000c0008342                sys_unlink
                0x00000000c0008563                sys_mkdir
                0x00000000c0008990                sys_opendir
                0x00000000c0008aa8                sys_closedir
                0x00000000c0008ad2                sys_readdir
                0x00000000c0008b0f                sys_rewinddir
                0x00000000c0008b1e                sys_rmdir
                0x00000000c0008ec8                sys_getcwd
                0x00000000c00090c0                sys_chdir
                0x00000000c000914e                sys_stat
                0x00000000c0009275                sys_putchar
                0x00000000c0009292                filesys_init
                0x00000000c0009482                sys_help
 .text          0x00000000c0009496     0x11f0 build/file.o
                0x00000000c0009496                get_free_slot_in_global
                0x00000000c00094e6                pcb_fd_install
                0x00000000c0009549                inode_bitmap_alloc
                0x00000000c0009597                block_bitmap_alloc
                0x00000000c00095f1                bitmap_sync
                0x00000000c000967c                file_create
                0x00000000c000994b                file_open
                0x00000000c0009a54                file_close
                0x00000000c0009a93                file_write
                0x00000000c000a2ad                file_read
 .text          0x00000000c000a686      0x80f build/inode.o
                0x00000000c000a72a                inode_sync
                0x00000000c000a89b                inode_open
                0x00000000c000a9f4                inode_close
                0x00000000c000aa65                inode_init
                0x00000000c000aab4                inode_delete
                0x00000000c000ac16                inode_release
 .text          0x00000000c000ae95      0xf1b build/dir.o
                0x00000000c000ae95                open_root_dir
                0x00000000c000aec4                dir_open
                0x00000000c000aeff                search_dir_entry
                0x00000000c000b0cf                dir_close
                0x00000000c000b0fb                create_dir_entry
                0x00000000c000b171                sync_dir_entry
                0x00000000c000b5e1                delete_dir_entry
                0x00000000c000baa8                dir_read
                0x00000000c000bcbc                dir_is_empty
                0x00000000c000bce7                dir_remove
 .text          0x00000000c000bdb0      0x56f build/fork.o
                0x00000000c000c1e9                sys_fork
 .text          0x00000000c000c31f      0x7a9 build/shell.o
                0x00000000c000c31f                print_prompt
                0x00000000c000c830                my_shell
 .text          0x00000000c000cac8       0x30 build/assert.o
                0x00000000c000cac8                user_spin
 .text          0x00000000c000caf8      0x892 build/buildin_cmd.o
                0x00000000c000cc7c                make_clear_abs_path
                0x00000000c000cd3f                buildin_pwd
                0x00000000c000cd95                buildin_cd
                0x00000000c000ce15                buildin_ls
                0x00000000c000d1a6                buildin_ps
                0x00000000c000d1c7                buildin_clear
                0x00000000c000d1e8                buildin_mkdir
                0x00000000c000d26f                buildin_rmdir
                0x00000000c000d2f6                buildin_rm
                0x00000000c000d37d                buildin_help
 .text          0x00000000c000d38a      0x36e build/exec.o
                0x00000000c000d650                sys_execv
 .text          0x00000000c000d6f8      0x408 build/wait_exit.o
                0x00000000c000d992                sys_wait
                0x00000000c000da4b                sys_exit
 .text          0x00000000c000db00      0x23e build/pipe.o
                0x00000000c000db00                is_pipe
                0x00000000c000db33                sys_pipe
                0x00000000c000dbf3                pipe_read
                0x00000000c000dc6b                pipe_write
                0x00000000c000dcf6                sys_fd_redirect
 *(.gnu.warning)

.fini
 *(SORT_NONE(.fini))
                [!provide]                        PROVIDE (__etext = .)
                [!provide]                        PROVIDE (_etext = .)
                [!provide]                        PROVIDE (etext = .)
                0x00000000c000e000                . = ALIGN (CONSTANT (MAXPAGESIZE))
                0x00000000c000e000                . = SEGMENT_START ("rodata-segment", (ALIGN (CONSTANT (MAXPAGESIZE)) + (. & (CONSTANT (MAXPAGESIZE) - 0x1))))

.rodata         0x00000000c000e000     0x2a24
 *(.rodata .rodata.* .gnu.linkonce.r.*)
 .rodata        0x00000000c000e000       0xb4 build/main.o
 .rodata        0x00000000c000e0b4        0xa build/init.o
 *fill*         0x00000000c000e0be        0x2 
 .rodata        0x00000000c000e0c0      0x2c9 build/interrupt.o
 *fill*         0x00000000c000e389        0x3 
 .rodata        0x00000000c000e38c       0x87 build/timer.o
 .rodata        0x00000000c000e413       0x3b build/debug.o
 .rodata        0x00000000c000e44e       0xa2 build/string.o
 .rodata        0x00000000c000e4f0       0x68 build/bitmap.o
 .rodata        0x00000000c000e558      0x3a5 build/memory.o
 *fill*         0x00000000c000e8fd        0x3 
 .rodata        0x00000000c000e900      0x405 build/thread.o
 *fill*         0x00000000c000ed05        0x3 
 .rodata        0x00000000c000ed08       0x3c build/list.o
 .rodata        0x00000000c000ed44      0x12f build/sync.o
 .rodata        0x00000000c000ee73       0x36 build/keyboard.o
 *fill*         0x00000000c000eea9        0x3 
 .rodata        0x00000000c000eeac       0x9d build/ioqueue.o
 .rodata        0x00000000c000ef49       0x27 build/tss.o
 .rodata        0x00000000c000ef70       0xdd build/process.o
 .rodata        0x00000000c000f04d       0x27 build/syscall-init.o
 .rodata        0x00000000c000f074      0x1ef build/ide.o
 *fill*         0x00000000c000f263        0x1 
 .rodata        0x00000000c000f264      0xa14 build/fs.o
 .rodata        0x00000000c000fc78      0x43c build/file.o
 .rodata        0x00000000c00100b4       0xbb build/inode.o
 *fill*         0x00000000c001016f        0x1 
 .rodata        0x00000000c0010170      0x203 build/dir.o
 *fill*         0x00000000c0010373        0x1 
 .rodata        0x00000000c0010374      0x142 build/fork.o
 *fill*         0x00000000c00104b6        0x2 
 .rodata        0x00000000c00104b8      0x1ae build/shell.o
 *fill*         0x00000000c0010666        0x2 
 .rodata        0x00000000c0010668       0x32 build/assert.o
 *fill*         0x00000000c001069a        0x2 
 .rodata        0x00000000c001069c      0x336 build/buildin_cmd.o
 .rodata        0x00000000c00109d2        0x8 build/exec.o
 *fill*         0x00000000c00109da        0x2 
 .rodata        0x00000000c00109dc       0x48 build/wait_exit.o

.rodata1
 *(.rodata1)

.eh_frame_hdr
 *(.eh_frame_hdr)
 *(.eh_frame_entry .eh_frame_entry.*)

.eh_frame
 *(.eh_frame)
 *(.eh_frame.*)

.gcc_except_table
 *(.gcc_except_table .gcc_except_table.*)

.gnu_extab
 *(.gnu_extab*)

.exception_ranges
 *(.exception_ranges*)
                0x00000000c0011000                . = DATA_SEGMENT_ALIGN (CONSTANT (MAXPAGESIZE), CONSTANT (COMMONPAGESIZE))

.eh_frame
 *(.eh_frame)
 *(.eh_frame.*)

.gnu_extab
 *(.gnu_extab)

.gcc_except_table
 *(.gcc_except_table .gcc_except_table.*)

.exception_ranges
 *(.exception_ranges*)

.tdata          0x00000000c0011000        0x0
                [!provide]                        PROVIDE (__tdata_start = .)
 *(.tdata .tdata.* .gnu.linkonce.td.*)

.tbss
 *(.tbss .tbss.* .gnu.linkonce.tb.*)
 *(.tcommon)

.preinit_array  0x00000000c0011000        0x0
                [!provide]                        PROVIDE (__preinit_array_start = .)
 *(.preinit_array)
                [!provide]                        PROVIDE (__preinit_array_end = .)

.init_array     0x00000000c0011000        0x0
                [!provide]                        PROVIDE (__init_array_start = .)
 *(SORT_BY_INIT_PRIORITY(.init_array.*) SORT_BY_INIT_PRIORITY(.ctors.*))
 *(.init_array EXCLUDE_FILE(*crtend?.o *crtend.o *crtbegin?.o *crtbegin.o) .ctors)
                [!provide]                        PROVIDE (__init_array_end = .)

.fini_array     0x00000000c0011000        0x0
                [!provide]                        PROVIDE (__fini_array_start = .)
 *(SORT_BY_INIT_PRIORITY(.fini_array.*) SORT_BY_INIT_PRIORITY(.dtors.*))
 *(.fini_array EXCLUDE_FILE(*crtend?.o *crtend.o *crtbegin?.o *crtbegin.o) .dtors)
                [!provide]                        PROVIDE (__fini_array_end = .)

.ctors
 *crtbegin.o(.ctors)
 *crtbegin?.o(.ctors)
 *(EXCLUDE_FILE(*crtend?.o *crtend.o) .ctors)
 *(SORT_BY_NAME(.ctors.*))
 *(.ctors)

.dtors
 *crtbegin.o(.dtors)
 *crtbegin?.o(.dtors)
 *(EXCLUDE_FILE(*crtend?.o *crtend.o) .dtors)
 *(SORT_BY_NAME(.dtors.*))
 *(.dtors)

.jcr
 *(.jcr)

.data.rel.ro
 *(.data.rel.ro.local* .gnu.linkonce.d.rel.ro.local.*)
 *(.data.rel.ro .data.rel.ro.* .gnu.linkonce.d.rel.ro.*)

.dynamic
 *(.dynamic)

.got            0x00000000c0011000        0x0
 *(.got)
 .got           0x00000000c0011000        0x0 build/main.o
 *(.igot)
                0x00000000c0011000                . = DATA_SEGMENT_RELRO_END (., (SIZEOF (.got.plt) >= 0xc)?0xc:0x0)

.got.plt        0x00000000c0011000        0x0
 *(.got.plt)
 .got.plt       0x00000000c0011000        0x0 build/main.o
 *(.igot.plt)
 .igot.plt      0x00000000c0011000        0x0 build/main.o

.data           0x00000000c0011000      0x15c
 *(.data .data.* .gnu.linkonce.d.*)
 .data          0x00000000c0011000        0x0 build/main.o
 .data          0x00000000c0011000        0x0 build/init.o
 .data          0x00000000c0011000        0x0 build/interrupt.o
 .data          0x00000000c0011000        0x0 build/timer.o
 .data          0x00000000c0011000       0xc0 build/kernel.o
                0x00000000c0011000                intr_entry_table
 .data          0x00000000c00110c0        0x8 build/print.o
 .data          0x00000000c00110c8        0x0 build/debug.o
 .data          0x00000000c00110c8        0x0 build/string.o
 .data          0x00000000c00110c8        0x0 build/bitmap.o
 .data          0x00000000c00110c8        0x0 build/memory.o
 .data          0x00000000c00110c8        0x0 build/thread.o
 .data          0x00000000c00110c8        0x0 build/list.o
 .data          0x00000000c00110c8        0x0 build/sync.o
 .data          0x00000000c00110c8        0x0 build/console.o
 *fill*         0x00000000c00110c8       0x18 
 .data          0x00000000c00110e0       0x76 build/keyboard.o
 .data          0x00000000c0011156        0x0 build/ioqueue.o
 .data          0x00000000c0011156        0x0 build/tss.o
 .data          0x00000000c0011156        0x0 build/process.o
 .data          0x00000000c0011156        0x0 build/syscall.o
 .data          0x00000000c0011156        0x0 build/syscall-init.o
 .data          0x00000000c0011156        0x0 build/stdio.o
 .data          0x00000000c0011156        0x0 build/stdio-kernel.o
 .data          0x00000000c0011156        0x0 build/ide.o
 .data          0x00000000c0011156        0x0 build/fs.o
 .data          0x00000000c0011156        0x0 build/file.o
 .data          0x00000000c0011156        0x0 build/inode.o
 .data          0x00000000c0011156        0x0 build/dir.o
 .data          0x00000000c0011156        0x0 build/fork.o
 *fill*         0x00000000c0011156        0x2 
 .data          0x00000000c0011158        0x4 build/shell.o
                0x00000000c0011158                argc
 .data          0x00000000c001115c        0x0 build/assert.o
 .data          0x00000000c001115c        0x0 build/buildin_cmd.o
 .data          0x00000000c001115c        0x0 build/exec.o
 .data          0x00000000c001115c        0x0 build/wait_exit.o
 .data          0x00000000c001115c        0x0 build/pipe.o

.data1
 *(.data1)
                0x00000000c001115c                _edata = .
                [!provide]                        PROVIDE (edata = .)
                0x00000000c001115c                . = .
                0x00000000c001115c                __bss_start = .

.bss            0x00000000c0011160     0x2ae8
 *(.dynbss)
 *(.bss .bss.* .gnu.linkonce.b.*)
 .bss           0x00000000c0011160        0x0 build/main.o
 .bss           0x00000000c0011160        0x0 build/init.o
 .bss           0x00000000c0011160      0x408 build/interrupt.o
 .bss           0x00000000c0011568        0x0 build/timer.o
 .bss           0x00000000c0011568        0x0 build/debug.o
 .bss           0x00000000c0011568        0x0 build/string.o
 .bss           0x00000000c0011568        0x0 build/bitmap.o
 .bss           0x00000000c0011568        0x0 build/memory.o
 *fill*         0x00000000c0011568       0x18 
 .bss           0x00000000c0011580       0x84 build/thread.o
                0x00000000c0011580                pid_bitmap_bits
 .bss           0x00000000c0011604        0x0 build/list.o
 .bss           0x00000000c0011604        0x0 build/sync.o
 .bss           0x00000000c0011604       0x1c build/console.o
 .bss           0x00000000c0011620       0x14 build/keyboard.o
 .bss           0x00000000c0011634        0x0 build/ioqueue.o
 *fill*         0x00000000c0011634        0xc 
 .bss           0x00000000c0011640       0x6c build/tss.o
 .bss           0x00000000c00116ac        0x0 build/process.o
 .bss           0x00000000c00116ac        0x0 build/syscall.o
 .bss           0x00000000c00116ac        0x0 build/syscall-init.o
 .bss           0x00000000c00116ac        0x0 build/stdio.o
 .bss           0x00000000c00116ac        0x0 build/stdio-kernel.o
 .bss           0x00000000c00116ac        0x6 build/ide.o
                0x00000000c00116ac                ext_lba_base
                0x00000000c00116b0                p_no
                0x00000000c00116b1                l_no
 .bss           0x00000000c00116b2        0x0 build/fs.o
 .bss           0x00000000c00116b2        0x0 build/file.o
 .bss           0x00000000c00116b2        0x0 build/inode.o
 .bss           0x00000000c00116b2        0x0 build/dir.o
 .bss           0x00000000c00116b2        0x0 build/fork.o
 *fill*         0x00000000c00116b2        0xe 
 .bss           0x00000000c00116c0      0x640 build/shell.o
                0x00000000c00116c0                final_path
                0x00000000c00118c0                cwd_cache
                0x00000000c0011ac0                argv
 .bss           0x00000000c0011d00        0x0 build/assert.o
 .bss           0x00000000c0011d00        0x0 build/buildin_cmd.o
 .bss           0x00000000c0011d00        0x0 build/exec.o
 .bss           0x00000000c0011d00        0x0 build/wait_exit.o
 .bss           0x00000000c0011d00        0x0 build/pipe.o
 *(COMMON)
 COMMON         0x00000000c0011d00      0x424 build/interrupt.o
                0x00000000c0011d00                intr_name
                0x00000000c0011f20                idt_table
 COMMON         0x00000000c0012124        0x4 build/timer.o
                0x00000000c0012124                ticks
 *fill*         0x00000000c0012128       0x18 
 COMMON         0x00000000c0012140      0x12c build/memory.o
                0x00000000c0012140                user_pool
                0x00000000c0012180                k_block_descs
                0x00000000c0012228                kernel_vaddr
                0x00000000c0012240                kernel_pool
 *fill*         0x00000000c001226c       0x14 
 COMMON         0x00000000c0012280       0x6c build/thread.o
                0x00000000c0012280                pid_pool
                0x00000000c00122a8                thread_ready_list
                0x00000000c00122b8                thread_all_list
                0x00000000c00122c8                idle_thread
                0x00000000c00122cc                main_thread
                0x00000000c00122d0                pid_lock
 *fill*         0x00000000c00122ec       0x14 
 COMMON         0x00000000c0012300      0x82c build/keyboard.o
                0x00000000c0012300                kbd_buf
 *fill*         0x00000000c0012b2c       0x14 
 COMMON         0x00000000c0012b40       0x80 build/syscall-init.o
                0x00000000c0012b40                syscall_table
 COMMON         0x00000000c0012bc0      0xcf0 build/ide.o
                0x00000000c0012bc0                channel_cnt
                0x00000000c0012be0                channels
                0x00000000c00138a0                partition_list
 COMMON         0x00000000c00138b0        0x4 build/fs.o
                0x00000000c00138b0                cur_part
 *fill*         0x00000000c00138b4        0xc 
 COMMON         0x00000000c00138c0      0x180 build/file.o
                0x00000000c00138c0                file_table
 COMMON         0x00000000c0013a40      0x208 build/dir.o
                0x00000000c0013a40                root_dir
                0x00000000c0013c48                . = ALIGN ((. != 0x0)?0x4:0x1)
                0x00000000c0013c48                . = ALIGN (0x4)
                0x00000000c0013c48                . = SEGMENT_START ("ldata-segment", .)
                0x00000000c0013c48                . = ALIGN (0x4)
                0x00000000c0013c48                _end = .
                [!provide]                        PROVIDE (end = .)
                0x00000000c0013c48                . = DATA_SEGMENT_END (.)

.stab
 *(.stab)

.stabstr
 *(.stabstr)

.stab.excl
 *(.stab.excl)

.stab.exclstr
 *(.stab.exclstr)

.stab.index
 *(.stab.index)

.stab.indexstr
 *(.stab.indexstr)

.comment        0x0000000000000000       0x2a
 *(.comment)
 .comment       0x0000000000000000       0x2a build/main.o
                                         0x2b (size before relaxing)
 .comment       0x000000000000002a       0x2b build/init.o
 .comment       0x000000000000002a       0x2b build/interrupt.o
 .comment       0x000000000000002a       0x2b build/timer.o
 .comment       0x000000000000002a       0x2b build/debug.o
 .comment       0x000000000000002a       0x2b build/string.o
 .comment       0x000000000000002a       0x2b build/bitmap.o
 .comment       0x000000000000002a       0x2b build/memory.o
 .comment       0x000000000000002a       0x2b build/thread.o
 .comment       0x000000000000002a       0x2b build/list.o
 .comment       0x000000000000002a       0x2b build/sync.o
 .comment       0x000000000000002a       0x2b build/console.o
 .comment       0x000000000000002a       0x2b build/keyboard.o
 .comment       0x000000000000002a       0x2b build/ioqueue.o
 .comment       0x000000000000002a       0x2b build/tss.o
 .comment       0x000000000000002a       0x2b build/process.o
 .comment       0x000000000000002a       0x2b build/syscall.o
 .comment       0x000000000000002a       0x2b build/syscall-init.o
 .comment       0x000000000000002a       0x2b build/stdio.o
 .comment       0x000000000000002a       0x2b build/stdio-kernel.o
 .comment       0x000000000000002a       0x2b build/ide.o
 .comment       0x000000000000002a       0x2b build/fs.o
 .comment       0x000000000000002a       0x2b build/file.o
 .comment       0x000000000000002a       0x2b build/inode.o
 .comment       0x000000000000002a       0x2b build/dir.o
 .comment       0x000000000000002a       0x2b build/fork.o
 .comment       0x000000000000002a       0x2b build/shell.o
 .comment       0x000000000000002a       0x2b build/assert.o
 .comment       0x000000000000002a       0x2b build/buildin_cmd.o
 .comment       0x000000000000002a       0x2b build/exec.o
 .comment       0x000000000000002a       0x2b build/wait_exit.o
 .comment       0x000000000000002a       0x2b build/pipe.o

.gnu.build.attributes
 *(.gnu.build.attributes .gnu.build.attributes.*)

.debug
 *(.debug)

.line
 *(.line)

.debug_srcinfo
 *(.debug_srcinfo)

.debug_sfnames
 *(.debug_sfnames)

.debug_aranges
 *(.debug_aranges)

.debug_pubnames
 *(.debug_pubnames)

.debug_info
 *(.debug_info .gnu.linkonce.wi.*)

.debug_abbrev
 *(.debug_abbrev)

.debug_line
 *(.debug_line .debug_line.* .debug_line_end)

.debug_frame
 *(.debug_frame)

.debug_str
 *(.debug_str)

.debug_loc
 *(.debug_loc)

.debug_macinfo
 *(.debug_macinfo)

.debug_weaknames
 *(.debug_weaknames)

.debug_funcnames
 *(.debug_funcnames)

.debug_typenames
 *(.debug_typenames)

.debug_varnames
 *(.debug_varnames)

.debug_pubtypes
 *(.debug_pubtypes)

.debug_ranges
 *(.debug_ranges)

.debug_macro
 *(.debug_macro)

.debug_addr
 *(.debug_addr)

.gnu.attributes
 *(.gnu.attributes)

/DISCARD/
 *(.note.GNU-stack)
 *(.gnu_debuglink)
 *(.gnu.lto_*)
OUTPUT(build/kernel.bin elf32-i386)
