
Allocating common symbols
Common symbol       size              file

kbd_buf             0x6c              build/keyboard.o
root_dir            0x208             build/dir.o
thread_ready_list   0x10              build/thread.o
thread_all_list     0x10              build/thread.o
user_pool           0x2c              build/memory.o
channel_cnt         0x1               build/ide.o
cur_part            0x4               build/fs.o
k_block_descs       0xa8              build/memory.o
idle_thread         0x4               build/thread.o
intr_name           0x204             build/interrupt.o
main_thread         0x4               build/thread.o
channels            0xcc0             build/ide.o
ticks               0x4               build/timer.o
kernel_vaddr        0xc               build/memory.o
syscall_table       0x80              build/syscall-init.o
idt_table           0x204             build/interrupt.o
file_table          0x180             build/file.o
partition_list      0x10              build/ide.o
kernel_pool         0x2c              build/memory.o
pid_lock            0x1c              build/thread.o

Discarded input sections

 .note.GNU-stack
                0x0000000000000000        0x0 build/main.o
 .note.GNU-stack
                0x0000000000000000        0x0 build/init.o
 .note.GNU-stack
                0x0000000000000000        0x0 build/interrupt.o
 .note.GNU-stack
                0x0000000000000000        0x0 build/timer.o
 .note.GNU-stack
                0x0000000000000000        0x0 build/debug.o
 .note.GNU-stack
                0x0000000000000000        0x0 build/string.o
 .note.GNU-stack
                0x0000000000000000        0x0 build/bitmap.o
 .note.GNU-stack
                0x0000000000000000        0x0 build/memory.o
 .note.GNU-stack
                0x0000000000000000        0x0 build/thread.o
 .note.GNU-stack
                0x0000000000000000        0x0 build/list.o
 .note.GNU-stack
                0x0000000000000000        0x0 build/sync.o
 .note.GNU-stack
                0x0000000000000000        0x0 build/console.o
 .note.GNU-stack
                0x0000000000000000        0x0 build/keyboard.o
 .note.GNU-stack
                0x0000000000000000        0x0 build/ioqueue.o
 .note.GNU-stack
                0x0000000000000000        0x0 build/tss.o
 .note.GNU-stack
                0x0000000000000000        0x0 build/process.o
 .note.GNU-stack
                0x0000000000000000        0x0 build/syscall.o
 .note.GNU-stack
                0x0000000000000000        0x0 build/syscall-init.o
 .note.GNU-stack
                0x0000000000000000        0x0 build/stdio.o
 .note.GNU-stack
                0x0000000000000000        0x0 build/stdio-kernel.o
 .note.GNU-stack
                0x0000000000000000        0x0 build/ide.o
 .note.GNU-stack
                0x0000000000000000        0x0 build/fs.o
 .note.GNU-stack
                0x0000000000000000        0x0 build/file.o
 .note.GNU-stack
                0x0000000000000000        0x0 build/inode.o
 .note.GNU-stack
                0x0000000000000000        0x0 build/dir.o

Memory Configuration

Name             Origin             Length             Attributes
*default*        0x0000000000000000 0xffffffffffffffff

Linker script and memory map

Address of section .text set to 0xc0001500
LOAD build/main.o
LOAD build/init.o
LOAD build/interrupt.o
LOAD build/timer.o
LOAD build/kernel.o
LOAD build/print.o
LOAD build/debug.o
LOAD build/string.o
LOAD build/bitmap.o
LOAD build/memory.o
LOAD build/thread.o
LOAD build/list.o
LOAD build/switch.o
LOAD build/sync.o
LOAD build/console.o
LOAD build/keyboard.o
LOAD build/ioqueue.o
LOAD build/tss.o
LOAD build/process.o
LOAD build/syscall.o
LOAD build/syscall-init.o
LOAD build/stdio.o
LOAD build/stdio-kernel.o
LOAD build/ide.o
LOAD build/fs.o
LOAD build/file.o
LOAD build/inode.o
LOAD build/dir.o
                [!provide]                        PROVIDE (__executable_start = SEGMENT_START ("text-segment", 0x8048000))
                0x00000000080480d4                . = (SEGMENT_START ("text-segment", 0x8048000) + SIZEOF_HEADERS)

.interp
 *(.interp)

.note.gnu.build-id
 *(.note.gnu.build-id)

.hash
 *(.hash)

.gnu.hash
 *(.gnu.hash)

.dynsym
 *(.dynsym)

.dynstr
 *(.dynstr)

.gnu.version
 *(.gnu.version)

.gnu.version_d
 *(.gnu.version_d)

.gnu.version_r
 *(.gnu.version_r)

.rel.dyn        0x00000000080480d4        0x0
 *(.rel.init)
 *(.rel.text .rel.text.* .rel.gnu.linkonce.t.*)
 .rel.text      0x00000000080480d4        0x0 build/main.o
 *(.rel.fini)
 *(.rel.rodata .rel.rodata.* .rel.gnu.linkonce.r.*)
 *(.rel.data.rel.ro .rel.data.rel.ro.* .rel.gnu.linkonce.d.rel.ro.*)
 *(.rel.data .rel.data.* .rel.gnu.linkonce.d.*)
 *(.rel.tdata .rel.tdata.* .rel.gnu.linkonce.td.*)
 *(.rel.tbss .rel.tbss.* .rel.gnu.linkonce.tb.*)
 *(.rel.ctors)
 *(.rel.dtors)
 *(.rel.got)
 .rel.got       0x00000000080480d4        0x0 build/main.o
 *(.rel.bss .rel.bss.* .rel.gnu.linkonce.b.*)
 *(.rel.ifunc)

.rel.plt        0x00000000080480d4        0x0
 *(.rel.plt)
                [!provide]                        PROVIDE (__rel_iplt_start = .)
 *(.rel.iplt)
 .rel.iplt      0x00000000080480d4        0x0 build/main.o
                [!provide]                        PROVIDE (__rel_iplt_end = .)
                0x0000000008049000                . = ALIGN (CONSTANT (MAXPAGESIZE))

.init
 *(SORT_NONE(.init))

.plt            0x0000000008049000        0x0
 *(.plt)
 *(.iplt)
 .iplt          0x0000000008049000        0x0 build/main.o

.plt.got
 *(.plt.got)

.plt.sec
 *(.plt.sec)

.text           0x00000000c0001500     0x9ccf
 *(.text.unlikely .text.*_unlikely .text.unlikely.*)
 *(.text.exit .text.exit.*)
 *(.text.startup .text.startup.*)
 *(.text.hot .text.hot.*)
 *(SORT_BY_NAME(.text.sorted.*))
 *(.text .stub .text.* .gnu.linkonce.t.*)
 .text          0x00000000c0001500      0x347 build/main.o
                0x00000000c0001500                main
                0x00000000c00015b3                k_thread_a
                0x00000000c0001670                k_thread_b
                0x00000000c000172d                u_prog_a
                0x00000000c00017ba                u_prog_b
 .text          0x00000000c0001847       0x46 build/init.o
                0x00000000c0001847                init_all
 .text          0x00000000c000188d      0x47e build/interrupt.o
                0x00000000c0001bfe                intr_enable
                0x00000000c0001c27                intr_disable
                0x00000000c0001c50                intr_set_status
                0x00000000c0001c6e                intr_get_status
                0x00000000c0001c91                register_handler
                0x00000000c0001cad                idt_init
 .text          0x00000000c0001d0b      0x214 build/timer.o
                0x00000000c0001e67                mtime_sleep
                0x00000000c0001ebf                timer_init
 *fill*         0x00000000c0001f1f        0x1 
 .text          0x00000000c0001f20      0x565 build/kernel.o
                0x00000000c0001f20                intr_exit
                0x00000000c0002461                syscall_handler
 *fill*         0x00000000c0002485        0xb 
 .text          0x00000000c0002490      0x172 build/print.o
                0x00000000c0002490                put_str
                0x00000000c00024ae                put_char
                0x00000000c000257b                put_int
                0x00000000c00025de                set_cursor
 .text          0x00000000c0002602       0xa5 build/debug.o
                0x00000000c0002602                panic_spin
 .text          0x00000000c00026a7      0x451 build/string.o
                0x00000000c00026a7                memset
                0x00000000c0002703                memcpy
                0x00000000c000276b                memcmp
                0x00000000c00027fe                strcpy
                0x00000000c0002861                strlen
                0x00000000c00028bb                strcmp
                0x00000000c0002942                strchr
                0x00000000c00029a8                strrchr
                0x00000000c0002a11                strcat
                0x00000000c0002a8b                strchrs
 .text          0x00000000c0002af8      0x270 build/bitmap.o
                0x00000000c0002af8                bitmap_init
                0x00000000c0002b1f                bitmap_scan_test
                0x00000000c0002b61                bitmap_scan
                0x00000000c0002caf                bitmap_set
 .text          0x00000000c0002d68     0x10d4 build/memory.o
                0x00000000c0002e8e                pte_ptr
                0x00000000c0002ebf                pde_ptr
                0x00000000c0003060                malloc_page
                0x00000000c000312a                get_kernel_pages
                0x00000000c000316e                get_user_pages
                0x00000000c00031c4                get_a_page
                0x00000000c0003340                addr_v2p
                0x00000000c0003532                block_desc_init
                0x00000000c00035af                mem_init
                0x00000000c0003618                sys_malloc
                0x00000000c0003928                pfree
                0x00000000c0003a70                mfree_page
                0x00000000c0003c3b                sys_free
 .text          0x00000000c0003e3c      0x6e6 build/thread.o
                0x00000000c0003e89                running_thread
                0x00000000c0003eb4                thread_create
                0x00000000c0003f2a                init_thread
                0x00000000c0004021                thread_start
                0x00000000c000419c                schedule
                0x00000000c00042b8                thread_block
                0x00000000c000431f                thread_yield
                0x00000000c00043a5                thread_unblock
                0x00000000c00044b0                thread_init
 .text          0x00000000c0004522      0x218 build/list.o
                0x00000000c0004522                list_init
                0x00000000c000454f                list_insert_before
                0x00000000c0004590                list_push
                0x00000000c00045ad                list_append
                0x00000000c00045ca                list_remove
                0x00000000c0004600                list_pop
                0x00000000c0004653                elem_find
                0x00000000c000468e                list_traversal
                0x00000000c00046ec                list_len
                0x00000000c0004721                list_empty
 *fill*         0x00000000c000473a        0x6 
 .text          0x00000000c0004740       0x15 build/switch.o
                0x00000000c0004740                switch_to
 .text          0x00000000c0004755      0x347 build/sync.o
                0x00000000c0004755                sema_init
                0x00000000c000477a                lock_init
                0x00000000c00047ab                sema_down
                0x00000000c00048bf                sema_up
                0x00000000c0004975                lock_acquire
                0x00000000c00049f1                lock_release
 .text          0x00000000c0004a9c       0x9a build/console.o
                0x00000000c0004a9c                console_init
                0x00000000c0004ab0                console_acquire
                0x00000000c0004ac4                console_release
                0x00000000c0004ad8                console_put_str
                0x00000000c0004af5                console_put_char
                0x00000000c0004b19                console_put_int
 .text          0x00000000c0004b36      0x2ca build/keyboard.o
                0x00000000c0004dc0                keyboard_init
 .text          0x00000000c0004e00      0x2f1 build/ioqueue.o
                0x00000000c0004e00                ioqueue_init
                0x00000000c0004e5d                ioq_full
                0x00000000c0004eae                ioq_empty
                0x00000000c0004f93                ioq_getchar
                0x00000000c0005041                ioq_putchar
 .text          0x00000000c00050f1      0x1a9 build/tss.o
                0x00000000c00050f1                update_tss_esp
                0x00000000c000516c                tss_init
 .text          0x00000000c000529a      0x367 build/process.o
                0x00000000c000529a                start_process
                0x00000000c00053a0                page_dir_activate
                0x00000000c00053d0                process_activate
                0x00000000c0005422                create_page_dir
                0x00000000c0005493                create_user_vaddr_bitmap
                0x00000000c00054d7                process_execute
 .text          0x00000000c0005601       0x73 build/syscall.o
                0x00000000c0005601                getpid
                0x00000000c0005616                write
                0x00000000c0005639                malloc
                0x00000000c0005658                free
 .text          0x00000000c0005674       0x5a build/syscall-init.o
                0x00000000c0005674                sys_getpid
                0x00000000c0005686                syscall_init
 .text          0x00000000c00056ce      0x2b9 build/stdio.o
                0x00000000c0005754                vsprintf
                0x00000000c00058d7                sprintf
                0x00000000c000590b                printf
 .text          0x00000000c0005987       0x62 build/stdio-kernel.o
                0x00000000c0005987                printk
 .text          0x00000000c00059e9      0xdfd build/ide.o
                0x00000000c0005d03                ide_read
                0x00000000c0005e95                ide_write
                0x00000000c0006027                intr_hd_handler
                0x00000000c00065ec                ide_init
 .text          0x00000000c00067e6     0x20c5 build/fs.o
                0x00000000c0006ebd                filesys_init
                0x00000000c000710a                path_depth_cnt
                0x00000000c0007432                sys_open
                0x00000000c00076db                sys_close
                0x00000000c0007730                sys_write
                0x00000000c000781a                sys_read
                0x00000000c000789b                sys_lseek
                0x00000000c0007983                sys_unlink
                0x00000000c0007ba4                sys_mkdir
                0x00000000c0007fd1                sys_opendir
                0x00000000c00080e9                sys_closedir
                0x00000000c0008113                sys_readdir
                0x00000000c0008150                sys_rewinddir
                0x00000000c000815f                sys_rmdir
                0x00000000c0008509                sys_getcwd
                0x00000000c00086f6                sys_chdir
                0x00000000c0008784                sys_stat
 .text          0x00000000c00088ab     0x11fa build/file.o
                0x00000000c00088ab                get_free_slot_in_global
                0x00000000c00088fb                pcb_fd_install
                0x00000000c000895e                inode_bitmap_alloc
                0x00000000c00089ac                block_bitmap_alloc
                0x00000000c0008a06                bitmap_sync
                0x00000000c0008a91                file_create
                0x00000000c0008d60                file_open
                0x00000000c0008e69                file_close
                0x00000000c0008ea8                file_write
                0x00000000c00096c2                file_read
 .text          0x00000000c0009aa5      0x80f build/inode.o
                0x00000000c0009b49                inode_sync
                0x00000000c0009cba                inode_open
                0x00000000c0009e13                inode_close
                0x00000000c0009e84                inode_init
                0x00000000c0009ed3                inode_delete
                0x00000000c000a035                inode_release
 .text          0x00000000c000a2b4      0xf1b build/dir.o
                0x00000000c000a2b4                open_root_dir
                0x00000000c000a2e3                dir_open
                0x00000000c000a31e                search_dir_entry
                0x00000000c000a4ee                dir_close
                0x00000000c000a51a                create_dir_entry
                0x00000000c000a590                sync_dir_entry
                0x00000000c000aa00                delete_dir_entry
                0x00000000c000aec7                dir_read
                0x00000000c000b0db                dir_is_empty
                0x00000000c000b106                dir_remove
 *(.gnu.warning)

.fini
 *(SORT_NONE(.fini))
                [!provide]                        PROVIDE (__etext = .)
                [!provide]                        PROVIDE (_etext = .)
                [!provide]                        PROVIDE (etext = .)
                0x00000000c000c000                . = ALIGN (CONSTANT (MAXPAGESIZE))
                0x00000000c000c000                . = SEGMENT_START ("rodata-segment", (ALIGN (CONSTANT (MAXPAGESIZE)) + (. & (CONSTANT (MAXPAGESIZE) - 0x1))))

.rodata         0x00000000c000c000     0x213b
 *(.rodata .rodata.* .gnu.linkonce.r.*)
 .rodata        0x00000000c000c000      0x108 build/main.o
 .rodata        0x00000000c000c108        0xa build/init.o
 *fill*         0x00000000c000c112        0x2 
 .rodata        0x00000000c000c114      0x2c9 build/interrupt.o
 *fill*         0x00000000c000c3dd        0x3 
 .rodata        0x00000000c000c3e0       0x87 build/timer.o
 .rodata        0x00000000c000c467       0x3b build/debug.o
 .rodata        0x00000000c000c4a2       0xa2 build/string.o
 .rodata        0x00000000c000c544       0x68 build/bitmap.o
 .rodata        0x00000000c000c5ac      0x399 build/memory.o
 *fill*         0x00000000c000c945        0x3 
 .rodata        0x00000000c000c948      0x2ec build/thread.o
 .rodata        0x00000000c000cc34       0x3c build/list.o
 .rodata        0x00000000c000cc70      0x12f build/sync.o
 .rodata        0x00000000c000cd9f       0x38 build/keyboard.o
 *fill*         0x00000000c000cdd7        0x1 
 .rodata        0x00000000c000cdd8       0x9d build/ioqueue.o
 .rodata        0x00000000c000ce75       0x27 build/tss.o
 .rodata        0x00000000c000ce9c       0xdd build/process.o
 .rodata        0x00000000c000cf79       0x27 build/syscall-init.o
 .rodata        0x00000000c000cfa0      0x1ec build/ide.o
 .rodata        0x00000000c000d18c      0x8b2 build/fs.o
 *fill*         0x00000000c000da3e        0x2 
 .rodata        0x00000000c000da40      0x43c build/file.o
 .rodata        0x00000000c000de7c       0xbb build/inode.o
 *fill*         0x00000000c000df37        0x1 
 .rodata        0x00000000c000df38      0x203 build/dir.o

.rodata1
 *(.rodata1)

.eh_frame_hdr
 *(.eh_frame_hdr)
 *(.eh_frame_entry .eh_frame_entry.*)

.eh_frame
 *(.eh_frame)
 *(.eh_frame.*)

.gcc_except_table
 *(.gcc_except_table .gcc_except_table.*)

.gnu_extab
 *(.gnu_extab*)

.exception_ranges
 *(.exception_ranges*)
                0x00000000c000f13b                . = DATA_SEGMENT_ALIGN (CONSTANT (MAXPAGESIZE), CONSTANT (COMMONPAGESIZE))

.eh_frame
 *(.eh_frame)
 *(.eh_frame.*)

.gnu_extab
 *(.gnu_extab)

.gcc_except_table
 *(.gcc_except_table .gcc_except_table.*)

.exception_ranges
 *(.exception_ranges*)

.tdata          0x00000000c000f13b        0x0
                [!provide]                        PROVIDE (__tdata_start = .)
 *(.tdata .tdata.* .gnu.linkonce.td.*)

.tbss
 *(.tbss .tbss.* .gnu.linkonce.tb.*)
 *(.tcommon)

.preinit_array  0x00000000c000f13b        0x0
                [!provide]                        PROVIDE (__preinit_array_start = .)
 *(.preinit_array)
                [!provide]                        PROVIDE (__preinit_array_end = .)

.init_array     0x00000000c000f13b        0x0
                [!provide]                        PROVIDE (__init_array_start = .)
 *(SORT_BY_INIT_PRIORITY(.init_array.*) SORT_BY_INIT_PRIORITY(.ctors.*))
 *(.init_array EXCLUDE_FILE(*crtend?.o *crtend.o *crtbegin?.o *crtbegin.o) .ctors)
                [!provide]                        PROVIDE (__init_array_end = .)

.fini_array     0x00000000c000f13b        0x0
                [!provide]                        PROVIDE (__fini_array_start = .)
 *(SORT_BY_INIT_PRIORITY(.fini_array.*) SORT_BY_INIT_PRIORITY(.dtors.*))
 *(.fini_array EXCLUDE_FILE(*crtend?.o *crtend.o *crtbegin?.o *crtbegin.o) .dtors)
                [!provide]                        PROVIDE (__fini_array_end = .)

.ctors
 *crtbegin.o(.ctors)
 *crtbegin?.o(.ctors)
 *(EXCLUDE_FILE(*crtend?.o *crtend.o) .ctors)
 *(SORT_BY_NAME(.ctors.*))
 *(.ctors)

.dtors
 *crtbegin.o(.dtors)
 *crtbegin?.o(.dtors)
 *(EXCLUDE_FILE(*crtend?.o *crtend.o) .dtors)
 *(SORT_BY_NAME(.dtors.*))
 *(.dtors)

.jcr
 *(.jcr)

.data.rel.ro
 *(.data.rel.ro.local* .gnu.linkonce.d.rel.ro.local.*)
 *(.data.rel.ro .data.rel.ro.* .gnu.linkonce.d.rel.ro.*)

.dynamic
 *(.dynamic)

.got            0x00000000c000f13c        0x0
 *(.got)
 .got           0x00000000c000f13c        0x0 build/main.o
 *(.igot)
                0x00000000c000f13c                . = DATA_SEGMENT_RELRO_END (., (SIZEOF (.got.plt) >= 0xc)?0xc:0x0)

.got.plt        0x00000000c000f13c        0x0
 *(.got.plt)
 .got.plt       0x00000000c000f13c        0x0 build/main.o
 *(.igot.plt)
 .igot.plt      0x00000000c000f13c        0x0 build/main.o

.data           0x00000000c000f140      0x156
 *(.data .data.* .gnu.linkonce.d.*)
 .data          0x00000000c000f140        0x0 build/main.o
 .data          0x00000000c000f140        0x0 build/init.o
 .data          0x00000000c000f140        0x0 build/interrupt.o
 .data          0x00000000c000f140        0x0 build/timer.o
 .data          0x00000000c000f140       0xc0 build/kernel.o
                0x00000000c000f140                intr_entry_table
 .data          0x00000000c000f200        0x8 build/print.o
 .data          0x00000000c000f208        0x0 build/debug.o
 .data          0x00000000c000f208        0x0 build/string.o
 .data          0x00000000c000f208        0x0 build/bitmap.o
 .data          0x00000000c000f208        0x0 build/memory.o
 .data          0x00000000c000f208        0x0 build/thread.o
 .data          0x00000000c000f208        0x0 build/list.o
 .data          0x00000000c000f208        0x0 build/sync.o
 .data          0x00000000c000f208        0x0 build/console.o
 *fill*         0x00000000c000f208       0x18 
 .data          0x00000000c000f220       0x76 build/keyboard.o
 .data          0x00000000c000f296        0x0 build/ioqueue.o
 .data          0x00000000c000f296        0x0 build/tss.o
 .data          0x00000000c000f296        0x0 build/process.o
 .data          0x00000000c000f296        0x0 build/syscall.o
 .data          0x00000000c000f296        0x0 build/syscall-init.o
 .data          0x00000000c000f296        0x0 build/stdio.o
 .data          0x00000000c000f296        0x0 build/stdio-kernel.o
 .data          0x00000000c000f296        0x0 build/ide.o
 .data          0x00000000c000f296        0x0 build/fs.o
 .data          0x00000000c000f296        0x0 build/file.o
 .data          0x00000000c000f296        0x0 build/inode.o
 .data          0x00000000c000f296        0x0 build/dir.o

.data1
 *(.data1)
                0x00000000c000f296                _edata = .
                [!provide]                        PROVIDE (edata = .)
                0x00000000c000f296                . = .
                0x00000000c000f296                __bss_start = .

.bss            0x00000000c000f2a0     0x1c28
 *(.dynbss)
 *(.bss .bss.* .gnu.linkonce.b.*)
 .bss           0x00000000c000f2a0        0x8 build/main.o
                0x00000000c000f2a0                prog_a_pid
                0x00000000c000f2a4                prog_b_pid
 .bss           0x00000000c000f2a8        0x0 build/init.o
 *fill*         0x00000000c000f2a8       0x18 
 .bss           0x00000000c000f2c0      0x408 build/interrupt.o
 .bss           0x00000000c000f6c8        0x0 build/timer.o
 .bss           0x00000000c000f6c8        0x0 build/debug.o
 .bss           0x00000000c000f6c8        0x0 build/string.o
 .bss           0x00000000c000f6c8        0x0 build/bitmap.o
 .bss           0x00000000c000f6c8        0x0 build/memory.o
 .bss           0x00000000c000f6c8        0x6 build/thread.o
 .bss           0x00000000c000f6ce        0x0 build/list.o
 .bss           0x00000000c000f6ce        0x0 build/sync.o
 *fill*         0x00000000c000f6ce        0x2 
 .bss           0x00000000c000f6d0       0x1c build/console.o
 .bss           0x00000000c000f6ec       0x14 build/keyboard.o
 .bss           0x00000000c000f700        0x0 build/ioqueue.o
 .bss           0x00000000c000f700       0x6c build/tss.o
 .bss           0x00000000c000f76c        0x0 build/process.o
 .bss           0x00000000c000f76c        0x0 build/syscall.o
 .bss           0x00000000c000f76c        0x0 build/syscall-init.o
 .bss           0x00000000c000f76c        0x0 build/stdio.o
 .bss           0x00000000c000f76c        0x0 build/stdio-kernel.o
 .bss           0x00000000c000f76c        0x6 build/ide.o
                0x00000000c000f76c                ext_lba_base
                0x00000000c000f770                p_no
                0x00000000c000f771                l_no
 .bss           0x00000000c000f772        0x0 build/fs.o
 .bss           0x00000000c000f772        0x0 build/file.o
 .bss           0x00000000c000f772        0x0 build/inode.o
 .bss           0x00000000c000f772        0x0 build/dir.o
 *(COMMON)
 *fill*         0x00000000c000f772        0xe 
 COMMON         0x00000000c000f780      0x424 build/interrupt.o
                0x00000000c000f780                intr_name
                0x00000000c000f9a0                idt_table
 COMMON         0x00000000c000fba4        0x4 build/timer.o
                0x00000000c000fba4                ticks
 *fill*         0x00000000c000fba8       0x18 
 COMMON         0x00000000c000fbc0      0x12c build/memory.o
                0x00000000c000fbc0                user_pool
                0x00000000c000fc00                k_block_descs
                0x00000000c000fca8                kernel_vaddr
                0x00000000c000fcc0                kernel_pool
 COMMON         0x00000000c000fcec       0x44 build/thread.o
                0x00000000c000fcec                thread_ready_list
                0x00000000c000fcfc                thread_all_list
                0x00000000c000fd0c                idle_thread
                0x00000000c000fd10                main_thread
                0x00000000c000fd14                pid_lock
 *fill*         0x00000000c000fd30       0x10 
 COMMON         0x00000000c000fd40       0x6c build/keyboard.o
                0x00000000c000fd40                kbd_buf
 *fill*         0x00000000c000fdac       0x14 
 COMMON         0x00000000c000fdc0       0x80 build/syscall-init.o
                0x00000000c000fdc0                syscall_table
 COMMON         0x00000000c000fe40      0xcf0 build/ide.o
                0x00000000c000fe40                channel_cnt
                0x00000000c000fe60                channels
                0x00000000c0010b20                partition_list
 COMMON         0x00000000c0010b30        0x4 build/fs.o
                0x00000000c0010b30                cur_part
 *fill*         0x00000000c0010b34        0xc 
 COMMON         0x00000000c0010b40      0x180 build/file.o
                0x00000000c0010b40                file_table
 COMMON         0x00000000c0010cc0      0x208 build/dir.o
                0x00000000c0010cc0                root_dir
                0x00000000c0010ec8                . = ALIGN ((. != 0x0)?0x4:0x1)
                0x00000000c0010ec8                . = ALIGN (0x4)
                0x00000000c0010ec8                . = SEGMENT_START ("ldata-segment", .)
                0x00000000c0010ec8                . = ALIGN (0x4)
                0x00000000c0010ec8                _end = .
                [!provide]                        PROVIDE (end = .)
                0x00000000c0010ec8                . = DATA_SEGMENT_END (.)

.stab
 *(.stab)

.stabstr
 *(.stabstr)

.stab.excl
 *(.stab.excl)

.stab.exclstr
 *(.stab.exclstr)

.stab.index
 *(.stab.index)

.stab.indexstr
 *(.stab.indexstr)

.comment        0x0000000000000000       0x2a
 *(.comment)
 .comment       0x0000000000000000       0x2a build/main.o
                                         0x2b (size before relaxing)
 .comment       0x000000000000002a       0x2b build/init.o
 .comment       0x000000000000002a       0x2b build/interrupt.o
 .comment       0x000000000000002a       0x2b build/timer.o
 .comment       0x000000000000002a       0x2b build/debug.o
 .comment       0x000000000000002a       0x2b build/string.o
 .comment       0x000000000000002a       0x2b build/bitmap.o
 .comment       0x000000000000002a       0x2b build/memory.o
 .comment       0x000000000000002a       0x2b build/thread.o
 .comment       0x000000000000002a       0x2b build/list.o
 .comment       0x000000000000002a       0x2b build/sync.o
 .comment       0x000000000000002a       0x2b build/console.o
 .comment       0x000000000000002a       0x2b build/keyboard.o
 .comment       0x000000000000002a       0x2b build/ioqueue.o
 .comment       0x000000000000002a       0x2b build/tss.o
 .comment       0x000000000000002a       0x2b build/process.o
 .comment       0x000000000000002a       0x2b build/syscall.o
 .comment       0x000000000000002a       0x2b build/syscall-init.o
 .comment       0x000000000000002a       0x2b build/stdio.o
 .comment       0x000000000000002a       0x2b build/stdio-kernel.o
 .comment       0x000000000000002a       0x2b build/ide.o
 .comment       0x000000000000002a       0x2b build/fs.o
 .comment       0x000000000000002a       0x2b build/file.o
 .comment       0x000000000000002a       0x2b build/inode.o
 .comment       0x000000000000002a       0x2b build/dir.o

.gnu.build.attributes
 *(.gnu.build.attributes .gnu.build.attributes.*)

.debug
 *(.debug)

.line
 *(.line)

.debug_srcinfo
 *(.debug_srcinfo)

.debug_sfnames
 *(.debug_sfnames)

.debug_aranges
 *(.debug_aranges)

.debug_pubnames
 *(.debug_pubnames)

.debug_info
 *(.debug_info .gnu.linkonce.wi.*)

.debug_abbrev
 *(.debug_abbrev)

.debug_line
 *(.debug_line .debug_line.* .debug_line_end)

.debug_frame
 *(.debug_frame)

.debug_str
 *(.debug_str)

.debug_loc
 *(.debug_loc)

.debug_macinfo
 *(.debug_macinfo)

.debug_weaknames
 *(.debug_weaknames)

.debug_funcnames
 *(.debug_funcnames)

.debug_typenames
 *(.debug_typenames)

.debug_varnames
 *(.debug_varnames)

.debug_pubtypes
 *(.debug_pubtypes)

.debug_ranges
 *(.debug_ranges)

.debug_macro
 *(.debug_macro)

.debug_addr
 *(.debug_addr)

.gnu.attributes
 *(.gnu.attributes)

/DISCARD/
 *(.note.GNU-stack)
 *(.gnu_debuglink)
 *(.gnu.lto_*)
OUTPUT(build/kernel.bin elf32-i386)
