
Allocating common symbols
Common symbol       size              file

kbd_buf             0x6c              build/keyboard.o
thread_ready_list   0x10              build/thread.o
thread_all_list     0x10              build/thread.o
user_pool           0x2c              build/memory.o
intr_name           0xc0              build/interrupt.o
main_thread         0x4               build/thread.o
ticks               0x4               build/timer.o
kernel_vaddr        0xc               build/memory.o
idt_table           0xc0              build/interrupt.o
kernel_pool         0x2c              build/memory.o

Discarded input sections

 .note.GNU-stack
                0x0000000000000000        0x0 build/main.o
 .note.GNU-stack
                0x0000000000000000        0x0 build/init.o
 .note.GNU-stack
                0x0000000000000000        0x0 build/interrupt.o
 .note.GNU-stack
                0x0000000000000000        0x0 build/timer.o
 .note.GNU-stack
                0x0000000000000000        0x0 build/debug.o
 .note.GNU-stack
                0x0000000000000000        0x0 build/string.o
 .note.GNU-stack
                0x0000000000000000        0x0 build/bitmap.o
 .note.GNU-stack
                0x0000000000000000        0x0 build/memory.o
 .note.GNU-stack
                0x0000000000000000        0x0 build/thread.o
 .note.GNU-stack
                0x0000000000000000        0x0 build/list.o
 .note.GNU-stack
                0x0000000000000000        0x0 build/sync.o
 .note.GNU-stack
                0x0000000000000000        0x0 build/console.o
 .note.GNU-stack
                0x0000000000000000        0x0 build/keyboard.o
 .note.GNU-stack
                0x0000000000000000        0x0 build/ioqueue.o
 .note.GNU-stack
                0x0000000000000000        0x0 build/tss.o
 .note.GNU-stack
                0x0000000000000000        0x0 build/process.o

Memory Configuration

Name             Origin             Length             Attributes
*default*        0x0000000000000000 0xffffffffffffffff

Linker script and memory map

Address of section .text set to 0xc0001500
LOAD build/main.o
LOAD build/init.o
LOAD build/interrupt.o
LOAD build/timer.o
LOAD build/kernel.o
LOAD build/print.o
LOAD build/debug.o
LOAD build/string.o
LOAD build/bitmap.o
LOAD build/memory.o
LOAD build/thread.o
LOAD build/list.o
LOAD build/switch.o
LOAD build/sync.o
LOAD build/console.o
LOAD build/keyboard.o
LOAD build/ioqueue.o
LOAD build/tss.o
LOAD build/process.o
                [!provide]                        PROVIDE (__executable_start = SEGMENT_START ("text-segment", 0x8048000))
                0x00000000080480d4                . = (SEGMENT_START ("text-segment", 0x8048000) + SIZEOF_HEADERS)

.interp
 *(.interp)

.note.gnu.build-id
 *(.note.gnu.build-id)

.hash
 *(.hash)

.gnu.hash
 *(.gnu.hash)

.dynsym
 *(.dynsym)

.dynstr
 *(.dynstr)

.gnu.version
 *(.gnu.version)

.gnu.version_d
 *(.gnu.version_d)

.gnu.version_r
 *(.gnu.version_r)

.rel.dyn        0x00000000080480d4        0x0
 *(.rel.init)
 *(.rel.text .rel.text.* .rel.gnu.linkonce.t.*)
 .rel.text      0x00000000080480d4        0x0 build/main.o
 *(.rel.fini)
 *(.rel.rodata .rel.rodata.* .rel.gnu.linkonce.r.*)
 *(.rel.data.rel.ro .rel.data.rel.ro.* .rel.gnu.linkonce.d.rel.ro.*)
 *(.rel.data .rel.data.* .rel.gnu.linkonce.d.*)
 *(.rel.tdata .rel.tdata.* .rel.gnu.linkonce.td.*)
 *(.rel.tbss .rel.tbss.* .rel.gnu.linkonce.tb.*)
 *(.rel.ctors)
 *(.rel.dtors)
 *(.rel.got)
 .rel.got       0x00000000080480d4        0x0 build/main.o
 *(.rel.bss .rel.bss.* .rel.gnu.linkonce.b.*)
 *(.rel.ifunc)

.rel.plt        0x00000000080480d4        0x0
 *(.rel.plt)
                [!provide]                        PROVIDE (__rel_iplt_start = .)
 *(.rel.iplt)
 .rel.iplt      0x00000000080480d4        0x0 build/main.o
                [!provide]                        PROVIDE (__rel_iplt_end = .)
                0x0000000008049000                . = ALIGN (CONSTANT (MAXPAGESIZE))

.init
 *(SORT_NONE(.init))

.plt            0x0000000008049000        0x0
 *(.plt)
 *(.iplt)
 .iplt          0x0000000008049000        0x0 build/main.o

.plt.got
 *(.plt.got)

.plt.sec
 *(.plt.sec)

.text           0x00000000c0001500     0x33e3
 *(.text.unlikely .text.*_unlikely .text.unlikely.*)
 *(.text.exit .text.exit.*)
 *(.text.startup .text.startup.*)
 *(.text.hot .text.hot.*)
 *(SORT_BY_NAME(.text.sorted.*))
 *(.text .stub .text.* .gnu.linkonce.t.*)
 .text          0x00000000c0001500      0x11b build/main.o
                0x00000000c0001500                main
                0x00000000c0001591                k_thread_a
                0x00000000c00015c4                k_thread_b
                0x00000000c00015f7                u_prog_a
                0x00000000c0001609                u_prog_b
 .text          0x00000000c000161b       0x37 build/init.o
                0x00000000c000161b                init_all
 .text          0x00000000c0001652      0x46b build/interrupt.o
                0x00000000c00019b0                intr_enable
                0x00000000c00019d9                intr_disable
                0x00000000c0001a02                intr_set_status
                0x00000000c0001a20                intr_get_status
                0x00000000c0001a43                register_handler
                0x00000000c0001a5f                idt_init
 .text          0x00000000c0001abd      0x195 build/timer.o
                0x00000000c0001bf2                timer_init
 *fill*         0x00000000c0001c52        0xe 
 .text          0x00000000c0001c60      0x541 build/kernel.o
                0x00000000c0001c60                intr_exit
 *fill*         0x00000000c00021a1        0xf 
 .text          0x00000000c00021b0      0x172 build/print.o
                0x00000000c00021b0                put_str
                0x00000000c00021ce                put_char
                0x00000000c000229b                put_int
                0x00000000c00022fe                set_cursor
 .text          0x00000000c0002322       0x82 build/debug.o
                0x00000000c0002322                panic_spin
 .text          0x00000000c00023a4      0x451 build/string.o
                0x00000000c00023a4                memset
                0x00000000c0002400                memcpy
                0x00000000c0002468                memcmp
                0x00000000c00024fb                strcpy
                0x00000000c000255e                strlen
                0x00000000c00025b8                strcmp
                0x00000000c000263f                strchr
                0x00000000c00026a5                strrchr
                0x00000000c000270e                strcat
                0x00000000c0002788                strchrs
 .text          0x00000000c00027f5      0x270 build/bitmap.o
                0x00000000c00027f5                bitmap_init
                0x00000000c000281c                bitmap_scan_test
                0x00000000c000285e                bitmap_scan
                0x00000000c00029ac                bitmap_set
 .text          0x00000000c0002a65      0x810 build/memory.o
                0x00000000c0002b8b                pte_ptr
                0x00000000c0002bbc                pde_ptr
                0x00000000c0002d6e                malloc_page
                0x00000000c0002e38                get_kernel_pages
                0x00000000c0002e7c                get_user_pages
                0x00000000c0002ed2                get_a_page
                0x00000000c000304e                addr_v2p
                0x00000000c0003240                mem_init
 .text          0x00000000c0003275      0x599 build/thread.o
                0x00000000c0003275                running_thread
                0x00000000c00032a0                thread_create
                0x00000000c0003316                init_thread
                0x00000000c00033b1                thread_start
                0x00000000c000352c                schedule
                0x00000000c000365f                thread_block
                0x00000000c00036c6                thread_unblock
                0x00000000c00037d1                thread_init
 .text          0x00000000c000380e      0x218 build/list.o
                0x00000000c000380e                list_init
                0x00000000c000383b                list_insert_before
                0x00000000c000387c                list_push
                0x00000000c0003899                list_append
                0x00000000c00038b6                list_remove
                0x00000000c00038ec                list_pop
                0x00000000c000393f                elem_find
                0x00000000c000397a                list_traversal
                0x00000000c00039d8                list_len
                0x00000000c0003a0d                list_empty
 *fill*         0x00000000c0003a26        0xa 
 .text          0x00000000c0003a30       0x15 build/switch.o
                0x00000000c0003a30                switch_to
 .text          0x00000000c0003a45      0x347 build/sync.o
                0x00000000c0003a45                sema_init
                0x00000000c0003a6a                lock_init
                0x00000000c0003a9b                sema_down
                0x00000000c0003baf                sema_up
                0x00000000c0003c65                lock_acquire
                0x00000000c0003ce1                lock_release
 .text          0x00000000c0003d8c       0x9a build/console.o
                0x00000000c0003d8c                console_init
                0x00000000c0003da0                console_acquire
                0x00000000c0003db4                console_release
                0x00000000c0003dc8                console_put_str
                0x00000000c0003de5                console_put_char
                0x00000000c0003e09                console_put_int
 .text          0x00000000c0003e26      0x2ca build/keyboard.o
                0x00000000c00040b0                keyboard_init
 .text          0x00000000c00040f0      0x2f1 build/ioqueue.o
                0x00000000c00040f0                ioqueue_init
                0x00000000c000414d                ioq_full
                0x00000000c000419e                ioq_empty
                0x00000000c0004283                ioq_getchar
                0x00000000c0004331                ioq_putchar
 .text          0x00000000c00043e1      0x1a9 build/tss.o
                0x00000000c00043e1                update_tss_esp
                0x00000000c000445c                tss_init
 .text          0x00000000c000458a      0x359 build/process.o
                0x00000000c000458a                start_process
                0x00000000c0004690                page_dir_activate
                0x00000000c00046c0                process_activate
                0x00000000c0004712                create_page_dir
                0x00000000c0004783                create_user_vaddr_bitmap
                0x00000000c00047c7                process_execute
 *(.gnu.warning)

.fini
 *(SORT_NONE(.fini))
                [!provide]                        PROVIDE (__etext = .)
                [!provide]                        PROVIDE (_etext = .)
                [!provide]                        PROVIDE (etext = .)
                0x00000000c0005000                . = ALIGN (CONSTANT (MAXPAGESIZE))
                0x00000000c0005000                . = SEGMENT_START ("rodata-segment", (ALIGN (CONSTANT (MAXPAGESIZE)) + (. & (CONSTANT (MAXPAGESIZE) - 0x1))))

.rodata         0x00000000c0005000      0xcc1
 *(.rodata .rodata.* .gnu.linkonce.r.*)
 .rodata        0x00000000c0005000       0x55 build/main.o
 .rodata        0x00000000c0005055        0xa build/init.o
 *fill*         0x00000000c000505f        0x1 
 .rodata        0x00000000c0005060      0x2c9 build/interrupt.o
 *fill*         0x00000000c0005329        0x3 
 .rodata        0x00000000c000532c       0x6b build/timer.o
 .rodata        0x00000000c0005397       0x31 build/debug.o
 .rodata        0x00000000c00053c8       0xa2 build/string.o
 *fill*         0x00000000c000546a        0x2 
 .rodata        0x00000000c000546c       0x68 build/bitmap.o
 .rodata        0x00000000c00054d4      0x1e5 build/memory.o
 *fill*         0x00000000c00056b9        0x3 
 .rodata        0x00000000c00056bc      0x2be build/thread.o
 *fill*         0x00000000c000597a        0x2 
 .rodata        0x00000000c000597c       0x3c build/list.o
 .rodata        0x00000000c00059b8      0x12f build/sync.o
 .rodata        0x00000000c0005ae7       0x38 build/keyboard.o
 *fill*         0x00000000c0005b1f        0x1 
 .rodata        0x00000000c0005b20       0x9d build/ioqueue.o
 .rodata        0x00000000c0005bbd       0x27 build/tss.o
 .rodata        0x00000000c0005be4       0xdd build/process.o

.rodata1
 *(.rodata1)

.eh_frame_hdr
 *(.eh_frame_hdr)
 *(.eh_frame_entry .eh_frame_entry.*)

.eh_frame
 *(.eh_frame)
 *(.eh_frame.*)

.gcc_except_table
 *(.gcc_except_table .gcc_except_table.*)

.gnu_extab
 *(.gnu_extab*)

.exception_ranges
 *(.exception_ranges*)
                0x00000000c0006000                . = DATA_SEGMENT_ALIGN (CONSTANT (MAXPAGESIZE), CONSTANT (COMMONPAGESIZE))

.eh_frame
 *(.eh_frame)
 *(.eh_frame.*)

.gnu_extab
 *(.gnu_extab)

.gcc_except_table
 *(.gcc_except_table .gcc_except_table.*)

.exception_ranges
 *(.exception_ranges*)

.tdata          0x00000000c0006000        0x0
                [!provide]                        PROVIDE (__tdata_start = .)
 *(.tdata .tdata.* .gnu.linkonce.td.*)

.tbss
 *(.tbss .tbss.* .gnu.linkonce.tb.*)
 *(.tcommon)

.preinit_array  0x00000000c0006000        0x0
                [!provide]                        PROVIDE (__preinit_array_start = .)
 *(.preinit_array)
                [!provide]                        PROVIDE (__preinit_array_end = .)

.init_array     0x00000000c0006000        0x0
                [!provide]                        PROVIDE (__init_array_start = .)
 *(SORT_BY_INIT_PRIORITY(.init_array.*) SORT_BY_INIT_PRIORITY(.ctors.*))
 *(.init_array EXCLUDE_FILE(*crtend?.o *crtend.o *crtbegin?.o *crtbegin.o) .ctors)
                [!provide]                        PROVIDE (__init_array_end = .)

.fini_array     0x00000000c0006000        0x0
                [!provide]                        PROVIDE (__fini_array_start = .)
 *(SORT_BY_INIT_PRIORITY(.fini_array.*) SORT_BY_INIT_PRIORITY(.dtors.*))
 *(.fini_array EXCLUDE_FILE(*crtend?.o *crtend.o *crtbegin?.o *crtbegin.o) .dtors)
                [!provide]                        PROVIDE (__fini_array_end = .)

.ctors
 *crtbegin.o(.ctors)
 *crtbegin?.o(.ctors)
 *(EXCLUDE_FILE(*crtend?.o *crtend.o) .ctors)
 *(SORT_BY_NAME(.ctors.*))
 *(.ctors)

.dtors
 *crtbegin.o(.dtors)
 *crtbegin?.o(.dtors)
 *(EXCLUDE_FILE(*crtend?.o *crtend.o) .dtors)
 *(SORT_BY_NAME(.dtors.*))
 *(.dtors)

.jcr
 *(.jcr)

.data.rel.ro
 *(.data.rel.ro.local* .gnu.linkonce.d.rel.ro.local.*)
 *(.data.rel.ro .data.rel.ro.* .gnu.linkonce.d.rel.ro.*)

.dynamic
 *(.dynamic)

.got            0x00000000c0006000        0x0
 *(.got)
 .got           0x00000000c0006000        0x0 build/main.o
 *(.igot)
                0x00000000c0006000                . = DATA_SEGMENT_RELRO_END (., (SIZEOF (.got.plt) >= 0xc)?0xc:0x0)

.got.plt        0x00000000c0006000        0x0
 *(.got.plt)
 .got.plt       0x00000000c0006000        0x0 build/main.o
 *(.igot.plt)
 .igot.plt      0x00000000c0006000        0x0 build/main.o

.data           0x00000000c0006000      0x156
 *(.data .data.* .gnu.linkonce.d.*)
 .data          0x00000000c0006000        0x0 build/main.o
 .data          0x00000000c0006000        0x0 build/init.o
 .data          0x00000000c0006000        0x0 build/interrupt.o
 .data          0x00000000c0006000        0x0 build/timer.o
 .data          0x00000000c0006000       0xc0 build/kernel.o
                0x00000000c0006000                intr_entry_table
 .data          0x00000000c00060c0        0x8 build/print.o
 .data          0x00000000c00060c8        0x0 build/debug.o
 .data          0x00000000c00060c8        0x0 build/string.o
 .data          0x00000000c00060c8        0x0 build/bitmap.o
 .data          0x00000000c00060c8        0x0 build/memory.o
 .data          0x00000000c00060c8        0x0 build/thread.o
 .data          0x00000000c00060c8        0x0 build/list.o
 .data          0x00000000c00060c8        0x0 build/sync.o
 .data          0x00000000c00060c8        0x0 build/console.o
 *fill*         0x00000000c00060c8       0x18 
 .data          0x00000000c00060e0       0x76 build/keyboard.o
 .data          0x00000000c0006156        0x0 build/ioqueue.o
 .data          0x00000000c0006156        0x0 build/tss.o
 .data          0x00000000c0006156        0x0 build/process.o

.data1
 *(.data1)
                0x00000000c0006156                _edata = .
                [!provide]                        PROVIDE (edata = .)
                0x00000000c0006156                . = .
                0x00000000c0006156                __bss_start = .

.bss            0x00000000c0006160      0x50c
 *(.dynbss)
 *(.bss .bss.* .gnu.linkonce.b.*)
 .bss           0x00000000c0006160        0x8 build/main.o
                0x00000000c0006160                test_var_a
                0x00000000c0006164                test_var_b
 .bss           0x00000000c0006168        0x0 build/init.o
 *fill*         0x00000000c0006168       0x18 
 .bss           0x00000000c0006180      0x180 build/interrupt.o
 .bss           0x00000000c0006300        0x0 build/timer.o
 .bss           0x00000000c0006300        0x0 build/debug.o
 .bss           0x00000000c0006300        0x0 build/string.o
 .bss           0x00000000c0006300        0x0 build/bitmap.o
 .bss           0x00000000c0006300        0x0 build/memory.o
 .bss           0x00000000c0006300        0x4 build/thread.o
 .bss           0x00000000c0006304        0x0 build/list.o
 .bss           0x00000000c0006304        0x0 build/sync.o
 .bss           0x00000000c0006304       0x1c build/console.o
 .bss           0x00000000c0006320       0x14 build/keyboard.o
 .bss           0x00000000c0006334        0x0 build/ioqueue.o
 *fill*         0x00000000c0006334        0xc 
 .bss           0x00000000c0006340       0x6c build/tss.o
 .bss           0x00000000c00063ac        0x0 build/process.o
 *(COMMON)
 *fill*         0x00000000c00063ac       0x14 
 COMMON         0x00000000c00063c0      0x180 build/interrupt.o
                0x00000000c00063c0                intr_name
                0x00000000c0006480                idt_table
 COMMON         0x00000000c0006540        0x4 build/timer.o
                0x00000000c0006540                ticks
 *fill*         0x00000000c0006544       0x1c 
 COMMON         0x00000000c0006560       0x6c build/memory.o
                0x00000000c0006560                user_pool
                0x00000000c000658c                kernel_vaddr
                0x00000000c00065a0                kernel_pool
 COMMON         0x00000000c00065cc       0x24 build/thread.o
                0x00000000c00065cc                thread_ready_list
                0x00000000c00065dc                thread_all_list
                0x00000000c00065ec                main_thread
 *fill*         0x00000000c00065f0       0x10 
 COMMON         0x00000000c0006600       0x6c build/keyboard.o
                0x00000000c0006600                kbd_buf
                0x00000000c000666c                . = ALIGN ((. != 0x0)?0x4:0x1)
                0x00000000c000666c                . = ALIGN (0x4)
                0x00000000c000666c                . = SEGMENT_START ("ldata-segment", .)
                0x00000000c000666c                . = ALIGN (0x4)
                0x00000000c000666c                _end = .
                [!provide]                        PROVIDE (end = .)
                0x00000000c000666c                . = DATA_SEGMENT_END (.)

.stab
 *(.stab)

.stabstr
 *(.stabstr)

.stab.excl
 *(.stab.excl)

.stab.exclstr
 *(.stab.exclstr)

.stab.index
 *(.stab.index)

.stab.indexstr
 *(.stab.indexstr)

.comment        0x0000000000000000       0x2a
 *(.comment)
 .comment       0x0000000000000000       0x2a build/main.o
                                         0x2b (size before relaxing)
 .comment       0x000000000000002a       0x2b build/init.o
 .comment       0x000000000000002a       0x2b build/interrupt.o
 .comment       0x000000000000002a       0x2b build/timer.o
 .comment       0x000000000000002a       0x2b build/debug.o
 .comment       0x000000000000002a       0x2b build/string.o
 .comment       0x000000000000002a       0x2b build/bitmap.o
 .comment       0x000000000000002a       0x2b build/memory.o
 .comment       0x000000000000002a       0x2b build/thread.o
 .comment       0x000000000000002a       0x2b build/list.o
 .comment       0x000000000000002a       0x2b build/sync.o
 .comment       0x000000000000002a       0x2b build/console.o
 .comment       0x000000000000002a       0x2b build/keyboard.o
 .comment       0x000000000000002a       0x2b build/ioqueue.o
 .comment       0x000000000000002a       0x2b build/tss.o
 .comment       0x000000000000002a       0x2b build/process.o

.gnu.build.attributes
 *(.gnu.build.attributes .gnu.build.attributes.*)

.debug
 *(.debug)

.line
 *(.line)

.debug_srcinfo
 *(.debug_srcinfo)

.debug_sfnames
 *(.debug_sfnames)

.debug_aranges
 *(.debug_aranges)

.debug_pubnames
 *(.debug_pubnames)

.debug_info
 *(.debug_info .gnu.linkonce.wi.*)

.debug_abbrev
 *(.debug_abbrev)

.debug_line
 *(.debug_line .debug_line.* .debug_line_end)

.debug_frame
 *(.debug_frame)

.debug_str
 *(.debug_str)

.debug_loc
 *(.debug_loc)

.debug_macinfo
 *(.debug_macinfo)

.debug_weaknames
 *(.debug_weaknames)

.debug_funcnames
 *(.debug_funcnames)

.debug_typenames
 *(.debug_typenames)

.debug_varnames
 *(.debug_varnames)

.debug_pubtypes
 *(.debug_pubtypes)

.debug_ranges
 *(.debug_ranges)

.debug_macro
 *(.debug_macro)

.debug_addr
 *(.debug_addr)

.gnu.attributes
 *(.gnu.attributes)

/DISCARD/
 *(.note.GNU-stack)
 *(.gnu_debuglink)
 *(.gnu.lto_*)
OUTPUT(build/kernel.bin elf32-i386)
