
Allocating common symbols
Common symbol       size              file

thread_ready_list   0x10              build/thread.o
thread_all_list     0x10              build/thread.o
user_pool           0x10              build/memory.o
intr_name           0xc0              build/interrupt.o
main_thread         0x4               build/thread.o
ticks               0x4               build/timer.o
kernel_vaddr        0xc               build/memory.o
idt_table           0xc0              build/interrupt.o
kernel_pool         0x10              build/memory.o

Discarded input sections

 .note.GNU-stack
                0x0000000000000000        0x0 build/main.o
 .note.GNU-stack
                0x0000000000000000        0x0 build/init.o
 .note.GNU-stack
                0x0000000000000000        0x0 build/interrupt.o
 .note.GNU-stack
                0x0000000000000000        0x0 build/timer.o
 .note.GNU-stack
                0x0000000000000000        0x0 build/debug.o
 .note.GNU-stack
                0x0000000000000000        0x0 build/string.o
 .note.GNU-stack
                0x0000000000000000        0x0 build/bitmap.o
 .note.GNU-stack
                0x0000000000000000        0x0 build/memory.o
 .note.GNU-stack
                0x0000000000000000        0x0 build/thread.o
 .note.GNU-stack
                0x0000000000000000        0x0 build/list.o
 .note.GNU-stack
                0x0000000000000000        0x0 build/sync.o
 .note.GNU-stack
                0x0000000000000000        0x0 build/console.o
 .note.GNU-stack
                0x0000000000000000        0x0 build/keyboard.o

Memory Configuration

Name             Origin             Length             Attributes
*default*        0x0000000000000000 0xffffffffffffffff

Linker script and memory map

Address of section .text set to 0xc0001500
LOAD build/main.o
LOAD build/init.o
LOAD build/interrupt.o
LOAD build/timer.o
LOAD build/kernel.o
LOAD build/print.o
LOAD build/debug.o
LOAD build/string.o
LOAD build/bitmap.o
LOAD build/memory.o
LOAD build/thread.o
LOAD build/list.o
LOAD build/switch.o
LOAD build/sync.o
LOAD build/console.o
LOAD build/keyboard.o
                [!provide]                        PROVIDE (__executable_start = SEGMENT_START ("text-segment", 0x8048000))
                0x00000000080480d4                . = (SEGMENT_START ("text-segment", 0x8048000) + SIZEOF_HEADERS)

.interp
 *(.interp)

.note.gnu.build-id
 *(.note.gnu.build-id)

.hash
 *(.hash)

.gnu.hash
 *(.gnu.hash)

.dynsym
 *(.dynsym)

.dynstr
 *(.dynstr)

.gnu.version
 *(.gnu.version)

.gnu.version_d
 *(.gnu.version_d)

.gnu.version_r
 *(.gnu.version_r)

.rel.dyn        0x00000000080480d4        0x0
 *(.rel.init)
 *(.rel.text .rel.text.* .rel.gnu.linkonce.t.*)
 .rel.text      0x00000000080480d4        0x0 build/main.o
 *(.rel.fini)
 *(.rel.rodata .rel.rodata.* .rel.gnu.linkonce.r.*)
 *(.rel.data.rel.ro .rel.data.rel.ro.* .rel.gnu.linkonce.d.rel.ro.*)
 *(.rel.data .rel.data.* .rel.gnu.linkonce.d.*)
 *(.rel.tdata .rel.tdata.* .rel.gnu.linkonce.td.*)
 *(.rel.tbss .rel.tbss.* .rel.gnu.linkonce.tb.*)
 *(.rel.ctors)
 *(.rel.dtors)
 *(.rel.got)
 .rel.got       0x00000000080480d4        0x0 build/main.o
 *(.rel.bss .rel.bss.* .rel.gnu.linkonce.b.*)
 *(.rel.ifunc)

.rel.plt        0x00000000080480d4        0x0
 *(.rel.plt)
                [!provide]                        PROVIDE (__rel_iplt_start = .)
 *(.rel.iplt)
 .rel.iplt      0x00000000080480d4        0x0 build/main.o
                [!provide]                        PROVIDE (__rel_iplt_end = .)
                0x0000000008049000                . = ALIGN (CONSTANT (MAXPAGESIZE))

.init
 *(SORT_NONE(.init))

.plt            0x0000000008049000        0x0
 *(.plt)
 *(.iplt)
 .iplt          0x0000000008049000        0x0 build/main.o

.plt.got
 *(.plt.got)

.plt.sec
 *(.plt.sec)

.text           0x00000000c0001500     0x25fa
 *(.text.unlikely .text.*_unlikely .text.unlikely.*)
 *(.text.exit .text.exit.*)
 *(.text.startup .text.startup.*)
 *(.text.hot .text.hot.*)
 *(SORT_BY_NAME(.text.sorted.*))
 *(.text .stub .text.* .gnu.linkonce.t.*)
 .text          0x00000000c0001500       0x53 build/main.o
                0x00000000c0001500                main
                0x00000000c0001521                k_thread_a
                0x00000000c000153a                k_thread_b
 .text          0x00000000c0001553       0x32 build/init.o
                0x00000000c0001553                init_all
 .text          0x00000000c0001585      0x459 build/interrupt.o
                0x00000000c00018e4                intr_enable
                0x00000000c000190d                intr_disable
                0x00000000c0001936                intr_set_status
                0x00000000c0001954                intr_get_status
                0x00000000c0001977                register_handler
                0x00000000c0001993                idt_init
 .text          0x00000000c00019de      0x195 build/timer.o
                0x00000000c0001b13                timer_init
 *fill*         0x00000000c0001b73        0xd 
 .text          0x00000000c0001b80      0x541 build/kernel.o
                0x00000000c0001b80                intr_exit
 *fill*         0x00000000c00020c1        0xf 
 .text          0x00000000c00020d0      0x172 build/print.o
                0x00000000c00020d0                put_str
                0x00000000c00020ee                put_char
                0x00000000c00021bb                put_int
                0x00000000c000221e                set_cursor
 .text          0x00000000c0002242       0x82 build/debug.o
                0x00000000c0002242                panic_spin
 .text          0x00000000c00022c4      0x451 build/string.o
                0x00000000c00022c4                memset
                0x00000000c0002320                memcpy
                0x00000000c0002388                memcmp
                0x00000000c000241b                strcpy
                0x00000000c000247e                strlen
                0x00000000c00024d8                strcmp
                0x00000000c000255f                strchr
                0x00000000c00025c5                strrchr
                0x00000000c000262e                strcat
                0x00000000c00026a8                strchrs
 .text          0x00000000c0002715      0x270 build/bitmap.o
                0x00000000c0002715                bitmap_init
                0x00000000c000273c                bitmap_scan_test
                0x00000000c000277e                bitmap_scan
                0x00000000c00028cc                bitmap_set
 .text          0x00000000c0002985      0x557 build/memory.o
                0x00000000c0002a0a                pte_ptr
                0x00000000c0002a3b                pde_ptr
                0x00000000c0002bed                malloc_page
                0x00000000c0002cb7                get_kernel_pages
                0x00000000c0002ea7                mem_init
 .text          0x00000000c0002edc      0x58e build/thread.o
                0x00000000c0002edc                running_thread
                0x00000000c0002f07                thread_create
                0x00000000c0002f7d                init_thread
                0x00000000c0003018                thread_start
                0x00000000c0003193                schedule
                0x00000000c00032bb                thread_block
                0x00000000c0003322                thread_unblock
                0x00000000c000342d                thread_init
 .text          0x00000000c000346a      0x218 build/list.o
                0x00000000c000346a                list_init
                0x00000000c0003497                list_insert_before
                0x00000000c00034d8                list_push
                0x00000000c00034f5                list_append
                0x00000000c0003512                list_remove
                0x00000000c0003548                list_pop
                0x00000000c000359b                elem_find
                0x00000000c00035d6                list_traversal
                0x00000000c0003634                list_len
                0x00000000c0003669                list_empty
 *fill*         0x00000000c0003682        0xe 
 .text          0x00000000c0003690       0x15 build/switch.o
                0x00000000c0003690                switch_to
 .text          0x00000000c00036a5      0x347 build/sync.o
                0x00000000c00036a5                sema_init
                0x00000000c00036ca                lock_init
                0x00000000c00036fb                sema_down
                0x00000000c000380f                sema_up
                0x00000000c00038c5                lock_acquire
                0x00000000c0003941                lock_release
 .text          0x00000000c00039ec       0x9a build/console.o
                0x00000000c00039ec                console_init
                0x00000000c0003a00                console_acquire
                0x00000000c0003a14                console_release
                0x00000000c0003a28                console_put_str
                0x00000000c0003a45                console_put_char
                0x00000000c0003a69                console_put_int
 .text          0x00000000c0003a86       0x74 build/keyboard.o
                0x00000000c0003ac6                keyboard_init
 *(.gnu.warning)

.fini
 *(SORT_NONE(.fini))
                [!provide]                        PROVIDE (__etext = .)
                [!provide]                        PROVIDE (_etext = .)
                [!provide]                        PROVIDE (etext = .)
                0x00000000c0004000                . = ALIGN (CONSTANT (MAXPAGESIZE))
                0x00000000c0004000                . = SEGMENT_START ("rodata-segment", (ALIGN (CONSTANT (MAXPAGESIZE)) + (. & (CONSTANT (MAXPAGESIZE) - 0x1))))

.rodata         0x00000000c0004000      0xa3a
 *(.rodata .rodata.* .gnu.linkonce.r.*)
 .rodata        0x00000000c0004000        0xd build/main.o
 .rodata        0x00000000c000400d        0xa build/init.o
 *fill*         0x00000000c0004017        0x1 
 .rodata        0x00000000c0004018      0x2e4 build/interrupt.o
 .rodata        0x00000000c00042fc       0x6b build/timer.o
 .rodata        0x00000000c0004367       0x31 build/debug.o
 .rodata        0x00000000c0004398       0xa2 build/string.o
 *fill*         0x00000000c000443a        0x2 
 .rodata        0x00000000c000443c       0x68 build/bitmap.o
 .rodata        0x00000000c00044a4      0x140 build/memory.o
 .rodata        0x00000000c00045e4      0x2be build/thread.o
 *fill*         0x00000000c00048a2        0x2 
 .rodata        0x00000000c00048a4       0x3c build/list.o
 .rodata        0x00000000c00048e0      0x12f build/sync.o
 .rodata        0x00000000c0004a0f       0x2b build/keyboard.o

.rodata1
 *(.rodata1)

.eh_frame_hdr
 *(.eh_frame_hdr)
 *(.eh_frame_entry .eh_frame_entry.*)

.eh_frame
 *(.eh_frame)
 *(.eh_frame.*)

.gcc_except_table
 *(.gcc_except_table .gcc_except_table.*)

.gnu_extab
 *(.gnu_extab*)

.exception_ranges
 *(.exception_ranges*)
                0x00000000c0005a3a                . = DATA_SEGMENT_ALIGN (CONSTANT (MAXPAGESIZE), CONSTANT (COMMONPAGESIZE))

.eh_frame
 *(.eh_frame)
 *(.eh_frame.*)

.gnu_extab
 *(.gnu_extab)

.gcc_except_table
 *(.gcc_except_table .gcc_except_table.*)

.exception_ranges
 *(.exception_ranges*)

.tdata          0x00000000c0005a3a        0x0
                [!provide]                        PROVIDE (__tdata_start = .)
 *(.tdata .tdata.* .gnu.linkonce.td.*)

.tbss
 *(.tbss .tbss.* .gnu.linkonce.tb.*)
 *(.tcommon)

.preinit_array  0x00000000c0005a3a        0x0
                [!provide]                        PROVIDE (__preinit_array_start = .)
 *(.preinit_array)
                [!provide]                        PROVIDE (__preinit_array_end = .)

.init_array     0x00000000c0005a3a        0x0
                [!provide]                        PROVIDE (__init_array_start = .)
 *(SORT_BY_INIT_PRIORITY(.init_array.*) SORT_BY_INIT_PRIORITY(.ctors.*))
 *(.init_array EXCLUDE_FILE(*crtend?.o *crtend.o *crtbegin?.o *crtbegin.o) .ctors)
                [!provide]                        PROVIDE (__init_array_end = .)

.fini_array     0x00000000c0005a3a        0x0
                [!provide]                        PROVIDE (__fini_array_start = .)
 *(SORT_BY_INIT_PRIORITY(.fini_array.*) SORT_BY_INIT_PRIORITY(.dtors.*))
 *(.fini_array EXCLUDE_FILE(*crtend?.o *crtend.o *crtbegin?.o *crtbegin.o) .dtors)
                [!provide]                        PROVIDE (__fini_array_end = .)

.ctors
 *crtbegin.o(.ctors)
 *crtbegin?.o(.ctors)
 *(EXCLUDE_FILE(*crtend?.o *crtend.o) .ctors)
 *(SORT_BY_NAME(.ctors.*))
 *(.ctors)

.dtors
 *crtbegin.o(.dtors)
 *crtbegin?.o(.dtors)
 *(EXCLUDE_FILE(*crtend?.o *crtend.o) .dtors)
 *(SORT_BY_NAME(.dtors.*))
 *(.dtors)

.jcr
 *(.jcr)

.data.rel.ro
 *(.data.rel.ro.local* .gnu.linkonce.d.rel.ro.local.*)
 *(.data.rel.ro .data.rel.ro.* .gnu.linkonce.d.rel.ro.*)

.dynamic
 *(.dynamic)

.got            0x00000000c0005a3c        0x0
 *(.got)
 .got           0x00000000c0005a3c        0x0 build/main.o
 *(.igot)
                0x00000000c0005a3c                . = DATA_SEGMENT_RELRO_END (., (SIZEOF (.got.plt) >= 0xc)?0xc:0x0)

.got.plt        0x00000000c0005a3c        0x0
 *(.got.plt)
 .got.plt       0x00000000c0005a3c        0x0 build/main.o
 *(.igot.plt)
 .igot.plt      0x00000000c0005a3c        0x0 build/main.o

.data           0x00000000c0005a3c       0xc8
 *(.data .data.* .gnu.linkonce.d.*)
 .data          0x00000000c0005a3c        0x0 build/main.o
 .data          0x00000000c0005a3c        0x0 build/init.o
 .data          0x00000000c0005a3c        0x0 build/interrupt.o
 .data          0x00000000c0005a3c        0x0 build/timer.o
 .data          0x00000000c0005a3c       0xc0 build/kernel.o
                0x00000000c0005a3c                intr_entry_table
 .data          0x00000000c0005afc        0x8 build/print.o
 .data          0x00000000c0005b04        0x0 build/debug.o
 .data          0x00000000c0005b04        0x0 build/string.o
 .data          0x00000000c0005b04        0x0 build/bitmap.o
 .data          0x00000000c0005b04        0x0 build/memory.o
 .data          0x00000000c0005b04        0x0 build/thread.o
 .data          0x00000000c0005b04        0x0 build/list.o
 .data          0x00000000c0005b04        0x0 build/sync.o
 .data          0x00000000c0005b04        0x0 build/console.o
 .data          0x00000000c0005b04        0x0 build/keyboard.o

.data1
 *(.data1)
                0x00000000c0005b04                _edata = .
                [!provide]                        PROVIDE (edata = .)
                0x00000000c0005b04                . = .
                0x00000000c0005b04                __bss_start = .

.bss            0x00000000c0005b20      0x374
 *(.dynbss)
 *(.bss .bss.* .gnu.linkonce.b.*)
 .bss           0x00000000c0005b20        0x0 build/main.o
 .bss           0x00000000c0005b20        0x0 build/init.o
 .bss           0x00000000c0005b20      0x180 build/interrupt.o
 .bss           0x00000000c0005ca0        0x0 build/timer.o
 .bss           0x00000000c0005ca0        0x0 build/debug.o
 .bss           0x00000000c0005ca0        0x0 build/string.o
 .bss           0x00000000c0005ca0        0x0 build/bitmap.o
 .bss           0x00000000c0005ca0        0x0 build/memory.o
 .bss           0x00000000c0005ca0        0x4 build/thread.o
 .bss           0x00000000c0005ca4        0x0 build/list.o
 .bss           0x00000000c0005ca4        0x0 build/sync.o
 .bss           0x00000000c0005ca4       0x1c build/console.o
 .bss           0x00000000c0005cc0        0x0 build/keyboard.o
 *(COMMON)
 COMMON         0x00000000c0005cc0      0x180 build/interrupt.o
                0x00000000c0005cc0                intr_name
                0x00000000c0005d80                idt_table
 COMMON         0x00000000c0005e40        0x4 build/timer.o
                0x00000000c0005e40                ticks
 COMMON         0x00000000c0005e44       0x2c build/memory.o
                0x00000000c0005e44                user_pool
                0x00000000c0005e54                kernel_vaddr
                0x00000000c0005e60                kernel_pool
 COMMON         0x00000000c0005e70       0x24 build/thread.o
                0x00000000c0005e70                thread_ready_list
                0x00000000c0005e80                thread_all_list
                0x00000000c0005e90                main_thread
                0x00000000c0005e94                . = ALIGN ((. != 0x0)?0x4:0x1)
                0x00000000c0005e94                . = ALIGN (0x4)
                0x00000000c0005e94                . = SEGMENT_START ("ldata-segment", .)
                0x00000000c0005e94                . = ALIGN (0x4)
                0x00000000c0005e94                _end = .
                [!provide]                        PROVIDE (end = .)
                0x00000000c0005e94                . = DATA_SEGMENT_END (.)

.stab
 *(.stab)

.stabstr
 *(.stabstr)

.stab.excl
 *(.stab.excl)

.stab.exclstr
 *(.stab.exclstr)

.stab.index
 *(.stab.index)

.stab.indexstr
 *(.stab.indexstr)

.comment        0x0000000000000000       0x2a
 *(.comment)
 .comment       0x0000000000000000       0x2a build/main.o
                                         0x2b (size before relaxing)
 .comment       0x000000000000002a       0x2b build/init.o
 .comment       0x000000000000002a       0x2b build/interrupt.o
 .comment       0x000000000000002a       0x2b build/timer.o
 .comment       0x000000000000002a       0x2b build/debug.o
 .comment       0x000000000000002a       0x2b build/string.o
 .comment       0x000000000000002a       0x2b build/bitmap.o
 .comment       0x000000000000002a       0x2b build/memory.o
 .comment       0x000000000000002a       0x2b build/thread.o
 .comment       0x000000000000002a       0x2b build/list.o
 .comment       0x000000000000002a       0x2b build/sync.o
 .comment       0x000000000000002a       0x2b build/console.o
 .comment       0x000000000000002a       0x2b build/keyboard.o

.gnu.build.attributes
 *(.gnu.build.attributes .gnu.build.attributes.*)

.debug
 *(.debug)

.line
 *(.line)

.debug_srcinfo
 *(.debug_srcinfo)

.debug_sfnames
 *(.debug_sfnames)

.debug_aranges
 *(.debug_aranges)

.debug_pubnames
 *(.debug_pubnames)

.debug_info
 *(.debug_info .gnu.linkonce.wi.*)

.debug_abbrev
 *(.debug_abbrev)

.debug_line
 *(.debug_line .debug_line.* .debug_line_end)

.debug_frame
 *(.debug_frame)

.debug_str
 *(.debug_str)

.debug_loc
 *(.debug_loc)

.debug_macinfo
 *(.debug_macinfo)

.debug_weaknames
 *(.debug_weaknames)

.debug_funcnames
 *(.debug_funcnames)

.debug_typenames
 *(.debug_typenames)

.debug_varnames
 *(.debug_varnames)

.debug_pubtypes
 *(.debug_pubtypes)

.debug_ranges
 *(.debug_ranges)

.debug_macro
 *(.debug_macro)

.debug_addr
 *(.debug_addr)

.gnu.attributes
 *(.gnu.attributes)

/DISCARD/
 *(.note.GNU-stack)
 *(.gnu_debuglink)
 *(.gnu.lto_*)
OUTPUT(build/kernel.bin elf32-i386)
