
Allocating common symbols
Common symbol       size              file

kbd_buf             0x6c              build/keyboard.o
thread_ready_list   0x10              build/thread.o
thread_all_list     0x10              build/thread.o
user_pool           0x2c              build/memory.o
k_block_descs       0xa8              build/memory.o
intr_name           0x204             build/interrupt.o
main_thread         0x4               build/thread.o
ticks               0x4               build/timer.o
kernel_vaddr        0xc               build/memory.o
syscall_table       0x80              build/syscall-init.o
idt_table           0x204             build/interrupt.o
kernel_pool         0x2c              build/memory.o
pid_lock            0x1c              build/thread.o

Discarded input sections

 .note.GNU-stack
                0x0000000000000000        0x0 build/main.o
 .note.GNU-stack
                0x0000000000000000        0x0 build/init.o
 .note.GNU-stack
                0x0000000000000000        0x0 build/interrupt.o
 .note.GNU-stack
                0x0000000000000000        0x0 build/timer.o
 .note.GNU-stack
                0x0000000000000000        0x0 build/debug.o
 .note.GNU-stack
                0x0000000000000000        0x0 build/string.o
 .note.GNU-stack
                0x0000000000000000        0x0 build/bitmap.o
 .note.GNU-stack
                0x0000000000000000        0x0 build/memory.o
 .note.GNU-stack
                0x0000000000000000        0x0 build/thread.o
 .note.GNU-stack
                0x0000000000000000        0x0 build/list.o
 .note.GNU-stack
                0x0000000000000000        0x0 build/sync.o
 .note.GNU-stack
                0x0000000000000000        0x0 build/console.o
 .note.GNU-stack
                0x0000000000000000        0x0 build/keyboard.o
 .note.GNU-stack
                0x0000000000000000        0x0 build/ioqueue.o
 .note.GNU-stack
                0x0000000000000000        0x0 build/tss.o
 .note.GNU-stack
                0x0000000000000000        0x0 build/process.o
 .note.GNU-stack
                0x0000000000000000        0x0 build/syscall.o
 .note.GNU-stack
                0x0000000000000000        0x0 build/syscall-init.o
 .note.GNU-stack
                0x0000000000000000        0x0 build/stdio.o

Memory Configuration

Name             Origin             Length             Attributes
*default*        0x0000000000000000 0xffffffffffffffff

Linker script and memory map

Address of section .text set to 0xc0001500
LOAD build/main.o
LOAD build/init.o
LOAD build/interrupt.o
LOAD build/timer.o
LOAD build/kernel.o
LOAD build/print.o
LOAD build/debug.o
LOAD build/string.o
LOAD build/bitmap.o
LOAD build/memory.o
LOAD build/thread.o
LOAD build/list.o
LOAD build/switch.o
LOAD build/sync.o
LOAD build/console.o
LOAD build/keyboard.o
LOAD build/ioqueue.o
LOAD build/tss.o
LOAD build/process.o
LOAD build/syscall.o
LOAD build/syscall-init.o
LOAD build/stdio.o
                [!provide]                        PROVIDE (__executable_start = SEGMENT_START ("text-segment", 0x8048000))
                0x00000000080480d4                . = (SEGMENT_START ("text-segment", 0x8048000) + SIZEOF_HEADERS)

.interp
 *(.interp)

.note.gnu.build-id
 *(.note.gnu.build-id)

.hash
 *(.hash)

.gnu.hash
 *(.gnu.hash)

.dynsym
 *(.dynsym)

.dynstr
 *(.dynstr)

.gnu.version
 *(.gnu.version)

.gnu.version_d
 *(.gnu.version_d)

.gnu.version_r
 *(.gnu.version_r)

.rel.dyn        0x00000000080480d4        0x0
 *(.rel.init)
 *(.rel.text .rel.text.* .rel.gnu.linkonce.t.*)
 .rel.text      0x00000000080480d4        0x0 build/main.o
 *(.rel.fini)
 *(.rel.rodata .rel.rodata.* .rel.gnu.linkonce.r.*)
 *(.rel.data.rel.ro .rel.data.rel.ro.* .rel.gnu.linkonce.d.rel.ro.*)
 *(.rel.data .rel.data.* .rel.gnu.linkonce.d.*)
 *(.rel.tdata .rel.tdata.* .rel.gnu.linkonce.td.*)
 *(.rel.tbss .rel.tbss.* .rel.gnu.linkonce.tb.*)
 *(.rel.ctors)
 *(.rel.dtors)
 *(.rel.got)
 .rel.got       0x00000000080480d4        0x0 build/main.o
 *(.rel.bss .rel.bss.* .rel.gnu.linkonce.b.*)
 *(.rel.ifunc)

.rel.plt        0x00000000080480d4        0x0
 *(.rel.plt)
                [!provide]                        PROVIDE (__rel_iplt_start = .)
 *(.rel.iplt)
 .rel.iplt      0x00000000080480d4        0x0 build/main.o
                [!provide]                        PROVIDE (__rel_iplt_end = .)
                0x0000000008049000                . = ALIGN (CONSTANT (MAXPAGESIZE))

.init
 *(SORT_NONE(.init))

.plt            0x0000000008049000        0x0
 *(.plt)
 *(.iplt)
 .iplt          0x0000000008049000        0x0 build/main.o

.plt.got
 *(.plt.got)

.plt.sec
 *(.plt.sec)

.text           0x00000000c0001500     0x42b3
 *(.text.unlikely .text.*_unlikely .text.unlikely.*)
 *(.text.exit .text.exit.*)
 *(.text.startup .text.startup.*)
 *(.text.hot .text.hot.*)
 *(SORT_BY_NAME(.text.sorted.*))
 *(.text .stub .text.* .gnu.linkonce.t.*)
 .text          0x00000000c0001500      0x325 build/main.o
                0x00000000c0001500                main
                0x00000000c0001591                k_thread_a
                0x00000000c000164e                k_thread_b
                0x00000000c000170b                u_prog_a
                0x00000000c0001798                u_prog_b
 .text          0x00000000c0001825       0x3c build/init.o
                0x00000000c0001825                init_all
 .text          0x00000000c0001861      0x47e build/interrupt.o
                0x00000000c0001bd2                intr_enable
                0x00000000c0001bfb                intr_disable
                0x00000000c0001c24                intr_set_status
                0x00000000c0001c42                intr_get_status
                0x00000000c0001c65                register_handler
                0x00000000c0001c81                idt_init
 .text          0x00000000c0001cdf      0x198 build/timer.o
                0x00000000c0001e17                timer_init
 *fill*         0x00000000c0001e77        0x9 
 .text          0x00000000c0001e80      0x565 build/kernel.o
                0x00000000c0001e80                intr_exit
                0x00000000c00023c1                syscall_handler
 *fill*         0x00000000c00023e5        0xb 
 .text          0x00000000c00023f0      0x172 build/print.o
                0x00000000c00023f0                put_str
                0x00000000c000240e                put_char
                0x00000000c00024db                put_int
                0x00000000c000253e                set_cursor
 .text          0x00000000c0002562       0xa5 build/debug.o
                0x00000000c0002562                panic_spin
 .text          0x00000000c0002607      0x451 build/string.o
                0x00000000c0002607                memset
                0x00000000c0002663                memcpy
                0x00000000c00026cb                memcmp
                0x00000000c000275e                strcpy
                0x00000000c00027c1                strlen
                0x00000000c000281b                strcmp
                0x00000000c00028a2                strchr
                0x00000000c0002908                strrchr
                0x00000000c0002971                strcat
                0x00000000c00029eb                strchrs
 .text          0x00000000c0002a58      0x270 build/bitmap.o
                0x00000000c0002a58                bitmap_init
                0x00000000c0002a7f                bitmap_scan_test
                0x00000000c0002ac1                bitmap_scan
                0x00000000c0002c0f                bitmap_set
 .text          0x00000000c0002cc8     0x10d4 build/memory.o
                0x00000000c0002dee                pte_ptr
                0x00000000c0002e1f                pde_ptr
                0x00000000c0002fc0                malloc_page
                0x00000000c000308a                get_kernel_pages
                0x00000000c00030ce                get_user_pages
                0x00000000c0003124                get_a_page
                0x00000000c00032a0                addr_v2p
                0x00000000c0003492                block_desc_init
                0x00000000c000350f                mem_init
                0x00000000c0003578                sys_malloc
                0x00000000c0003888                pfree
                0x00000000c00039d0                mfree_page
                0x00000000c0003b9b                sys_free
 .text          0x00000000c0003d9c      0x5eb build/thread.o
                0x00000000c0003dd3                running_thread
                0x00000000c0003dfe                thread_create
                0x00000000c0003e74                init_thread
                0x00000000c0003f1e                thread_start
                0x00000000c0004099                schedule
                0x00000000c00041cc                thread_block
                0x00000000c0004233                thread_unblock
                0x00000000c000433e                thread_init
 .text          0x00000000c0004387      0x218 build/list.o
                0x00000000c0004387                list_init
                0x00000000c00043b4                list_insert_before
                0x00000000c00043f5                list_push
                0x00000000c0004412                list_append
                0x00000000c000442f                list_remove
                0x00000000c0004465                list_pop
                0x00000000c00044b8                elem_find
                0x00000000c00044f3                list_traversal
                0x00000000c0004551                list_len
                0x00000000c0004586                list_empty
 *fill*         0x00000000c000459f        0x1 
 .text          0x00000000c00045a0       0x15 build/switch.o
                0x00000000c00045a0                switch_to
 .text          0x00000000c00045b5      0x347 build/sync.o
                0x00000000c00045b5                sema_init
                0x00000000c00045da                lock_init
                0x00000000c000460b                sema_down
                0x00000000c000471f                sema_up
                0x00000000c00047d5                lock_acquire
                0x00000000c0004851                lock_release
 .text          0x00000000c00048fc       0x9a build/console.o
                0x00000000c00048fc                console_init
                0x00000000c0004910                console_acquire
                0x00000000c0004924                console_release
                0x00000000c0004938                console_put_str
                0x00000000c0004955                console_put_char
                0x00000000c0004979                console_put_int
 .text          0x00000000c0004996      0x2ca build/keyboard.o
                0x00000000c0004c20                keyboard_init
 .text          0x00000000c0004c60      0x2f1 build/ioqueue.o
                0x00000000c0004c60                ioqueue_init
                0x00000000c0004cbd                ioq_full
                0x00000000c0004d0e                ioq_empty
                0x00000000c0004df3                ioq_getchar
                0x00000000c0004ea1                ioq_putchar
 .text          0x00000000c0004f51      0x1a9 build/tss.o
                0x00000000c0004f51                update_tss_esp
                0x00000000c0004fcc                tss_init
 .text          0x00000000c00050fa      0x367 build/process.o
                0x00000000c00050fa                start_process
                0x00000000c0005200                page_dir_activate
                0x00000000c0005230                process_activate
                0x00000000c0005282                create_page_dir
                0x00000000c00052f3                create_user_vaddr_bitmap
                0x00000000c0005337                process_execute
 .text          0x00000000c0005461       0x6f build/syscall.o
                0x00000000c0005461                getpid
                0x00000000c0005476                write
                0x00000000c0005495                malloc
                0x00000000c00054b4                free
 .text          0x00000000c00054d0       0x78 build/syscall-init.o
                0x00000000c00054d0                sys_getpid
                0x00000000c00054e2                sys_write
                0x00000000c0005500                syscall_init
 .text          0x00000000c0005548      0x26b build/stdio.o
                0x00000000c00055ce                vsprintf
                0x00000000c0005751                printf
 *(.gnu.warning)

.fini
 *(SORT_NONE(.fini))
                [!provide]                        PROVIDE (__etext = .)
                [!provide]                        PROVIDE (_etext = .)
                [!provide]                        PROVIDE (etext = .)
                0x00000000c0006000                . = ALIGN (CONSTANT (MAXPAGESIZE))
                0x00000000c0006000                . = SEGMENT_START ("rodata-segment", (ALIGN (CONSTANT (MAXPAGESIZE)) + (. & (CONSTANT (MAXPAGESIZE) - 0x1))))

.rodata         0x00000000c0006000      0xf08
 *(.rodata .rodata.* .gnu.linkonce.r.*)
 .rodata        0x00000000c0006000       0xb8 build/main.o
 .rodata        0x00000000c00060b8        0xa build/init.o
 *fill*         0x00000000c00060c2        0x2 
 .rodata        0x00000000c00060c4      0x2c9 build/interrupt.o
 *fill*         0x00000000c000638d        0x3 
 .rodata        0x00000000c0006390       0x6b build/timer.o
 .rodata        0x00000000c00063fb       0x3b build/debug.o
 .rodata        0x00000000c0006436       0xa2 build/string.o
 .rodata        0x00000000c00064d8       0x68 build/bitmap.o
 .rodata        0x00000000c0006540      0x399 build/memory.o
 *fill*         0x00000000c00068d9        0x3 
 .rodata        0x00000000c00068dc      0x2be build/thread.o
 *fill*         0x00000000c0006b9a        0x2 
 .rodata        0x00000000c0006b9c       0x3c build/list.o
 .rodata        0x00000000c0006bd8      0x12f build/sync.o
 .rodata        0x00000000c0006d07       0x38 build/keyboard.o
 *fill*         0x00000000c0006d3f        0x1 
 .rodata        0x00000000c0006d40       0x9d build/ioqueue.o
 .rodata        0x00000000c0006ddd       0x27 build/tss.o
 .rodata        0x00000000c0006e04       0xdd build/process.o
 .rodata        0x00000000c0006ee1       0x27 build/syscall-init.o

.rodata1
 *(.rodata1)

.eh_frame_hdr
 *(.eh_frame_hdr)
 *(.eh_frame_entry .eh_frame_entry.*)

.eh_frame
 *(.eh_frame)
 *(.eh_frame.*)

.gcc_except_table
 *(.gcc_except_table .gcc_except_table.*)

.gnu_extab
 *(.gnu_extab*)

.exception_ranges
 *(.exception_ranges*)
                0x00000000c0007000                . = DATA_SEGMENT_ALIGN (CONSTANT (MAXPAGESIZE), CONSTANT (COMMONPAGESIZE))

.eh_frame
 *(.eh_frame)
 *(.eh_frame.*)

.gnu_extab
 *(.gnu_extab)

.gcc_except_table
 *(.gcc_except_table .gcc_except_table.*)

.exception_ranges
 *(.exception_ranges*)

.tdata          0x00000000c0007000        0x0
                [!provide]                        PROVIDE (__tdata_start = .)
 *(.tdata .tdata.* .gnu.linkonce.td.*)

.tbss
 *(.tbss .tbss.* .gnu.linkonce.tb.*)
 *(.tcommon)

.preinit_array  0x00000000c0007000        0x0
                [!provide]                        PROVIDE (__preinit_array_start = .)
 *(.preinit_array)
                [!provide]                        PROVIDE (__preinit_array_end = .)

.init_array     0x00000000c0007000        0x0
                [!provide]                        PROVIDE (__init_array_start = .)
 *(SORT_BY_INIT_PRIORITY(.init_array.*) SORT_BY_INIT_PRIORITY(.ctors.*))
 *(.init_array EXCLUDE_FILE(*crtend?.o *crtend.o *crtbegin?.o *crtbegin.o) .ctors)
                [!provide]                        PROVIDE (__init_array_end = .)

.fini_array     0x00000000c0007000        0x0
                [!provide]                        PROVIDE (__fini_array_start = .)
 *(SORT_BY_INIT_PRIORITY(.fini_array.*) SORT_BY_INIT_PRIORITY(.dtors.*))
 *(.fini_array EXCLUDE_FILE(*crtend?.o *crtend.o *crtbegin?.o *crtbegin.o) .dtors)
                [!provide]                        PROVIDE (__fini_array_end = .)

.ctors
 *crtbegin.o(.ctors)
 *crtbegin?.o(.ctors)
 *(EXCLUDE_FILE(*crtend?.o *crtend.o) .ctors)
 *(SORT_BY_NAME(.ctors.*))
 *(.ctors)

.dtors
 *crtbegin.o(.dtors)
 *crtbegin?.o(.dtors)
 *(EXCLUDE_FILE(*crtend?.o *crtend.o) .dtors)
 *(SORT_BY_NAME(.dtors.*))
 *(.dtors)

.jcr
 *(.jcr)

.data.rel.ro
 *(.data.rel.ro.local* .gnu.linkonce.d.rel.ro.local.*)
 *(.data.rel.ro .data.rel.ro.* .gnu.linkonce.d.rel.ro.*)

.dynamic
 *(.dynamic)

.got            0x00000000c0007000        0x0
 *(.got)
 .got           0x00000000c0007000        0x0 build/main.o
 *(.igot)
                0x00000000c0007000                . = DATA_SEGMENT_RELRO_END (., (SIZEOF (.got.plt) >= 0xc)?0xc:0x0)

.got.plt        0x00000000c0007000        0x0
 *(.got.plt)
 .got.plt       0x00000000c0007000        0x0 build/main.o
 *(.igot.plt)
 .igot.plt      0x00000000c0007000        0x0 build/main.o

.data           0x00000000c0007000      0x156
 *(.data .data.* .gnu.linkonce.d.*)
 .data          0x00000000c0007000        0x0 build/main.o
 .data          0x00000000c0007000        0x0 build/init.o
 .data          0x00000000c0007000        0x0 build/interrupt.o
 .data          0x00000000c0007000        0x0 build/timer.o
 .data          0x00000000c0007000       0xc0 build/kernel.o
                0x00000000c0007000                intr_entry_table
 .data          0x00000000c00070c0        0x8 build/print.o
 .data          0x00000000c00070c8        0x0 build/debug.o
 .data          0x00000000c00070c8        0x0 build/string.o
 .data          0x00000000c00070c8        0x0 build/bitmap.o
 .data          0x00000000c00070c8        0x0 build/memory.o
 .data          0x00000000c00070c8        0x0 build/thread.o
 .data          0x00000000c00070c8        0x0 build/list.o
 .data          0x00000000c00070c8        0x0 build/sync.o
 .data          0x00000000c00070c8        0x0 build/console.o
 *fill*         0x00000000c00070c8       0x18 
 .data          0x00000000c00070e0       0x76 build/keyboard.o
 .data          0x00000000c0007156        0x0 build/ioqueue.o
 .data          0x00000000c0007156        0x0 build/tss.o
 .data          0x00000000c0007156        0x0 build/process.o
 .data          0x00000000c0007156        0x0 build/syscall.o
 .data          0x00000000c0007156        0x0 build/syscall-init.o
 .data          0x00000000c0007156        0x0 build/stdio.o

.data1
 *(.data1)
                0x00000000c0007156                _edata = .
                [!provide]                        PROVIDE (edata = .)
                0x00000000c0007156                . = .
                0x00000000c0007156                __bss_start = .

.bss            0x00000000c0007160      0xba0
 *(.dynbss)
 *(.bss .bss.* .gnu.linkonce.b.*)
 .bss           0x00000000c0007160        0x8 build/main.o
                0x00000000c0007160                prog_a_pid
                0x00000000c0007164                prog_b_pid
 .bss           0x00000000c0007168        0x0 build/init.o
 *fill*         0x00000000c0007168       0x18 
 .bss           0x00000000c0007180      0x408 build/interrupt.o
 .bss           0x00000000c0007588        0x0 build/timer.o
 .bss           0x00000000c0007588        0x0 build/debug.o
 .bss           0x00000000c0007588        0x0 build/string.o
 .bss           0x00000000c0007588        0x0 build/bitmap.o
 .bss           0x00000000c0007588        0x0 build/memory.o
 .bss           0x00000000c0007588        0x6 build/thread.o
 .bss           0x00000000c000758e        0x0 build/list.o
 .bss           0x00000000c000758e        0x0 build/sync.o
 *fill*         0x00000000c000758e        0x2 
 .bss           0x00000000c0007590       0x1c build/console.o
 .bss           0x00000000c00075ac       0x14 build/keyboard.o
 .bss           0x00000000c00075c0        0x0 build/ioqueue.o
 .bss           0x00000000c00075c0       0x6c build/tss.o
 .bss           0x00000000c000762c        0x0 build/process.o
 .bss           0x00000000c000762c        0x0 build/syscall.o
 .bss           0x00000000c000762c        0x0 build/syscall-init.o
 .bss           0x00000000c000762c        0x0 build/stdio.o
 *(COMMON)
 *fill*         0x00000000c000762c       0x14 
 COMMON         0x00000000c0007640      0x424 build/interrupt.o
                0x00000000c0007640                intr_name
                0x00000000c0007860                idt_table
 COMMON         0x00000000c0007a64        0x4 build/timer.o
                0x00000000c0007a64                ticks
 *fill*         0x00000000c0007a68       0x18 
 COMMON         0x00000000c0007a80      0x12c build/memory.o
                0x00000000c0007a80                user_pool
                0x00000000c0007ac0                k_block_descs
                0x00000000c0007b68                kernel_vaddr
                0x00000000c0007b80                kernel_pool
 COMMON         0x00000000c0007bac       0x40 build/thread.o
                0x00000000c0007bac                thread_ready_list
                0x00000000c0007bbc                thread_all_list
                0x00000000c0007bcc                main_thread
                0x00000000c0007bd0                pid_lock
 *fill*         0x00000000c0007bec       0x14 
 COMMON         0x00000000c0007c00       0x6c build/keyboard.o
                0x00000000c0007c00                kbd_buf
 *fill*         0x00000000c0007c6c       0x14 
 COMMON         0x00000000c0007c80       0x80 build/syscall-init.o
                0x00000000c0007c80                syscall_table
                0x00000000c0007d00                . = ALIGN ((. != 0x0)?0x4:0x1)
                0x00000000c0007d00                . = ALIGN (0x4)
                0x00000000c0007d00                . = SEGMENT_START ("ldata-segment", .)
                0x00000000c0007d00                . = ALIGN (0x4)
                0x00000000c0007d00                _end = .
                [!provide]                        PROVIDE (end = .)
                0x00000000c0007d00                . = DATA_SEGMENT_END (.)

.stab
 *(.stab)

.stabstr
 *(.stabstr)

.stab.excl
 *(.stab.excl)

.stab.exclstr
 *(.stab.exclstr)

.stab.index
 *(.stab.index)

.stab.indexstr
 *(.stab.indexstr)

.comment        0x0000000000000000       0x2a
 *(.comment)
 .comment       0x0000000000000000       0x2a build/main.o
                                         0x2b (size before relaxing)
 .comment       0x000000000000002a       0x2b build/init.o
 .comment       0x000000000000002a       0x2b build/interrupt.o
 .comment       0x000000000000002a       0x2b build/timer.o
 .comment       0x000000000000002a       0x2b build/debug.o
 .comment       0x000000000000002a       0x2b build/string.o
 .comment       0x000000000000002a       0x2b build/bitmap.o
 .comment       0x000000000000002a       0x2b build/memory.o
 .comment       0x000000000000002a       0x2b build/thread.o
 .comment       0x000000000000002a       0x2b build/list.o
 .comment       0x000000000000002a       0x2b build/sync.o
 .comment       0x000000000000002a       0x2b build/console.o
 .comment       0x000000000000002a       0x2b build/keyboard.o
 .comment       0x000000000000002a       0x2b build/ioqueue.o
 .comment       0x000000000000002a       0x2b build/tss.o
 .comment       0x000000000000002a       0x2b build/process.o
 .comment       0x000000000000002a       0x2b build/syscall.o
 .comment       0x000000000000002a       0x2b build/syscall-init.o
 .comment       0x000000000000002a       0x2b build/stdio.o

.gnu.build.attributes
 *(.gnu.build.attributes .gnu.build.attributes.*)

.debug
 *(.debug)

.line
 *(.line)

.debug_srcinfo
 *(.debug_srcinfo)

.debug_sfnames
 *(.debug_sfnames)

.debug_aranges
 *(.debug_aranges)

.debug_pubnames
 *(.debug_pubnames)

.debug_info
 *(.debug_info .gnu.linkonce.wi.*)

.debug_abbrev
 *(.debug_abbrev)

.debug_line
 *(.debug_line .debug_line.* .debug_line_end)

.debug_frame
 *(.debug_frame)

.debug_str
 *(.debug_str)

.debug_loc
 *(.debug_loc)

.debug_macinfo
 *(.debug_macinfo)

.debug_weaknames
 *(.debug_weaknames)

.debug_funcnames
 *(.debug_funcnames)

.debug_typenames
 *(.debug_typenames)

.debug_varnames
 *(.debug_varnames)

.debug_pubtypes
 *(.debug_pubtypes)

.debug_ranges
 *(.debug_ranges)

.debug_macro
 *(.debug_macro)

.debug_addr
 *(.debug_addr)

.gnu.attributes
 *(.gnu.attributes)

/DISCARD/
 *(.note.GNU-stack)
 *(.gnu_debuglink)
 *(.gnu.lto_*)
OUTPUT(build/kernel.bin elf32-i386)
