
Merging program properties

Removed property 0xc0000002 to merge build/main.o (0x3) and build/kernel.o (not found)
Removed property 0xc0000002 to merge build/main.o (not found) and build/debug.o (0x3)
Removed property 0xc0000002 to merge build/main.o (not found) and build/string.o (0x3)
Removed property 0xc0000002 to merge build/main.o (not found) and build/bitmap.o (0x3)
Removed property 0xc0000002 to merge build/main.o (not found) and build/memory.o (0x3)
Removed property 0xc0000002 to merge build/main.o (not found) and build/thread.o (0x3)
Removed property 0xc0000002 to merge build/main.o (not found) and build/list.o (0x3)

Allocating common symbols
Common symbol       size              file

thread_ready_list   0x10              build/thread.o
thread_all_list     0x10              build/thread.o
user_pool           0x10              build/memory.o
intr_name           0x84              build/interrupt.o
main_thread         0x4               build/thread.o
ticks               0x4               build/timer.o
kernel_vaddr        0xc               build/memory.o
idt_table           0x84              build/interrupt.o
kernel_pool         0x10              build/memory.o

Discarded input sections

 .note.GNU-stack
                0x0000000000000000        0x0 build/main.o
 .note.gnu.property
                0x0000000000000000       0x1c build/main.o
 .note.GNU-stack
                0x0000000000000000        0x0 build/init.o
 .note.gnu.property
                0x0000000000000000       0x1c build/init.o
 .note.GNU-stack
                0x0000000000000000        0x0 build/interrupt.o
 .note.gnu.property
                0x0000000000000000       0x1c build/interrupt.o
 .note.GNU-stack
                0x0000000000000000        0x0 build/timer.o
 .note.gnu.property
                0x0000000000000000       0x1c build/timer.o
 .note.GNU-stack
                0x0000000000000000        0x0 build/debug.o
 .note.gnu.property
                0x0000000000000000       0x1c build/debug.o
 .note.GNU-stack
                0x0000000000000000        0x0 build/string.o
 .note.gnu.property
                0x0000000000000000       0x1c build/string.o
 .note.GNU-stack
                0x0000000000000000        0x0 build/bitmap.o
 .note.gnu.property
                0x0000000000000000       0x1c build/bitmap.o
 .note.GNU-stack
                0x0000000000000000        0x0 build/memory.o
 .note.gnu.property
                0x0000000000000000       0x1c build/memory.o
 .note.GNU-stack
                0x0000000000000000        0x0 build/thread.o
 .note.gnu.property
                0x0000000000000000       0x1c build/thread.o
 .note.GNU-stack
                0x0000000000000000        0x0 build/list.o
 .note.gnu.property
                0x0000000000000000       0x1c build/list.o

Memory Configuration

Name             Origin             Length             Attributes
*default*        0x0000000000000000 0xffffffffffffffff

Linker script and memory map

Address of section .text set to 0xc0001500
LOAD build/main.o
LOAD build/init.o
LOAD build/interrupt.o
LOAD build/timer.o
LOAD build/kernel.o
LOAD build/print.o
LOAD build/debug.o
LOAD build/string.o
LOAD build/bitmap.o
LOAD build/memory.o
LOAD build/thread.o
LOAD build/list.o
LOAD build/switch.o
                [!provide]                        PROVIDE (__executable_start = SEGMENT_START ("text-segment", 0x8048000))
                0x00000000080480d4                . = (SEGMENT_START ("text-segment", 0x8048000) + SIZEOF_HEADERS)

.interp
 *(.interp)

.note.gnu.build-id
 *(.note.gnu.build-id)

.hash
 *(.hash)

.gnu.hash
 *(.gnu.hash)

.dynsym
 *(.dynsym)

.dynstr
 *(.dynstr)

.gnu.version
 *(.gnu.version)

.gnu.version_d
 *(.gnu.version_d)

.gnu.version_r
 *(.gnu.version_r)

.rel.dyn        0x00000000080480d4        0x0
 *(.rel.init)
 *(.rel.text .rel.text.* .rel.gnu.linkonce.t.*)
 .rel.text      0x00000000080480d4        0x0 build/main.o
 *(.rel.fini)
 *(.rel.rodata .rel.rodata.* .rel.gnu.linkonce.r.*)
 *(.rel.data.rel.ro .rel.data.rel.ro.* .rel.gnu.linkonce.d.rel.ro.*)
 *(.rel.data .rel.data.* .rel.gnu.linkonce.d.*)
 *(.rel.tdata .rel.tdata.* .rel.gnu.linkonce.td.*)
 *(.rel.tbss .rel.tbss.* .rel.gnu.linkonce.tb.*)
 *(.rel.ctors)
 *(.rel.dtors)
 *(.rel.got)
 .rel.got       0x00000000080480d4        0x0 build/main.o
 *(.rel.bss .rel.bss.* .rel.gnu.linkonce.b.*)
 *(.rel.ifunc)

.rel.plt        0x00000000080480d4        0x0
 *(.rel.plt)
                [!provide]                        PROVIDE (__rel_iplt_start = .)
 *(.rel.iplt)
 .rel.iplt      0x00000000080480d4        0x0 build/main.o
                [!provide]                        PROVIDE (__rel_iplt_end = .)
                0x0000000008049000                . = ALIGN (CONSTANT (MAXPAGESIZE))

.init
 *(SORT_NONE(.init))

.plt            0x0000000008049000        0x0
 *(.plt)
 *(.iplt)
 .iplt          0x0000000008049000        0x0 build/main.o

.plt.got
 *(.plt.got)

.plt.sec
 *(.plt.sec)

.text           0x00000000c0001500     0x1f75
 *(.text.unlikely .text.*_unlikely .text.unlikely.*)
 *(.text.exit .text.exit.*)
 *(.text.startup .text.startup.*)
 *(.text.hot .text.hot.*)
 *(SORT_BY_NAME(.text.sorted.*))
 *(.text .stub .text.* .gnu.linkonce.t.*)
 .text          0x00000000c0001500       0xa3 build/main.o
                0x00000000c0001500                main
                0x00000000c0001563                k_thread_a
                0x00000000c0001583                k_thread_b
 .text          0x00000000c00015a3       0x31 build/init.o
                0x00000000c00015a3                init_all
 .text          0x00000000c00015d4      0x4e0 build/interrupt.o
                0x00000000c000196e                intr_enable
                0x00000000c000199b                intr_disable
                0x00000000c00019c8                intr_set_status
                0x00000000c00019ea                intr_get_status
                0x00000000c0001a0b                register_handler
                0x00000000c0001a5c                idt_init
 .text          0x00000000c0001ab4      0x189 build/timer.o
                0x00000000c0001be6                timer_init
 *fill*         0x00000000c0001c3d        0x3 
 .text          0x00000000c0001c40      0x39d build/kernel.o
                0x00000000c0001c40                intr_exit
 *fill*         0x00000000c0001fdd        0x3 
 .text          0x00000000c0001fe0      0x14e build/print.o
                0x00000000c0001fe0                put_str
                0x00000000c0001ffe                put_char
                0x00000000c00020ad                set_cursor
                0x00000000c00020cb                put_int
 .text          0x00000000c000212e       0xac build/debug.o
                0x00000000c000212e                panic_spin
 .text          0x00000000c00021da      0x3f6 build/string.o
                0x00000000c00021da                memset
                0x00000000c0002231                memcpy
                0x00000000c0002296                memcmp
                0x00000000c000231d                strcpy
                0x00000000c0002376                strlen
                0x00000000c00023c1                strcmp
                0x00000000c000243e                strchr
                0x00000000c000249a                strrchr
                0x00000000c00024fc                strcat
                0x00000000c000256a                strchrs
 .text          0x00000000c00025d0      0x25a build/bitmap.o
                0x00000000c00025d0                bitmap_init
                0x00000000c00025f7                bitmap_scan_test
                0x00000000c000263b                bitmap_scan
                0x00000000c0002770                bitmap_set
 .text          0x00000000c000282a      0x575 build/memory.o
                0x00000000c00028b0                pte_ptr
                0x00000000c00028e4                pde_ptr
                0x00000000c0002a75                malloc_page
                0x00000000c0002b38                get_kernel_pages
                0x00000000c0002d5a                mem_init
 .text          0x00000000c0002d9f      0x47d build/thread.o
                0x00000000c0002d9f                running_thread
                0x00000000c0002dd8                thread_create
                0x00000000c0002e53                init_thread
                0x00000000c0002f1b                thread_start
                0x00000000c00030a5                schedule
                0x00000000c00031ca                thread_init
 .text          0x00000000c000321c      0x242 build/list.o
                0x00000000c000321c                list_init
                0x00000000c000324e                list_insert_before
                0x00000000c0003297                list_push
                0x00000000c00032b9                list_append
                0x00000000c00032db                list_remove
                0x00000000c0003319                list_pop
                0x00000000c0003368                elem_find
                0x00000000c00033a7                list_traversal
                0x00000000c0003408                list_len
                0x00000000c0003441                list_empty
 *fill*         0x00000000c000345e        0x2 
 .text          0x00000000c0003460       0x15 build/switch.o
                0x00000000c0003460                switch_to
 *(.gnu.warning)

.fini
 *(SORT_NONE(.fini))
                [!provide]                        PROVIDE (__etext = .)
                [!provide]                        PROVIDE (_etext = .)
                [!provide]                        PROVIDE (etext = .)
                0x00000000c0004000                . = ALIGN (CONSTANT (MAXPAGESIZE))
                0x00000000c0004000                . = SEGMENT_START ("rodata-segment", (ALIGN (CONSTANT (MAXPAGESIZE)) + (. & (CONSTANT (MAXPAGESIZE) - 0x1))))

.rodata         0x00000000c0004000      0x815
 *(.rodata .rodata.* .gnu.linkonce.r.*)
 .rodata        0x00000000c0004000       0x2d build/main.o
 .rodata        0x00000000c000402d        0xa build/init.o
 *fill*         0x00000000c0004037        0x1 
 .rodata        0x00000000c0004038      0x2e6 build/interrupt.o
 *fill*         0x00000000c000431e        0x2 
 .rodata        0x00000000c0004320       0x7f build/timer.o
 .rodata        0x00000000c000439f       0x31 build/debug.o
 .rodata        0x00000000c00043d0       0xac build/string.o
 .rodata        0x00000000c000447c       0x67 build/bitmap.o
 *fill*         0x00000000c00044e3        0x1 
 .rodata        0x00000000c00044e4      0x144 build/memory.o
 .rodata        0x00000000c0004628      0x1ad build/thread.o
 *fill*         0x00000000c00047d5        0x3 
 .rodata        0x00000000c00047d8       0x3d build/list.o

.rodata1
 *(.rodata1)

.eh_frame_hdr
 *(.eh_frame_hdr)
 *(.eh_frame_entry .eh_frame_entry.*)

.eh_frame       0x00000000c0004818      0x7f4
 *(.eh_frame)
 .eh_frame      0x00000000c0004818       0x74 build/main.o
 .eh_frame      0x00000000c000488c       0x20 build/init.o
                                         0x38 (size before relaxing)
 .eh_frame      0x00000000c00048ac      0x190 build/interrupt.o
                                        0x1a8 (size before relaxing)
 .eh_frame      0x00000000c0004a3c       0x8c build/timer.o
                                         0xa4 (size before relaxing)
 .eh_frame      0x00000000c0004ac8       0x1c build/debug.o
                                         0x34 (size before relaxing)
 .eh_frame      0x00000000c0004ae4      0x140 build/string.o
                                        0x158 (size before relaxing)
 .eh_frame      0x00000000c0004c24       0x88 build/bitmap.o
                                         0xa0 (size before relaxing)
 .eh_frame      0x00000000c0004cac      0x120 build/memory.o
                                        0x138 (size before relaxing)
 .eh_frame      0x00000000c0004dcc      0x100 build/thread.o
                                        0x118 (size before relaxing)
 .eh_frame      0x00000000c0004ecc      0x140 build/list.o
                                        0x158 (size before relaxing)
 *(.eh_frame.*)

.gcc_except_table
 *(.gcc_except_table .gcc_except_table.*)

.gnu_extab
 *(.gnu_extab*)

.exception_ranges
 *(.exception_ranges*)
                0x00000000c0007000                . = DATA_SEGMENT_ALIGN (CONSTANT (MAXPAGESIZE), CONSTANT (COMMONPAGESIZE))

.eh_frame
 *(.eh_frame)
 *(.eh_frame.*)

.gnu_extab
 *(.gnu_extab)

.gcc_except_table
 *(.gcc_except_table .gcc_except_table.*)

.exception_ranges
 *(.exception_ranges*)

.tdata          0x00000000c0007000        0x0
                [!provide]                        PROVIDE (__tdata_start = .)
 *(.tdata .tdata.* .gnu.linkonce.td.*)

.tbss
 *(.tbss .tbss.* .gnu.linkonce.tb.*)
 *(.tcommon)

.preinit_array  0x00000000c0007000        0x0
                [!provide]                        PROVIDE (__preinit_array_start = .)
 *(.preinit_array)
                [!provide]                        PROVIDE (__preinit_array_end = .)

.init_array     0x00000000c0007000        0x0
                [!provide]                        PROVIDE (__init_array_start = .)
 *(SORT_BY_INIT_PRIORITY(.init_array.*) SORT_BY_INIT_PRIORITY(.ctors.*))
 *(.init_array EXCLUDE_FILE(*crtend?.o *crtend.o *crtbegin?.o *crtbegin.o) .ctors)
                [!provide]                        PROVIDE (__init_array_end = .)

.fini_array     0x00000000c0007000        0x0
                [!provide]                        PROVIDE (__fini_array_start = .)
 *(SORT_BY_INIT_PRIORITY(.fini_array.*) SORT_BY_INIT_PRIORITY(.dtors.*))
 *(.fini_array EXCLUDE_FILE(*crtend?.o *crtend.o *crtbegin?.o *crtbegin.o) .dtors)
                [!provide]                        PROVIDE (__fini_array_end = .)

.ctors
 *crtbegin.o(.ctors)
 *crtbegin?.o(.ctors)
 *(EXCLUDE_FILE(*crtend?.o *crtend.o) .ctors)
 *(SORT_BY_NAME(.ctors.*))
 *(.ctors)

.dtors
 *crtbegin.o(.dtors)
 *crtbegin?.o(.dtors)
 *(EXCLUDE_FILE(*crtend?.o *crtend.o) .dtors)
 *(SORT_BY_NAME(.dtors.*))
 *(.dtors)

.jcr
 *(.jcr)

.data.rel.ro
 *(.data.rel.ro.local* .gnu.linkonce.d.rel.ro.local.*)
 *(.data.rel.ro .data.rel.ro.* .gnu.linkonce.d.rel.ro.*)

.dynamic
 *(.dynamic)

.got            0x00000000c0007000        0x0
 *(.got)
 .got           0x00000000c0007000        0x0 build/main.o
 *(.igot)
                0x00000000c0007000                . = DATA_SEGMENT_RELRO_END (., (SIZEOF (.got.plt) >= 0xc)?0xc:0x0)

.got.plt        0x00000000c0007000        0x0
 *(.got.plt)
 .got.plt       0x00000000c0007000        0x0 build/main.o
 *(.igot.plt)
 .igot.plt      0x00000000c0007000        0x0 build/main.o

.data           0x00000000c0007000       0x8c
 *(.data .data.* .gnu.linkonce.d.*)
 .data          0x00000000c0007000        0x0 build/main.o
 .data          0x00000000c0007000        0x0 build/init.o
 .data          0x00000000c0007000        0x0 build/interrupt.o
 .data          0x00000000c0007000        0x0 build/timer.o
 .data          0x00000000c0007000       0x84 build/kernel.o
                0x00000000c0007000                intr_entry_table
 .data          0x00000000c0007084        0x8 build/print.o
 .data          0x00000000c000708c        0x0 build/debug.o
 .data          0x00000000c000708c        0x0 build/string.o
 .data          0x00000000c000708c        0x0 build/bitmap.o
 .data          0x00000000c000708c        0x0 build/memory.o
 .data          0x00000000c000708c        0x0 build/thread.o
 .data          0x00000000c000708c        0x0 build/list.o

.data1
 *(.data1)
                0x00000000c000708c                _edata = .
                [!provide]                        PROVIDE (edata = .)
                0x00000000c000708c                . = .
                0x00000000c000708c                __bss_start = .

.bss            0x00000000c00070a0      0x298
 *(.dynbss)
 *(.bss .bss.* .gnu.linkonce.b.*)
 .bss           0x00000000c00070a0        0x0 build/main.o
 .bss           0x00000000c00070a0        0x0 build/init.o
 .bss           0x00000000c00070a0      0x108 build/interrupt.o
 .bss           0x00000000c00071a8        0x0 build/timer.o
 .bss           0x00000000c00071a8        0x0 build/debug.o
 .bss           0x00000000c00071a8        0x0 build/string.o
 .bss           0x00000000c00071a8        0x0 build/bitmap.o
 .bss           0x00000000c00071a8        0x0 build/memory.o
 .bss           0x00000000c00071a8        0x4 build/thread.o
 .bss           0x00000000c00071ac        0x0 build/list.o
 *(COMMON)
 *fill*         0x00000000c00071ac       0x14 
 COMMON         0x00000000c00071c0      0x124 build/interrupt.o
                0x00000000c00071c0                intr_name
                0x00000000c0007260                idt_table
 COMMON         0x00000000c00072e4        0x4 build/timer.o
                0x00000000c00072e4                ticks
 COMMON         0x00000000c00072e8       0x2c build/memory.o
                0x00000000c00072e8                user_pool
                0x00000000c00072f8                kernel_vaddr
                0x00000000c0007304                kernel_pool
 COMMON         0x00000000c0007314       0x24 build/thread.o
                0x00000000c0007314                thread_ready_list
                0x00000000c0007324                thread_all_list
                0x00000000c0007334                main_thread
                0x00000000c0007338                . = ALIGN ((. != 0x0)?0x4:0x1)
                0x00000000c0007338                . = ALIGN (0x4)
                0x00000000c0007338                . = SEGMENT_START ("ldata-segment", .)
                0x00000000c0007338                . = ALIGN (0x4)
                0x00000000c0007338                _end = .
                [!provide]                        PROVIDE (end = .)
                0x00000000c0007338                . = DATA_SEGMENT_END (.)

.stab
 *(.stab)

.stabstr
 *(.stabstr)

.stab.excl
 *(.stab.excl)

.stab.exclstr
 *(.stab.exclstr)

.stab.index
 *(.stab.index)

.stab.indexstr
 *(.stab.indexstr)

.comment        0x0000000000000000       0x2b
 *(.comment)
 .comment       0x0000000000000000       0x2b build/main.o
                                         0x2c (size before relaxing)
 .comment       0x000000000000002b       0x2c build/init.o
 .comment       0x000000000000002b       0x2c build/interrupt.o
 .comment       0x000000000000002b       0x2c build/timer.o
 .comment       0x000000000000002b       0x2c build/debug.o
 .comment       0x000000000000002b       0x2c build/string.o
 .comment       0x000000000000002b       0x2c build/bitmap.o
 .comment       0x000000000000002b       0x2c build/memory.o
 .comment       0x000000000000002b       0x2c build/thread.o
 .comment       0x000000000000002b       0x2c build/list.o

.gnu.build.attributes
 *(.gnu.build.attributes .gnu.build.attributes.*)

.debug
 *(.debug)

.line
 *(.line)

.debug_srcinfo
 *(.debug_srcinfo)

.debug_sfnames
 *(.debug_sfnames)

.debug_aranges
 *(.debug_aranges)

.debug_pubnames
 *(.debug_pubnames)

.debug_info
 *(.debug_info .gnu.linkonce.wi.*)

.debug_abbrev
 *(.debug_abbrev)

.debug_line
 *(.debug_line .debug_line.* .debug_line_end)

.debug_frame
 *(.debug_frame)

.debug_str
 *(.debug_str)

.debug_loc
 *(.debug_loc)

.debug_macinfo
 *(.debug_macinfo)

.debug_weaknames
 *(.debug_weaknames)

.debug_funcnames
 *(.debug_funcnames)

.debug_typenames
 *(.debug_typenames)

.debug_varnames
 *(.debug_varnames)

.debug_pubtypes
 *(.debug_pubtypes)

.debug_ranges
 *(.debug_ranges)

.debug_macro
 *(.debug_macro)

.debug_addr
 *(.debug_addr)

.gnu.attributes
 *(.gnu.attributes)

/DISCARD/
 *(.note.GNU-stack)
 *(.gnu_debuglink)
 *(.gnu.lto_*)
OUTPUT(build/kernel.bin elf32-i386)
