
Merging program properties

Removed property 0xc0000002 to merge build/main.o (0x3) and build/kernel.o (not found)
Removed property 0xc0000002 to merge build/main.o (not found) and build/debug.o (0x3)
Removed property 0xc0000002 to merge build/main.o (not found) and build/string.o (0x3)
Removed property 0xc0000002 to merge build/main.o (not found) and build/bitmap.o (0x3)
Removed property 0xc0000002 to merge build/main.o (not found) and build/memory.o (0x3)
Removed property 0xc0000002 to merge build/main.o (not found) and build/thread.o (0x3)
Removed property 0xc0000002 to merge build/main.o (not found) and build/list.o (0x3)

Allocating common symbols
Common symbol       size              file

thread_ready_list   0x10              build/thread.o
thread_all_list     0x10              build/thread.o
user_pool           0x10              build/memory.o
intr_name           0x84              build/interrupt.o
main_thread         0x4               build/thread.o
ticks               0x4               build/timer.o
kernel_vaddr        0xc               build/memory.o
idt_table           0x84              build/interrupt.o
kernel_pool         0x10              build/memory.o

Discarded input sections

 .group         0x0000000000000000        0x8 build/main.o
 .note.GNU-stack
                0x0000000000000000        0x0 build/main.o
 .note.gnu.property
                0x0000000000000000       0x1c build/main.o
 .group         0x0000000000000000        0x8 build/init.o
 .text.__x86.get_pc_thunk.bx
                0x0000000000000000        0x4 build/init.o
 .note.GNU-stack
                0x0000000000000000        0x0 build/init.o
 .note.gnu.property
                0x0000000000000000       0x1c build/init.o
 .group         0x0000000000000000        0x8 build/interrupt.o
 .group         0x0000000000000000        0x8 build/interrupt.o
 .text.__x86.get_pc_thunk.bx
                0x0000000000000000        0x4 build/interrupt.o
 .note.GNU-stack
                0x0000000000000000        0x0 build/interrupt.o
 .note.gnu.property
                0x0000000000000000       0x1c build/interrupt.o
 .group         0x0000000000000000        0x8 build/timer.o
 .group         0x0000000000000000        0x8 build/timer.o
 .text.__x86.get_pc_thunk.ax
                0x0000000000000000        0x4 build/timer.o
 .text.__x86.get_pc_thunk.bx
                0x0000000000000000        0x4 build/timer.o
 .note.GNU-stack
                0x0000000000000000        0x0 build/timer.o
 .note.gnu.property
                0x0000000000000000       0x1c build/timer.o
 .group         0x0000000000000000        0x8 build/debug.o
 .text.__x86.get_pc_thunk.bx
                0x0000000000000000        0x4 build/debug.o
 .note.GNU-stack
                0x0000000000000000        0x0 build/debug.o
 .note.gnu.property
                0x0000000000000000       0x1c build/debug.o
 .group         0x0000000000000000        0x8 build/string.o
 .text.__x86.get_pc_thunk.ax
                0x0000000000000000        0x4 build/string.o
 .note.GNU-stack
                0x0000000000000000        0x0 build/string.o
 .note.gnu.property
                0x0000000000000000       0x1c build/string.o
 .group         0x0000000000000000        0x8 build/bitmap.o
 .text.__x86.get_pc_thunk.ax
                0x0000000000000000        0x4 build/bitmap.o
 .note.GNU-stack
                0x0000000000000000        0x0 build/bitmap.o
 .note.gnu.property
                0x0000000000000000       0x1c build/bitmap.o
 .group         0x0000000000000000        0x8 build/memory.o
 .group         0x0000000000000000        0x8 build/memory.o
 .text.__x86.get_pc_thunk.ax
                0x0000000000000000        0x4 build/memory.o
 .text.__x86.get_pc_thunk.bx
                0x0000000000000000        0x4 build/memory.o
 .note.GNU-stack
                0x0000000000000000        0x0 build/memory.o
 .note.gnu.property
                0x0000000000000000       0x1c build/memory.o
 .group         0x0000000000000000        0x8 build/thread.o
 .group         0x0000000000000000        0x8 build/thread.o
 .group         0x0000000000000000        0x8 build/thread.o
 .text.__x86.get_pc_thunk.ax
                0x0000000000000000        0x4 build/thread.o
 .text.__x86.get_pc_thunk.bx
                0x0000000000000000        0x4 build/thread.o
 .note.GNU-stack
                0x0000000000000000        0x0 build/thread.o
 .note.gnu.property
                0x0000000000000000       0x1c build/thread.o
 .group         0x0000000000000000        0x8 build/list.o
 .group         0x0000000000000000        0x8 build/list.o
 .text.__x86.get_pc_thunk.ax
                0x0000000000000000        0x4 build/list.o
 .text.__x86.get_pc_thunk.bx
                0x0000000000000000        0x4 build/list.o
 .note.GNU-stack
                0x0000000000000000        0x0 build/list.o
 .note.gnu.property
                0x0000000000000000       0x1c build/list.o

Memory Configuration

Name             Origin             Length             Attributes
*default*        0x0000000000000000 0xffffffffffffffff

Linker script and memory map

Address of section .text set to 0xc0001500
LOAD build/main.o
LOAD build/init.o
LOAD build/interrupt.o
LOAD build/timer.o
LOAD build/kernel.o
LOAD build/print.o
LOAD build/debug.o
LOAD build/string.o
LOAD build/bitmap.o
LOAD build/memory.o
LOAD build/thread.o
LOAD build/list.o
LOAD build/switch.o
                [!provide]                        PROVIDE (__executable_start = SEGMENT_START ("text-segment", 0x8048000))
                0x00000000080480d4                . = (SEGMENT_START ("text-segment", 0x8048000) + SIZEOF_HEADERS)

.interp
 *(.interp)

.note.gnu.build-id
 *(.note.gnu.build-id)

.hash
 *(.hash)

.gnu.hash
 *(.gnu.hash)

.dynsym
 *(.dynsym)

.dynstr
 *(.dynstr)

.gnu.version
 *(.gnu.version)

.gnu.version_d
 *(.gnu.version_d)

.gnu.version_r
 *(.gnu.version_r)

.rel.dyn        0x00000000080480d4        0x0
 *(.rel.init)
 *(.rel.text .rel.text.* .rel.gnu.linkonce.t.*)
 .rel.text      0x00000000080480d4        0x0 build/main.o
 *(.rel.fini)
 *(.rel.rodata .rel.rodata.* .rel.gnu.linkonce.r.*)
 *(.rel.data.rel.ro .rel.data.rel.ro.* .rel.gnu.linkonce.d.rel.ro.*)
 *(.rel.data .rel.data.* .rel.gnu.linkonce.d.*)
 *(.rel.tdata .rel.tdata.* .rel.gnu.linkonce.td.*)
 *(.rel.tbss .rel.tbss.* .rel.gnu.linkonce.tb.*)
 *(.rel.ctors)
 *(.rel.dtors)
 *(.rel.got)
 .rel.got       0x00000000080480d4        0x0 build/main.o
 *(.rel.bss .rel.bss.* .rel.gnu.linkonce.b.*)
 *(.rel.ifunc)

.rel.plt        0x00000000080480d4        0x0
 *(.rel.plt)
                [!provide]                        PROVIDE (__rel_iplt_start = .)
 *(.rel.iplt)
 .rel.iplt      0x00000000080480d4        0x0 build/main.o
                [!provide]                        PROVIDE (__rel_iplt_end = .)
                0x0000000008049000                . = ALIGN (CONSTANT (MAXPAGESIZE))

.init
 *(SORT_NONE(.init))

.plt            0x0000000008049000        0x0
 *(.plt)
 *(.iplt)
 .iplt          0x0000000008049000        0x0 build/main.o

.plt.got
 *(.plt.got)

.plt.sec
 *(.plt.sec)

.text           0x00000000c0001500     0x2425
 *(.text.unlikely .text.*_unlikely .text.unlikely.*)
 *(.text.exit .text.exit.*)
 *(.text.startup .text.startup.*)
 *(.text.hot .text.hot.*)
 *(SORT_BY_NAME(.text.sorted.*))
 *(.text .stub .text.* .gnu.linkonce.t.*)
 .text          0x00000000c0001500      0x102 build/main.o
                0x00000000c0001500                main
                0x00000000c0001596                k_thread_a
                0x00000000c00015cc                k_thread_b
 .text.__x86.get_pc_thunk.bx
                0x00000000c0001602        0x4 build/main.o
                0x00000000c0001602                __x86.get_pc_thunk.bx
 .text          0x00000000c0001606       0x42 build/init.o
                0x00000000c0001606                init_all
 .text          0x00000000c0001648      0x5ad build/interrupt.o
                0x00000000c0001a97                intr_enable
                0x00000000c0001ace                intr_disable
                0x00000000c0001b05                intr_set_status
                0x00000000c0001b31                intr_get_status
                0x00000000c0001b5c                register_handler
                0x00000000c0001b89                idt_init
 .text.__x86.get_pc_thunk.ax
                0x00000000c0001bf5        0x4 build/interrupt.o
                0x00000000c0001bf5                __x86.get_pc_thunk.ax
 .text          0x00000000c0001bf9      0x1c6 build/timer.o
                0x00000000c0001d53                timer_init
 *fill*         0x00000000c0001dbf        0x1 
 .text          0x00000000c0001dc0      0x39d build/kernel.o
                0x00000000c0001dc0                intr_exit
 *fill*         0x00000000c000215d        0x3 
 .text          0x00000000c0002160      0x172 build/print.o
                0x00000000c0002160                put_str
                0x00000000c000217e                put_char
                0x00000000c000224b                put_int
                0x00000000c00022ae                set_cursor
 .text          0x00000000c00022d2       0xc6 build/debug.o
                0x00000000c00022d2                panic_spin
 .text          0x00000000c0002398      0x4d2 build/string.o
                0x00000000c0002398                memset
                0x00000000c0002405                memcpy
                0x00000000c0002480                memcmp
                0x00000000c000251d                strcpy
                0x00000000c000258c                strlen
                0x00000000c00025ed                strcmp
                0x00000000c0002680                strchr
                0x00000000c00026f2                strrchr
                0x00000000c000276a                strcat
                0x00000000c00027ee                strchrs
 .text          0x00000000c000286a      0x29d build/bitmap.o
                0x00000000c000286a                bitmap_init
                0x00000000c00028a1                bitmap_scan_test
                0x00000000c00028ef                bitmap_scan
                0x00000000c0002a3b                bitmap_set
 .text          0x00000000c0002b07      0x66f build/memory.o
                0x00000000c0002ba4                pte_ptr
                0x00000000c0002be2                pde_ptr
                0x00000000c0002daf                malloc_page
                0x00000000c0002e89                get_kernel_pages
                0x00000000c000311e                mem_init
 .text          0x00000000c0003176      0x4d2 build/thread.o
                0x00000000c0003176                running_thread
                0x00000000c00031c9                thread_create
                0x00000000c0003251                init_thread
                0x00000000c00032fa                thread_start
                0x00000000c000349f                schedule
                0x00000000c00035df                thread_init
 .text.__x86.get_pc_thunk.dx
                0x00000000c0003648        0x4 build/thread.o
                0x00000000c0003648                __x86.get_pc_thunk.dx
 .text          0x00000000c000364c      0x2bc build/list.o
                0x00000000c000364c                list_init
                0x00000000c0003688                list_insert_before
                0x00000000c00036e0                list_push
                0x00000000c000370c                list_append
                0x00000000c0003738                list_remove
                0x00000000c0003785                list_pop
                0x00000000c00037ea                elem_find
                0x00000000c0003833                list_traversal
                0x00000000c000389e                list_len
                0x00000000c00038e1                list_empty
 *fill*         0x00000000c0003908        0x8 
 .text          0x00000000c0003910       0x15 build/switch.o
                0x00000000c0003910                switch_to
 *(.gnu.warning)

.fini
 *(SORT_NONE(.fini))
                [!provide]                        PROVIDE (__etext = .)
                [!provide]                        PROVIDE (_etext = .)
                [!provide]                        PROVIDE (etext = .)
                0x00000000c0004000                . = ALIGN (CONSTANT (MAXPAGESIZE))
                0x00000000c0004000                . = SEGMENT_START ("rodata-segment", (ALIGN (CONSTANT (MAXPAGESIZE)) + (. & (CONSTANT (MAXPAGESIZE) - 0x1))))

.rodata         0x00000000c0004000      0x7e1
 *(.rodata .rodata.* .gnu.linkonce.r.*)
 .rodata        0x00000000c0004000       0x35 build/main.o
 .rodata        0x00000000c0004035        0xa build/init.o
 *fill*         0x00000000c000403f        0x1 
 .rodata        0x00000000c0004040      0x2e4 build/interrupt.o
 .rodata        0x00000000c0004324       0x6b build/timer.o
 .rodata        0x00000000c000438f       0x31 build/debug.o
 .rodata        0x00000000c00043c0       0xac build/string.o
 .rodata        0x00000000c000446c       0x6b build/bitmap.o
 *fill*         0x00000000c00044d7        0x1 
 .rodata        0x00000000c00044d8      0x144 build/memory.o
 .rodata        0x00000000c000461c      0x185 build/thread.o
 *fill*         0x00000000c00047a1        0x3 
 .rodata        0x00000000c00047a4       0x3d build/list.o

.rodata1
 *(.rodata1)

.eh_frame_hdr
 *(.eh_frame_hdr)
 *(.eh_frame_entry .eh_frame_entry.*)

.eh_frame       0x00000000c00047e4      0x8c0
 *(.eh_frame)
 .eh_frame      0x00000000c00047e4       0x8c build/main.o
 .eh_frame      0x00000000c0004870       0x24 build/init.o
                                         0x50 (size before relaxing)
 .eh_frame      0x00000000c0004894      0x1b4 build/interrupt.o
                                        0x1e0 (size before relaxing)
 .eh_frame      0x00000000c0004a48       0x94 build/timer.o
                                         0xd4 (size before relaxing)
 .eh_frame      0x00000000c0004adc       0x1c build/debug.o
                                         0x48 (size before relaxing)
 .eh_frame      0x00000000c0004af8      0x168 build/string.o
                                        0x194 (size before relaxing)
 .eh_frame      0x00000000c0004c60       0x90 build/bitmap.o
                                         0xbc (size before relaxing)
 .eh_frame      0x00000000c0004cf0      0x13c build/memory.o
                                        0x17c (size before relaxing)
 .eh_frame      0x00000000c0004e2c      0x12c build/thread.o
                                        0x16c (size before relaxing)
 .eh_frame      0x00000000c0004f58      0x14c build/list.o
                                        0x18c (size before relaxing)
 *(.eh_frame.*)

.gcc_except_table
 *(.gcc_except_table .gcc_except_table.*)

.gnu_extab
 *(.gnu_extab*)

.exception_ranges
 *(.exception_ranges*)
                0x00000000c0007000                . = DATA_SEGMENT_ALIGN (CONSTANT (MAXPAGESIZE), CONSTANT (COMMONPAGESIZE))

.eh_frame
 *(.eh_frame)
 *(.eh_frame.*)

.gnu_extab
 *(.gnu_extab)

.gcc_except_table
 *(.gcc_except_table .gcc_except_table.*)

.exception_ranges
 *(.exception_ranges*)

.tdata          0x00000000c0007000        0x0
                [!provide]                        PROVIDE (__tdata_start = .)
 *(.tdata .tdata.* .gnu.linkonce.td.*)

.tbss
 *(.tbss .tbss.* .gnu.linkonce.tb.*)
 *(.tcommon)

.preinit_array  0x00000000c0007000        0x0
                [!provide]                        PROVIDE (__preinit_array_start = .)
 *(.preinit_array)
                [!provide]                        PROVIDE (__preinit_array_end = .)

.init_array     0x00000000c0007000        0x0
                [!provide]                        PROVIDE (__init_array_start = .)
 *(SORT_BY_INIT_PRIORITY(.init_array.*) SORT_BY_INIT_PRIORITY(.ctors.*))
 *(.init_array EXCLUDE_FILE(*crtend?.o *crtend.o *crtbegin?.o *crtbegin.o) .ctors)
                [!provide]                        PROVIDE (__init_array_end = .)

.fini_array     0x00000000c0007000        0x0
                [!provide]                        PROVIDE (__fini_array_start = .)
 *(SORT_BY_INIT_PRIORITY(.fini_array.*) SORT_BY_INIT_PRIORITY(.dtors.*))
 *(.fini_array EXCLUDE_FILE(*crtend?.o *crtend.o *crtbegin?.o *crtbegin.o) .dtors)
                [!provide]                        PROVIDE (__fini_array_end = .)

.ctors
 *crtbegin.o(.ctors)
 *crtbegin?.o(.ctors)
 *(EXCLUDE_FILE(*crtend?.o *crtend.o) .ctors)
 *(SORT_BY_NAME(.ctors.*))
 *(.ctors)

.dtors
 *crtbegin.o(.dtors)
 *crtbegin?.o(.dtors)
 *(EXCLUDE_FILE(*crtend?.o *crtend.o) .dtors)
 *(SORT_BY_NAME(.dtors.*))
 *(.dtors)

.jcr
 *(.jcr)

.data.rel.ro
 *(.data.rel.ro.local* .gnu.linkonce.d.rel.ro.local.*)
 *(.data.rel.ro .data.rel.ro.* .gnu.linkonce.d.rel.ro.*)

.dynamic
 *(.dynamic)

.got            0x00000000c0007000        0x0
 *(.got)
 .got           0x00000000c0007000        0x0 build/main.o
 *(.igot)
                0x00000000c0007ff4                . = DATA_SEGMENT_RELRO_END (., (SIZEOF (.got.plt) >= 0xc)?0xc:0x0)

.got.plt        0x00000000c0007000        0xc
 *(.got.plt)
 .got.plt       0x00000000c0007000        0xc build/main.o
                0x00000000c0007000                _GLOBAL_OFFSET_TABLE_
 *(.igot.plt)
 .igot.plt      0x00000000c000700c        0x0 build/main.o

.data           0x00000000c000700c       0x8c
 *(.data .data.* .gnu.linkonce.d.*)
 .data          0x00000000c000700c        0x0 build/main.o
 .data          0x00000000c000700c        0x0 build/init.o
 .data          0x00000000c000700c        0x0 build/interrupt.o
 .data          0x00000000c000700c        0x0 build/timer.o
 .data          0x00000000c000700c       0x84 build/kernel.o
                0x00000000c000700c                intr_entry_table
 .data          0x00000000c0007090        0x8 build/print.o
 .data          0x00000000c0007098        0x0 build/debug.o
 .data          0x00000000c0007098        0x0 build/string.o
 .data          0x00000000c0007098        0x0 build/bitmap.o
 .data          0x00000000c0007098        0x0 build/memory.o
 .data          0x00000000c0007098        0x0 build/thread.o
 .data          0x00000000c0007098        0x0 build/list.o

.data1
 *(.data1)
                0x00000000c0007098                _edata = .
                [!provide]                        PROVIDE (edata = .)
                0x00000000c0007098                . = .
                0x00000000c0007098                __bss_start = .

.bss            0x00000000c00070a0      0x298
 *(.dynbss)
 *(.bss .bss.* .gnu.linkonce.b.*)
 .bss           0x00000000c00070a0        0x0 build/main.o
 .bss           0x00000000c00070a0        0x0 build/init.o
 .bss           0x00000000c00070a0      0x108 build/interrupt.o
 .bss           0x00000000c00071a8        0x0 build/timer.o
 .bss           0x00000000c00071a8        0x0 build/debug.o
 .bss           0x00000000c00071a8        0x0 build/string.o
 .bss           0x00000000c00071a8        0x0 build/bitmap.o
 .bss           0x00000000c00071a8        0x0 build/memory.o
 .bss           0x00000000c00071a8        0x4 build/thread.o
 .bss           0x00000000c00071ac        0x0 build/list.o
 *(COMMON)
 *fill*         0x00000000c00071ac       0x14 
 COMMON         0x00000000c00071c0      0x124 build/interrupt.o
                0x00000000c00071c0                intr_name
                0x00000000c0007260                idt_table
 COMMON         0x00000000c00072e4        0x4 build/timer.o
                0x00000000c00072e4                ticks
 COMMON         0x00000000c00072e8       0x2c build/memory.o
                0x00000000c00072e8                user_pool
                0x00000000c00072f8                kernel_vaddr
                0x00000000c0007304                kernel_pool
 COMMON         0x00000000c0007314       0x24 build/thread.o
                0x00000000c0007314                thread_ready_list
                0x00000000c0007324                thread_all_list
                0x00000000c0007334                main_thread
                0x00000000c0007338                . = ALIGN ((. != 0x0)?0x4:0x1)
                0x00000000c0007338                . = ALIGN (0x4)
                0x00000000c0007338                . = SEGMENT_START ("ldata-segment", .)
                0x00000000c0007338                . = ALIGN (0x4)
                0x00000000c0007338                _end = .
                [!provide]                        PROVIDE (end = .)
                0x00000000c0007338                . = DATA_SEGMENT_END (.)

.stab
 *(.stab)

.stabstr
 *(.stabstr)

.stab.excl
 *(.stab.excl)

.stab.exclstr
 *(.stab.exclstr)

.stab.index
 *(.stab.index)

.stab.indexstr
 *(.stab.indexstr)

.comment        0x0000000000000000       0x2b
 *(.comment)
 .comment       0x0000000000000000       0x2b build/main.o
                                         0x2c (size before relaxing)
 .comment       0x000000000000002b       0x2c build/init.o
 .comment       0x000000000000002b       0x2c build/interrupt.o
 .comment       0x000000000000002b       0x2c build/timer.o
 .comment       0x000000000000002b       0x2c build/debug.o
 .comment       0x000000000000002b       0x2c build/string.o
 .comment       0x000000000000002b       0x2c build/bitmap.o
 .comment       0x000000000000002b       0x2c build/memory.o
 .comment       0x000000000000002b       0x2c build/thread.o
 .comment       0x000000000000002b       0x2c build/list.o

.gnu.build.attributes
 *(.gnu.build.attributes .gnu.build.attributes.*)

.debug
 *(.debug)

.line
 *(.line)

.debug_srcinfo
 *(.debug_srcinfo)

.debug_sfnames
 *(.debug_sfnames)

.debug_aranges
 *(.debug_aranges)

.debug_pubnames
 *(.debug_pubnames)

.debug_info
 *(.debug_info .gnu.linkonce.wi.*)

.debug_abbrev
 *(.debug_abbrev)

.debug_line
 *(.debug_line .debug_line.* .debug_line_end)

.debug_frame
 *(.debug_frame)

.debug_str
 *(.debug_str)

.debug_loc
 *(.debug_loc)

.debug_macinfo
 *(.debug_macinfo)

.debug_weaknames
 *(.debug_weaknames)

.debug_funcnames
 *(.debug_funcnames)

.debug_typenames
 *(.debug_typenames)

.debug_varnames
 *(.debug_varnames)

.debug_pubtypes
 *(.debug_pubtypes)

.debug_ranges
 *(.debug_ranges)

.debug_macro
 *(.debug_macro)

.debug_addr
 *(.debug_addr)

.gnu.attributes
 *(.gnu.attributes)

/DISCARD/
 *(.note.GNU-stack)
 *(.gnu_debuglink)
 *(.gnu.lto_*)
OUTPUT(build/kernel.bin elf32-i386)
