
Allocating common symbols
Common symbol       size              file

kbd_buf             0x6c              build/keyboard.o
thread_ready_list   0x10              build/thread.o
thread_all_list     0x10              build/thread.o
user_pool           0x10              build/memory.o
intr_name           0xc0              build/interrupt.o
main_thread         0x4               build/thread.o
ticks               0x4               build/timer.o
kernel_vaddr        0xc               build/memory.o
idt_table           0xc0              build/interrupt.o
kernel_pool         0x10              build/memory.o

Discarded input sections

 .note.GNU-stack
                0x0000000000000000        0x0 build/main.o
 .note.GNU-stack
                0x0000000000000000        0x0 build/init.o
 .note.GNU-stack
                0x0000000000000000        0x0 build/interrupt.o
 .note.GNU-stack
                0x0000000000000000        0x0 build/timer.o
 .note.GNU-stack
                0x0000000000000000        0x0 build/debug.o
 .note.GNU-stack
                0x0000000000000000        0x0 build/string.o
 .note.GNU-stack
                0x0000000000000000        0x0 build/bitmap.o
 .note.GNU-stack
                0x0000000000000000        0x0 build/memory.o
 .note.GNU-stack
                0x0000000000000000        0x0 build/thread.o
 .note.GNU-stack
                0x0000000000000000        0x0 build/list.o
 .note.GNU-stack
                0x0000000000000000        0x0 build/sync.o
 .note.GNU-stack
                0x0000000000000000        0x0 build/console.o
 .note.GNU-stack
                0x0000000000000000        0x0 build/keyboard.o
 .note.GNU-stack
                0x0000000000000000        0x0 build/ioqueue.o

Memory Configuration

Name             Origin             Length             Attributes
*default*        0x0000000000000000 0xffffffffffffffff

Linker script and memory map

Address of section .text set to 0xc0001500
LOAD build/main.o
LOAD build/init.o
LOAD build/interrupt.o
LOAD build/timer.o
LOAD build/kernel.o
LOAD build/print.o
LOAD build/debug.o
LOAD build/string.o
LOAD build/bitmap.o
LOAD build/memory.o
LOAD build/thread.o
LOAD build/list.o
LOAD build/switch.o
LOAD build/sync.o
LOAD build/console.o
LOAD build/keyboard.o
LOAD build/ioqueue.o
                [!provide]                        PROVIDE (__executable_start = SEGMENT_START ("text-segment", 0x8048000))
                0x00000000080480d4                . = (SEGMENT_START ("text-segment", 0x8048000) + SIZEOF_HEADERS)

.interp
 *(.interp)

.note.gnu.build-id
 *(.note.gnu.build-id)

.hash
 *(.hash)

.gnu.hash
 *(.gnu.hash)

.dynsym
 *(.dynsym)

.dynstr
 *(.dynstr)

.gnu.version
 *(.gnu.version)

.gnu.version_d
 *(.gnu.version_d)

.gnu.version_r
 *(.gnu.version_r)

.rel.dyn        0x00000000080480d4        0x0
 *(.rel.init)
 *(.rel.text .rel.text.* .rel.gnu.linkonce.t.*)
 .rel.text      0x00000000080480d4        0x0 build/main.o
 *(.rel.fini)
 *(.rel.rodata .rel.rodata.* .rel.gnu.linkonce.r.*)
 *(.rel.data.rel.ro .rel.data.rel.ro.* .rel.gnu.linkonce.d.rel.ro.*)
 *(.rel.data .rel.data.* .rel.gnu.linkonce.d.*)
 *(.rel.tdata .rel.tdata.* .rel.gnu.linkonce.td.*)
 *(.rel.tbss .rel.tbss.* .rel.gnu.linkonce.tb.*)
 *(.rel.ctors)
 *(.rel.dtors)
 *(.rel.got)
 .rel.got       0x00000000080480d4        0x0 build/main.o
 *(.rel.bss .rel.bss.* .rel.gnu.linkonce.b.*)
 *(.rel.ifunc)

.rel.plt        0x00000000080480d4        0x0
 *(.rel.plt)
                [!provide]                        PROVIDE (__rel_iplt_start = .)
 *(.rel.iplt)
 .rel.iplt      0x00000000080480d4        0x0 build/main.o
                [!provide]                        PROVIDE (__rel_iplt_end = .)
                0x0000000008049000                . = ALIGN (CONSTANT (MAXPAGESIZE))

.init
 *(SORT_NONE(.init))

.plt            0x0000000008049000        0x0
 *(.plt)
 *(.iplt)
 .iplt          0x0000000008049000        0x0 build/main.o

.plt.got
 *(.plt.got)

.plt.sec
 *(.plt.sec)

.text           0x00000000c0001500     0x2c01
 *(.text.unlikely .text.*_unlikely .text.unlikely.*)
 *(.text.exit .text.exit.*)
 *(.text.startup .text.startup.*)
 *(.text.hot .text.hot.*)
 *(SORT_BY_NAME(.text.sorted.*))
 *(.text .stub .text.* .gnu.linkonce.t.*)
 .text          0x00000000c0001500      0x111 build/main.o
                0x00000000c0001500                main
                0x00000000c0001569                k_thread_a
                0x00000000c00015bd                k_thread_b
 .text          0x00000000c0001611       0x32 build/init.o
                0x00000000c0001611                init_all
 .text          0x00000000c0001643      0x459 build/interrupt.o
                0x00000000c00019a2                intr_enable
                0x00000000c00019cb                intr_disable
                0x00000000c00019f4                intr_set_status
                0x00000000c0001a12                intr_get_status
                0x00000000c0001a35                register_handler
                0x00000000c0001a51                idt_init
 .text          0x00000000c0001a9c      0x195 build/timer.o
                0x00000000c0001bd1                timer_init
 *fill*         0x00000000c0001c31        0xf 
 .text          0x00000000c0001c40      0x541 build/kernel.o
                0x00000000c0001c40                intr_exit
 *fill*         0x00000000c0002181        0xf 
 .text          0x00000000c0002190      0x172 build/print.o
                0x00000000c0002190                put_str
                0x00000000c00021ae                put_char
                0x00000000c000227b                put_int
                0x00000000c00022de                set_cursor
 .text          0x00000000c0002302       0x82 build/debug.o
                0x00000000c0002302                panic_spin
 .text          0x00000000c0002384      0x451 build/string.o
                0x00000000c0002384                memset
                0x00000000c00023e0                memcpy
                0x00000000c0002448                memcmp
                0x00000000c00024db                strcpy
                0x00000000c000253e                strlen
                0x00000000c0002598                strcmp
                0x00000000c000261f                strchr
                0x00000000c0002685                strrchr
                0x00000000c00026ee                strcat
                0x00000000c0002768                strchrs
 .text          0x00000000c00027d5      0x270 build/bitmap.o
                0x00000000c00027d5                bitmap_init
                0x00000000c00027fc                bitmap_scan_test
                0x00000000c000283e                bitmap_scan
                0x00000000c000298c                bitmap_set
 .text          0x00000000c0002a45      0x557 build/memory.o
                0x00000000c0002aca                pte_ptr
                0x00000000c0002afb                pde_ptr
                0x00000000c0002cad                malloc_page
                0x00000000c0002d77                get_kernel_pages
                0x00000000c0002f67                mem_init
 .text          0x00000000c0002f9c      0x58e build/thread.o
                0x00000000c0002f9c                running_thread
                0x00000000c0002fc7                thread_create
                0x00000000c000303d                init_thread
                0x00000000c00030d8                thread_start
                0x00000000c0003253                schedule
                0x00000000c000337b                thread_block
                0x00000000c00033e2                thread_unblock
                0x00000000c00034ed                thread_init
 .text          0x00000000c000352a      0x218 build/list.o
                0x00000000c000352a                list_init
                0x00000000c0003557                list_insert_before
                0x00000000c0003598                list_push
                0x00000000c00035b5                list_append
                0x00000000c00035d2                list_remove
                0x00000000c0003608                list_pop
                0x00000000c000365b                elem_find
                0x00000000c0003696                list_traversal
                0x00000000c00036f4                list_len
                0x00000000c0003729                list_empty
 *fill*         0x00000000c0003742        0xe 
 .text          0x00000000c0003750       0x15 build/switch.o
                0x00000000c0003750                switch_to
 .text          0x00000000c0003765      0x347 build/sync.o
                0x00000000c0003765                sema_init
                0x00000000c000378a                lock_init
                0x00000000c00037bb                sema_down
                0x00000000c00038cf                sema_up
                0x00000000c0003985                lock_acquire
                0x00000000c0003a01                lock_release
 .text          0x00000000c0003aac       0x9a build/console.o
                0x00000000c0003aac                console_init
                0x00000000c0003ac0                console_acquire
                0x00000000c0003ad4                console_release
                0x00000000c0003ae8                console_put_str
                0x00000000c0003b05                console_put_char
                0x00000000c0003b29                console_put_int
 .text          0x00000000c0003b46      0x2ca build/keyboard.o
                0x00000000c0003dd0                keyboard_init
 .text          0x00000000c0003e10      0x2f1 build/ioqueue.o
                0x00000000c0003e10                ioqueue_init
                0x00000000c0003e6d                ioq_full
                0x00000000c0003ebe                ioq_empty
                0x00000000c0003fa3                ioq_getchar
                0x00000000c0004051                ioq_putchar
 *(.gnu.warning)

.fini
 *(SORT_NONE(.fini))
                [!provide]                        PROVIDE (__etext = .)
                [!provide]                        PROVIDE (_etext = .)
                [!provide]                        PROVIDE (etext = .)
                0x00000000c0005000                . = ALIGN (CONSTANT (MAXPAGESIZE))
                0x00000000c0005000                . = SEGMENT_START ("rodata-segment", (ALIGN (CONSTANT (MAXPAGESIZE)) + (. & (CONSTANT (MAXPAGESIZE) - 0x1))))

.rodata         0x00000000c0005000      0xb05
 *(.rodata .rodata.* .gnu.linkonce.r.*)
 .rodata        0x00000000c0005000       0x2b build/main.o
 .rodata        0x00000000c000502b        0xa build/init.o
 *fill*         0x00000000c0005035        0x3 
 .rodata        0x00000000c0005038      0x2e4 build/interrupt.o
 .rodata        0x00000000c000531c       0x6b build/timer.o
 .rodata        0x00000000c0005387       0x31 build/debug.o
 .rodata        0x00000000c00053b8       0xa2 build/string.o
 *fill*         0x00000000c000545a        0x2 
 .rodata        0x00000000c000545c       0x68 build/bitmap.o
 .rodata        0x00000000c00054c4      0x140 build/memory.o
 .rodata        0x00000000c0005604      0x2be build/thread.o
 *fill*         0x00000000c00058c2        0x2 
 .rodata        0x00000000c00058c4       0x3c build/list.o
 .rodata        0x00000000c0005900      0x12f build/sync.o
 .rodata        0x00000000c0005a2f       0x38 build/keyboard.o
 *fill*         0x00000000c0005a67        0x1 
 .rodata        0x00000000c0005a68       0x9d build/ioqueue.o

.rodata1
 *(.rodata1)

.eh_frame_hdr
 *(.eh_frame_hdr)
 *(.eh_frame_entry .eh_frame_entry.*)

.eh_frame
 *(.eh_frame)
 *(.eh_frame.*)

.gcc_except_table
 *(.gcc_except_table .gcc_except_table.*)

.gnu_extab
 *(.gnu_extab*)

.exception_ranges
 *(.exception_ranges*)
                0x00000000c0006000                . = DATA_SEGMENT_ALIGN (CONSTANT (MAXPAGESIZE), CONSTANT (COMMONPAGESIZE))

.eh_frame
 *(.eh_frame)
 *(.eh_frame.*)

.gnu_extab
 *(.gnu_extab)

.gcc_except_table
 *(.gcc_except_table .gcc_except_table.*)

.exception_ranges
 *(.exception_ranges*)

.tdata          0x00000000c0006000        0x0
                [!provide]                        PROVIDE (__tdata_start = .)
 *(.tdata .tdata.* .gnu.linkonce.td.*)

.tbss
 *(.tbss .tbss.* .gnu.linkonce.tb.*)
 *(.tcommon)

.preinit_array  0x00000000c0006000        0x0
                [!provide]                        PROVIDE (__preinit_array_start = .)
 *(.preinit_array)
                [!provide]                        PROVIDE (__preinit_array_end = .)

.init_array     0x00000000c0006000        0x0
                [!provide]                        PROVIDE (__init_array_start = .)
 *(SORT_BY_INIT_PRIORITY(.init_array.*) SORT_BY_INIT_PRIORITY(.ctors.*))
 *(.init_array EXCLUDE_FILE(*crtend?.o *crtend.o *crtbegin?.o *crtbegin.o) .ctors)
                [!provide]                        PROVIDE (__init_array_end = .)

.fini_array     0x00000000c0006000        0x0
                [!provide]                        PROVIDE (__fini_array_start = .)
 *(SORT_BY_INIT_PRIORITY(.fini_array.*) SORT_BY_INIT_PRIORITY(.dtors.*))
 *(.fini_array EXCLUDE_FILE(*crtend?.o *crtend.o *crtbegin?.o *crtbegin.o) .dtors)
                [!provide]                        PROVIDE (__fini_array_end = .)

.ctors
 *crtbegin.o(.ctors)
 *crtbegin?.o(.ctors)
 *(EXCLUDE_FILE(*crtend?.o *crtend.o) .ctors)
 *(SORT_BY_NAME(.ctors.*))
 *(.ctors)

.dtors
 *crtbegin.o(.dtors)
 *crtbegin?.o(.dtors)
 *(EXCLUDE_FILE(*crtend?.o *crtend.o) .dtors)
 *(SORT_BY_NAME(.dtors.*))
 *(.dtors)

.jcr
 *(.jcr)

.data.rel.ro
 *(.data.rel.ro.local* .gnu.linkonce.d.rel.ro.local.*)
 *(.data.rel.ro .data.rel.ro.* .gnu.linkonce.d.rel.ro.*)

.dynamic
 *(.dynamic)

.got            0x00000000c0006000        0x0
 *(.got)
 .got           0x00000000c0006000        0x0 build/main.o
 *(.igot)
                0x00000000c0006000                . = DATA_SEGMENT_RELRO_END (., (SIZEOF (.got.plt) >= 0xc)?0xc:0x0)

.got.plt        0x00000000c0006000        0x0
 *(.got.plt)
 .got.plt       0x00000000c0006000        0x0 build/main.o
 *(.igot.plt)
 .igot.plt      0x00000000c0006000        0x0 build/main.o

.data           0x00000000c0006000      0x156
 *(.data .data.* .gnu.linkonce.d.*)
 .data          0x00000000c0006000        0x0 build/main.o
 .data          0x00000000c0006000        0x0 build/init.o
 .data          0x00000000c0006000        0x0 build/interrupt.o
 .data          0x00000000c0006000        0x0 build/timer.o
 .data          0x00000000c0006000       0xc0 build/kernel.o
                0x00000000c0006000                intr_entry_table
 .data          0x00000000c00060c0        0x8 build/print.o
 .data          0x00000000c00060c8        0x0 build/debug.o
 .data          0x00000000c00060c8        0x0 build/string.o
 .data          0x00000000c00060c8        0x0 build/bitmap.o
 .data          0x00000000c00060c8        0x0 build/memory.o
 .data          0x00000000c00060c8        0x0 build/thread.o
 .data          0x00000000c00060c8        0x0 build/list.o
 .data          0x00000000c00060c8        0x0 build/sync.o
 .data          0x00000000c00060c8        0x0 build/console.o
 *fill*         0x00000000c00060c8       0x18 
 .data          0x00000000c00060e0       0x76 build/keyboard.o
 .data          0x00000000c0006156        0x0 build/ioqueue.o

.data1
 *(.data1)
                0x00000000c0006156                _edata = .
                [!provide]                        PROVIDE (edata = .)
                0x00000000c0006156                . = .
                0x00000000c0006156                __bss_start = .

.bss            0x00000000c0006160      0x40c
 *(.dynbss)
 *(.bss .bss.* .gnu.linkonce.b.*)
 .bss           0x00000000c0006160        0x0 build/main.o
 .bss           0x00000000c0006160        0x0 build/init.o
 .bss           0x00000000c0006160      0x180 build/interrupt.o
 .bss           0x00000000c00062e0        0x0 build/timer.o
 .bss           0x00000000c00062e0        0x0 build/debug.o
 .bss           0x00000000c00062e0        0x0 build/string.o
 .bss           0x00000000c00062e0        0x0 build/bitmap.o
 .bss           0x00000000c00062e0        0x0 build/memory.o
 .bss           0x00000000c00062e0        0x4 build/thread.o
 .bss           0x00000000c00062e4        0x0 build/list.o
 .bss           0x00000000c00062e4        0x0 build/sync.o
 .bss           0x00000000c00062e4       0x1c build/console.o
 .bss           0x00000000c0006300       0x14 build/keyboard.o
 .bss           0x00000000c0006314        0x0 build/ioqueue.o
 *(COMMON)
 *fill*         0x00000000c0006314        0xc 
 COMMON         0x00000000c0006320      0x180 build/interrupt.o
                0x00000000c0006320                intr_name
                0x00000000c00063e0                idt_table
 COMMON         0x00000000c00064a0        0x4 build/timer.o
                0x00000000c00064a0                ticks
 COMMON         0x00000000c00064a4       0x2c build/memory.o
                0x00000000c00064a4                user_pool
                0x00000000c00064b4                kernel_vaddr
                0x00000000c00064c0                kernel_pool
 COMMON         0x00000000c00064d0       0x24 build/thread.o
                0x00000000c00064d0                thread_ready_list
                0x00000000c00064e0                thread_all_list
                0x00000000c00064f0                main_thread
 *fill*         0x00000000c00064f4        0xc 
 COMMON         0x00000000c0006500       0x6c build/keyboard.o
                0x00000000c0006500                kbd_buf
                0x00000000c000656c                . = ALIGN ((. != 0x0)?0x4:0x1)
                0x00000000c000656c                . = ALIGN (0x4)
                0x00000000c000656c                . = SEGMENT_START ("ldata-segment", .)
                0x00000000c000656c                . = ALIGN (0x4)
                0x00000000c000656c                _end = .
                [!provide]                        PROVIDE (end = .)
                0x00000000c000656c                . = DATA_SEGMENT_END (.)

.stab
 *(.stab)

.stabstr
 *(.stabstr)

.stab.excl
 *(.stab.excl)

.stab.exclstr
 *(.stab.exclstr)

.stab.index
 *(.stab.index)

.stab.indexstr
 *(.stab.indexstr)

.comment        0x0000000000000000       0x2a
 *(.comment)
 .comment       0x0000000000000000       0x2a build/main.o
                                         0x2b (size before relaxing)
 .comment       0x000000000000002a       0x2b build/init.o
 .comment       0x000000000000002a       0x2b build/interrupt.o
 .comment       0x000000000000002a       0x2b build/timer.o
 .comment       0x000000000000002a       0x2b build/debug.o
 .comment       0x000000000000002a       0x2b build/string.o
 .comment       0x000000000000002a       0x2b build/bitmap.o
 .comment       0x000000000000002a       0x2b build/memory.o
 .comment       0x000000000000002a       0x2b build/thread.o
 .comment       0x000000000000002a       0x2b build/list.o
 .comment       0x000000000000002a       0x2b build/sync.o
 .comment       0x000000000000002a       0x2b build/console.o
 .comment       0x000000000000002a       0x2b build/keyboard.o
 .comment       0x000000000000002a       0x2b build/ioqueue.o

.gnu.build.attributes
 *(.gnu.build.attributes .gnu.build.attributes.*)

.debug
 *(.debug)

.line
 *(.line)

.debug_srcinfo
 *(.debug_srcinfo)

.debug_sfnames
 *(.debug_sfnames)

.debug_aranges
 *(.debug_aranges)

.debug_pubnames
 *(.debug_pubnames)

.debug_info
 *(.debug_info .gnu.linkonce.wi.*)

.debug_abbrev
 *(.debug_abbrev)

.debug_line
 *(.debug_line .debug_line.* .debug_line_end)

.debug_frame
 *(.debug_frame)

.debug_str
 *(.debug_str)

.debug_loc
 *(.debug_loc)

.debug_macinfo
 *(.debug_macinfo)

.debug_weaknames
 *(.debug_weaknames)

.debug_funcnames
 *(.debug_funcnames)

.debug_typenames
 *(.debug_typenames)

.debug_varnames
 *(.debug_varnames)

.debug_pubtypes
 *(.debug_pubtypes)

.debug_ranges
 *(.debug_ranges)

.debug_macro
 *(.debug_macro)

.debug_addr
 *(.debug_addr)

.gnu.attributes
 *(.gnu.attributes)

/DISCARD/
 *(.note.GNU-stack)
 *(.gnu_debuglink)
 *(.gnu.lto_*)
OUTPUT(build/kernel.bin elf32-i386)
