
Allocating common symbols
Common symbol       size              file

kbd_buf             0x6c              build/keyboard.o
root_dir            0x208             build/dir.o
thread_ready_list   0x10              build/thread.o
thread_all_list     0x10              build/thread.o
user_pool           0x2c              build/memory.o
channel_cnt         0x1               build/ide.o
cur_part            0x4               build/fs.o
k_block_descs       0xa8              build/memory.o
idle_thread         0x4               build/thread.o
intr_name           0x204             build/interrupt.o
main_thread         0x4               build/thread.o
channels            0xcc0             build/ide.o
ticks               0x4               build/timer.o
kernel_vaddr        0xc               build/memory.o
syscall_table       0x80              build/syscall-init.o
idt_table           0x204             build/interrupt.o
file_table          0x180             build/file.o
partition_list      0x10              build/ide.o
kernel_pool         0x2c              build/memory.o
pid_lock            0x1c              build/thread.o

Discarded input sections

 .note.GNU-stack
                0x0000000000000000        0x0 build/main.o
 .note.GNU-stack
                0x0000000000000000        0x0 build/init.o
 .note.GNU-stack
                0x0000000000000000        0x0 build/interrupt.o
 .note.GNU-stack
                0x0000000000000000        0x0 build/timer.o
 .note.GNU-stack
                0x0000000000000000        0x0 build/debug.o
 .note.GNU-stack
                0x0000000000000000        0x0 build/string.o
 .note.GNU-stack
                0x0000000000000000        0x0 build/bitmap.o
 .note.GNU-stack
                0x0000000000000000        0x0 build/memory.o
 .note.GNU-stack
                0x0000000000000000        0x0 build/thread.o
 .note.GNU-stack
                0x0000000000000000        0x0 build/list.o
 .note.GNU-stack
                0x0000000000000000        0x0 build/sync.o
 .note.GNU-stack
                0x0000000000000000        0x0 build/console.o
 .note.GNU-stack
                0x0000000000000000        0x0 build/keyboard.o
 .note.GNU-stack
                0x0000000000000000        0x0 build/ioqueue.o
 .note.GNU-stack
                0x0000000000000000        0x0 build/tss.o
 .note.GNU-stack
                0x0000000000000000        0x0 build/process.o
 .note.GNU-stack
                0x0000000000000000        0x0 build/syscall.o
 .note.GNU-stack
                0x0000000000000000        0x0 build/syscall-init.o
 .note.GNU-stack
                0x0000000000000000        0x0 build/stdio.o
 .note.GNU-stack
                0x0000000000000000        0x0 build/stdio-kernel.o
 .note.GNU-stack
                0x0000000000000000        0x0 build/ide.o
 .note.GNU-stack
                0x0000000000000000        0x0 build/fs.o
 .note.GNU-stack
                0x0000000000000000        0x0 build/file.o
 .note.GNU-stack
                0x0000000000000000        0x0 build/inode.o
 .note.GNU-stack
                0x0000000000000000        0x0 build/dir.o

Memory Configuration

Name             Origin             Length             Attributes
*default*        0x0000000000000000 0xffffffffffffffff

Linker script and memory map

Address of section .text set to 0xc0001500
LOAD build/main.o
LOAD build/init.o
LOAD build/interrupt.o
LOAD build/timer.o
LOAD build/kernel.o
LOAD build/print.o
LOAD build/debug.o
LOAD build/string.o
LOAD build/bitmap.o
LOAD build/memory.o
LOAD build/thread.o
LOAD build/list.o
LOAD build/switch.o
LOAD build/sync.o
LOAD build/console.o
LOAD build/keyboard.o
LOAD build/ioqueue.o
LOAD build/tss.o
LOAD build/process.o
LOAD build/syscall.o
LOAD build/syscall-init.o
LOAD build/stdio.o
LOAD build/stdio-kernel.o
LOAD build/ide.o
LOAD build/fs.o
LOAD build/file.o
LOAD build/inode.o
LOAD build/dir.o
                [!provide]                        PROVIDE (__executable_start = SEGMENT_START ("text-segment", 0x8048000))
                0x00000000080480d4                . = (SEGMENT_START ("text-segment", 0x8048000) + SIZEOF_HEADERS)

.interp
 *(.interp)

.note.gnu.build-id
 *(.note.gnu.build-id)

.hash
 *(.hash)

.gnu.hash
 *(.gnu.hash)

.dynsym
 *(.dynsym)

.dynstr
 *(.dynstr)

.gnu.version
 *(.gnu.version)

.gnu.version_d
 *(.gnu.version_d)

.gnu.version_r
 *(.gnu.version_r)

.rel.dyn        0x00000000080480d4        0x0
 *(.rel.init)
 *(.rel.text .rel.text.* .rel.gnu.linkonce.t.*)
 .rel.text      0x00000000080480d4        0x0 build/main.o
 *(.rel.fini)
 *(.rel.rodata .rel.rodata.* .rel.gnu.linkonce.r.*)
 *(.rel.data.rel.ro .rel.data.rel.ro.* .rel.gnu.linkonce.d.rel.ro.*)
 *(.rel.data .rel.data.* .rel.gnu.linkonce.d.*)
 *(.rel.tdata .rel.tdata.* .rel.gnu.linkonce.td.*)
 *(.rel.tbss .rel.tbss.* .rel.gnu.linkonce.tb.*)
 *(.rel.ctors)
 *(.rel.dtors)
 *(.rel.got)
 .rel.got       0x00000000080480d4        0x0 build/main.o
 *(.rel.bss .rel.bss.* .rel.gnu.linkonce.b.*)
 *(.rel.ifunc)

.rel.plt        0x00000000080480d4        0x0
 *(.rel.plt)
                [!provide]                        PROVIDE (__rel_iplt_start = .)
 *(.rel.iplt)
 .rel.iplt      0x00000000080480d4        0x0 build/main.o
                [!provide]                        PROVIDE (__rel_iplt_end = .)
                0x0000000008049000                . = ALIGN (CONSTANT (MAXPAGESIZE))

.init
 *(SORT_NONE(.init))

.plt            0x0000000008049000        0x0
 *(.plt)
 *(.iplt)
 .iplt          0x0000000008049000        0x0 build/main.o

.plt.got
 *(.plt.got)

.plt.sec
 *(.plt.sec)

.text           0x00000000c0001500     0x919d
 *(.text.unlikely .text.*_unlikely .text.unlikely.*)
 *(.text.exit .text.exit.*)
 *(.text.startup .text.startup.*)
 *(.text.hot .text.hot.*)
 *(SORT_BY_NAME(.text.sorted.*))
 *(.text .stub .text.* .gnu.linkonce.t.*)
 .text          0x00000000c0001500      0x401 build/main.o
                0x00000000c0001500                main
                0x00000000c000166d                k_thread_a
                0x00000000c000172a                k_thread_b
                0x00000000c00017e7                u_prog_a
                0x00000000c0001874                u_prog_b
 .text          0x00000000c0001901       0x46 build/init.o
                0x00000000c0001901                init_all
 .text          0x00000000c0001947      0x47e build/interrupt.o
                0x00000000c0001cb8                intr_enable
                0x00000000c0001ce1                intr_disable
                0x00000000c0001d0a                intr_set_status
                0x00000000c0001d28                intr_get_status
                0x00000000c0001d4b                register_handler
                0x00000000c0001d67                idt_init
 .text          0x00000000c0001dc5      0x214 build/timer.o
                0x00000000c0001f21                mtime_sleep
                0x00000000c0001f79                timer_init
 *fill*         0x00000000c0001fd9        0x7 
 .text          0x00000000c0001fe0      0x565 build/kernel.o
                0x00000000c0001fe0                intr_exit
                0x00000000c0002521                syscall_handler
 *fill*         0x00000000c0002545        0xb 
 .text          0x00000000c0002550      0x172 build/print.o
                0x00000000c0002550                put_str
                0x00000000c000256e                put_char
                0x00000000c000263b                put_int
                0x00000000c000269e                set_cursor
 .text          0x00000000c00026c2       0xa5 build/debug.o
                0x00000000c00026c2                panic_spin
 .text          0x00000000c0002767      0x451 build/string.o
                0x00000000c0002767                memset
                0x00000000c00027c3                memcpy
                0x00000000c000282b                memcmp
                0x00000000c00028be                strcpy
                0x00000000c0002921                strlen
                0x00000000c000297b                strcmp
                0x00000000c0002a02                strchr
                0x00000000c0002a68                strrchr
                0x00000000c0002ad1                strcat
                0x00000000c0002b4b                strchrs
 .text          0x00000000c0002bb8      0x270 build/bitmap.o
                0x00000000c0002bb8                bitmap_init
                0x00000000c0002bdf                bitmap_scan_test
                0x00000000c0002c21                bitmap_scan
                0x00000000c0002d6f                bitmap_set
 .text          0x00000000c0002e28     0x10d4 build/memory.o
                0x00000000c0002f4e                pte_ptr
                0x00000000c0002f7f                pde_ptr
                0x00000000c0003120                malloc_page
                0x00000000c00031ea                get_kernel_pages
                0x00000000c000322e                get_user_pages
                0x00000000c0003284                get_a_page
                0x00000000c0003400                addr_v2p
                0x00000000c00035f2                block_desc_init
                0x00000000c000366f                mem_init
                0x00000000c00036d8                sys_malloc
                0x00000000c00039e8                pfree
                0x00000000c0003b30                mfree_page
                0x00000000c0003cfb                sys_free
 .text          0x00000000c0003efc      0x6d9 build/thread.o
                0x00000000c0003f49                running_thread
                0x00000000c0003f74                thread_create
                0x00000000c0003fea                init_thread
                0x00000000c00040d4                thread_start
                0x00000000c000424f                schedule
                0x00000000c000436b                thread_block
                0x00000000c00043d2                thread_yield
                0x00000000c0004458                thread_unblock
                0x00000000c0004563                thread_init
 .text          0x00000000c00045d5      0x218 build/list.o
                0x00000000c00045d5                list_init
                0x00000000c0004602                list_insert_before
                0x00000000c0004643                list_push
                0x00000000c0004660                list_append
                0x00000000c000467d                list_remove
                0x00000000c00046b3                list_pop
                0x00000000c0004706                elem_find
                0x00000000c0004741                list_traversal
                0x00000000c000479f                list_len
                0x00000000c00047d4                list_empty
 *fill*         0x00000000c00047ed        0x3 
 .text          0x00000000c00047f0       0x15 build/switch.o
                0x00000000c00047f0                switch_to
 .text          0x00000000c0004805      0x347 build/sync.o
                0x00000000c0004805                sema_init
                0x00000000c000482a                lock_init
                0x00000000c000485b                sema_down
                0x00000000c000496f                sema_up
                0x00000000c0004a25                lock_acquire
                0x00000000c0004aa1                lock_release
 .text          0x00000000c0004b4c       0x9a build/console.o
                0x00000000c0004b4c                console_init
                0x00000000c0004b60                console_acquire
                0x00000000c0004b74                console_release
                0x00000000c0004b88                console_put_str
                0x00000000c0004ba5                console_put_char
                0x00000000c0004bc9                console_put_int
 .text          0x00000000c0004be6      0x2ca build/keyboard.o
                0x00000000c0004e70                keyboard_init
 .text          0x00000000c0004eb0      0x2f1 build/ioqueue.o
                0x00000000c0004eb0                ioqueue_init
                0x00000000c0004f0d                ioq_full
                0x00000000c0004f5e                ioq_empty
                0x00000000c0005043                ioq_getchar
                0x00000000c00050f1                ioq_putchar
 .text          0x00000000c00051a1      0x1a9 build/tss.o
                0x00000000c00051a1                update_tss_esp
                0x00000000c000521c                tss_init
 .text          0x00000000c000534a      0x367 build/process.o
                0x00000000c000534a                start_process
                0x00000000c0005450                page_dir_activate
                0x00000000c0005480                process_activate
                0x00000000c00054d2                create_page_dir
                0x00000000c0005543                create_user_vaddr_bitmap
                0x00000000c0005587                process_execute
 .text          0x00000000c00056b1       0x73 build/syscall.o
                0x00000000c00056b1                getpid
                0x00000000c00056c6                write
                0x00000000c00056e9                malloc
                0x00000000c0005708                free
 .text          0x00000000c0005724       0x5a build/syscall-init.o
                0x00000000c0005724                sys_getpid
                0x00000000c0005736                syscall_init
 .text          0x00000000c000577e      0x2b9 build/stdio.o
                0x00000000c0005804                vsprintf
                0x00000000c0005987                sprintf
                0x00000000c00059bb                printf
 .text          0x00000000c0005a37       0x62 build/stdio-kernel.o
                0x00000000c0005a37                printk
 .text          0x00000000c0005a99      0xdfd build/ide.o
                0x00000000c0005db3                ide_read
                0x00000000c0005f45                ide_write
                0x00000000c00060d7                intr_hd_handler
                0x00000000c000669c                ide_init
 .text          0x00000000c0006896     0x17eb build/fs.o
                0x00000000c0006f6d                filesys_init
                0x00000000c00071ba                path_depth_cnt
                0x00000000c00074e2                sys_open
                0x00000000c000778b                sys_close
                0x00000000c00077e0                sys_write
                0x00000000c00078ca                sys_read
                0x00000000c000794b                sys_lseek
                0x00000000c0007a33                sys_unlink
                0x00000000c0007c54                sys_mkdir
 .text          0x00000000c0008081     0x11fa build/file.o
                0x00000000c0008081                get_free_slot_in_global
                0x00000000c00080d1                pcb_fd_install
                0x00000000c0008134                inode_bitmap_alloc
                0x00000000c0008182                block_bitmap_alloc
                0x00000000c00081dc                bitmap_sync
                0x00000000c0008267                file_create
                0x00000000c0008536                file_open
                0x00000000c000863f                file_close
                0x00000000c000867e                file_write
                0x00000000c0008e98                file_read
 .text          0x00000000c000927b      0x80f build/inode.o
                0x00000000c000931f                inode_sync
                0x00000000c0009490                inode_open
                0x00000000c00095e9                inode_close
                0x00000000c000965a                inode_init
                0x00000000c00096a9                inode_delete
                0x00000000c000980b                inode_release
 .text          0x00000000c0009a8a      0xc13 build/dir.o
                0x00000000c0009a8a                open_root_dir
                0x00000000c0009ab9                dir_open
                0x00000000c0009af4                search_dir_entry
                0x00000000c0009cc4                dir_close
                0x00000000c0009cf0                create_dir_entry
                0x00000000c0009d66                sync_dir_entry
                0x00000000c000a1d6                delete_dir_entry
 *(.gnu.warning)

.fini
 *(SORT_NONE(.fini))
                [!provide]                        PROVIDE (__etext = .)
                [!provide]                        PROVIDE (_etext = .)
                [!provide]                        PROVIDE (etext = .)
                0x00000000c000b000                . = ALIGN (CONSTANT (MAXPAGESIZE))
                0x00000000c000b000                . = SEGMENT_START ("rodata-segment", (ALIGN (CONSTANT (MAXPAGESIZE)) + (. & (CONSTANT (MAXPAGESIZE) - 0x1))))

.rodata         0x00000000c000b000     0x1ee9
 *(.rodata .rodata.* .gnu.linkonce.r.*)
 .rodata        0x00000000c000b000      0x158 build/main.o
 .rodata        0x00000000c000b158        0xa build/init.o
 *fill*         0x00000000c000b162        0x2 
 .rodata        0x00000000c000b164      0x2c9 build/interrupt.o
 *fill*         0x00000000c000b42d        0x3 
 .rodata        0x00000000c000b430       0x87 build/timer.o
 .rodata        0x00000000c000b4b7       0x3b build/debug.o
 .rodata        0x00000000c000b4f2       0xa2 build/string.o
 .rodata        0x00000000c000b594       0x68 build/bitmap.o
 .rodata        0x00000000c000b5fc      0x399 build/memory.o
 *fill*         0x00000000c000b995        0x3 
 .rodata        0x00000000c000b998      0x2ec build/thread.o
 .rodata        0x00000000c000bc84       0x3c build/list.o
 .rodata        0x00000000c000bcc0      0x12f build/sync.o
 .rodata        0x00000000c000bdef       0x38 build/keyboard.o
 *fill*         0x00000000c000be27        0x1 
 .rodata        0x00000000c000be28       0x9d build/ioqueue.o
 .rodata        0x00000000c000bec5       0x27 build/tss.o
 .rodata        0x00000000c000beec       0xdd build/process.o
 .rodata        0x00000000c000bfc9       0x27 build/syscall-init.o
 .rodata        0x00000000c000bff0      0x1ec build/ide.o
 .rodata        0x00000000c000c1dc      0x69b build/fs.o
 *fill*         0x00000000c000c877        0x1 
 .rodata        0x00000000c000c878      0x43c build/file.o
 .rodata        0x00000000c000ccb4       0xbb build/inode.o
 *fill*         0x00000000c000cd6f        0x1 
 .rodata        0x00000000c000cd70      0x179 build/dir.o

.rodata1
 *(.rodata1)

.eh_frame_hdr
 *(.eh_frame_hdr)
 *(.eh_frame_entry .eh_frame_entry.*)

.eh_frame
 *(.eh_frame)
 *(.eh_frame.*)

.gcc_except_table
 *(.gcc_except_table .gcc_except_table.*)

.gnu_extab
 *(.gnu_extab*)

.exception_ranges
 *(.exception_ranges*)
                0x00000000c000d000                . = DATA_SEGMENT_ALIGN (CONSTANT (MAXPAGESIZE), CONSTANT (COMMONPAGESIZE))

.eh_frame
 *(.eh_frame)
 *(.eh_frame.*)

.gnu_extab
 *(.gnu_extab)

.gcc_except_table
 *(.gcc_except_table .gcc_except_table.*)

.exception_ranges
 *(.exception_ranges*)

.tdata          0x00000000c000d000        0x0
                [!provide]                        PROVIDE (__tdata_start = .)
 *(.tdata .tdata.* .gnu.linkonce.td.*)

.tbss
 *(.tbss .tbss.* .gnu.linkonce.tb.*)
 *(.tcommon)

.preinit_array  0x00000000c000d000        0x0
                [!provide]                        PROVIDE (__preinit_array_start = .)
 *(.preinit_array)
                [!provide]                        PROVIDE (__preinit_array_end = .)

.init_array     0x00000000c000d000        0x0
                [!provide]                        PROVIDE (__init_array_start = .)
 *(SORT_BY_INIT_PRIORITY(.init_array.*) SORT_BY_INIT_PRIORITY(.ctors.*))
 *(.init_array EXCLUDE_FILE(*crtend?.o *crtend.o *crtbegin?.o *crtbegin.o) .ctors)
                [!provide]                        PROVIDE (__init_array_end = .)

.fini_array     0x00000000c000d000        0x0
                [!provide]                        PROVIDE (__fini_array_start = .)
 *(SORT_BY_INIT_PRIORITY(.fini_array.*) SORT_BY_INIT_PRIORITY(.dtors.*))
 *(.fini_array EXCLUDE_FILE(*crtend?.o *crtend.o *crtbegin?.o *crtbegin.o) .dtors)
                [!provide]                        PROVIDE (__fini_array_end = .)

.ctors
 *crtbegin.o(.ctors)
 *crtbegin?.o(.ctors)
 *(EXCLUDE_FILE(*crtend?.o *crtend.o) .ctors)
 *(SORT_BY_NAME(.ctors.*))
 *(.ctors)

.dtors
 *crtbegin.o(.dtors)
 *crtbegin?.o(.dtors)
 *(EXCLUDE_FILE(*crtend?.o *crtend.o) .dtors)
 *(SORT_BY_NAME(.dtors.*))
 *(.dtors)

.jcr
 *(.jcr)

.data.rel.ro
 *(.data.rel.ro.local* .gnu.linkonce.d.rel.ro.local.*)
 *(.data.rel.ro .data.rel.ro.* .gnu.linkonce.d.rel.ro.*)

.dynamic
 *(.dynamic)

.got            0x00000000c000d000        0x0
 *(.got)
 .got           0x00000000c000d000        0x0 build/main.o
 *(.igot)
                0x00000000c000d000                . = DATA_SEGMENT_RELRO_END (., (SIZEOF (.got.plt) >= 0xc)?0xc:0x0)

.got.plt        0x00000000c000d000        0x0
 *(.got.plt)
 .got.plt       0x00000000c000d000        0x0 build/main.o
 *(.igot.plt)
 .igot.plt      0x00000000c000d000        0x0 build/main.o

.data           0x00000000c000d000      0x156
 *(.data .data.* .gnu.linkonce.d.*)
 .data          0x00000000c000d000        0x0 build/main.o
 .data          0x00000000c000d000        0x0 build/init.o
 .data          0x00000000c000d000        0x0 build/interrupt.o
 .data          0x00000000c000d000        0x0 build/timer.o
 .data          0x00000000c000d000       0xc0 build/kernel.o
                0x00000000c000d000                intr_entry_table
 .data          0x00000000c000d0c0        0x8 build/print.o
 .data          0x00000000c000d0c8        0x0 build/debug.o
 .data          0x00000000c000d0c8        0x0 build/string.o
 .data          0x00000000c000d0c8        0x0 build/bitmap.o
 .data          0x00000000c000d0c8        0x0 build/memory.o
 .data          0x00000000c000d0c8        0x0 build/thread.o
 .data          0x00000000c000d0c8        0x0 build/list.o
 .data          0x00000000c000d0c8        0x0 build/sync.o
 .data          0x00000000c000d0c8        0x0 build/console.o
 *fill*         0x00000000c000d0c8       0x18 
 .data          0x00000000c000d0e0       0x76 build/keyboard.o
 .data          0x00000000c000d156        0x0 build/ioqueue.o
 .data          0x00000000c000d156        0x0 build/tss.o
 .data          0x00000000c000d156        0x0 build/process.o
 .data          0x00000000c000d156        0x0 build/syscall.o
 .data          0x00000000c000d156        0x0 build/syscall-init.o
 .data          0x00000000c000d156        0x0 build/stdio.o
 .data          0x00000000c000d156        0x0 build/stdio-kernel.o
 .data          0x00000000c000d156        0x0 build/ide.o
 .data          0x00000000c000d156        0x0 build/fs.o
 .data          0x00000000c000d156        0x0 build/file.o
 .data          0x00000000c000d156        0x0 build/inode.o
 .data          0x00000000c000d156        0x0 build/dir.o

.data1
 *(.data1)
                0x00000000c000d156                _edata = .
                [!provide]                        PROVIDE (edata = .)
                0x00000000c000d156                . = .
                0x00000000c000d156                __bss_start = .

.bss            0x00000000c000d160     0x1c28
 *(.dynbss)
 *(.bss .bss.* .gnu.linkonce.b.*)
 .bss           0x00000000c000d160        0x8 build/main.o
                0x00000000c000d160                prog_a_pid
                0x00000000c000d164                prog_b_pid
 .bss           0x00000000c000d168        0x0 build/init.o
 *fill*         0x00000000c000d168       0x18 
 .bss           0x00000000c000d180      0x408 build/interrupt.o
 .bss           0x00000000c000d588        0x0 build/timer.o
 .bss           0x00000000c000d588        0x0 build/debug.o
 .bss           0x00000000c000d588        0x0 build/string.o
 .bss           0x00000000c000d588        0x0 build/bitmap.o
 .bss           0x00000000c000d588        0x0 build/memory.o
 .bss           0x00000000c000d588        0x6 build/thread.o
 .bss           0x00000000c000d58e        0x0 build/list.o
 .bss           0x00000000c000d58e        0x0 build/sync.o
 *fill*         0x00000000c000d58e        0x2 
 .bss           0x00000000c000d590       0x1c build/console.o
 .bss           0x00000000c000d5ac       0x14 build/keyboard.o
 .bss           0x00000000c000d5c0        0x0 build/ioqueue.o
 .bss           0x00000000c000d5c0       0x6c build/tss.o
 .bss           0x00000000c000d62c        0x0 build/process.o
 .bss           0x00000000c000d62c        0x0 build/syscall.o
 .bss           0x00000000c000d62c        0x0 build/syscall-init.o
 .bss           0x00000000c000d62c        0x0 build/stdio.o
 .bss           0x00000000c000d62c        0x0 build/stdio-kernel.o
 .bss           0x00000000c000d62c        0x6 build/ide.o
                0x00000000c000d62c                ext_lba_base
                0x00000000c000d630                p_no
                0x00000000c000d631                l_no
 .bss           0x00000000c000d632        0x0 build/fs.o
 .bss           0x00000000c000d632        0x0 build/file.o
 .bss           0x00000000c000d632        0x0 build/inode.o
 .bss           0x00000000c000d632        0x0 build/dir.o
 *(COMMON)
 *fill*         0x00000000c000d632        0xe 
 COMMON         0x00000000c000d640      0x424 build/interrupt.o
                0x00000000c000d640                intr_name
                0x00000000c000d860                idt_table
 COMMON         0x00000000c000da64        0x4 build/timer.o
                0x00000000c000da64                ticks
 *fill*         0x00000000c000da68       0x18 
 COMMON         0x00000000c000da80      0x12c build/memory.o
                0x00000000c000da80                user_pool
                0x00000000c000dac0                k_block_descs
                0x00000000c000db68                kernel_vaddr
                0x00000000c000db80                kernel_pool
 COMMON         0x00000000c000dbac       0x44 build/thread.o
                0x00000000c000dbac                thread_ready_list
                0x00000000c000dbbc                thread_all_list
                0x00000000c000dbcc                idle_thread
                0x00000000c000dbd0                main_thread
                0x00000000c000dbd4                pid_lock
 *fill*         0x00000000c000dbf0       0x10 
 COMMON         0x00000000c000dc00       0x6c build/keyboard.o
                0x00000000c000dc00                kbd_buf
 *fill*         0x00000000c000dc6c       0x14 
 COMMON         0x00000000c000dc80       0x80 build/syscall-init.o
                0x00000000c000dc80                syscall_table
 COMMON         0x00000000c000dd00      0xcf0 build/ide.o
                0x00000000c000dd00                channel_cnt
                0x00000000c000dd20                channels
                0x00000000c000e9e0                partition_list
 COMMON         0x00000000c000e9f0        0x4 build/fs.o
                0x00000000c000e9f0                cur_part
 *fill*         0x00000000c000e9f4        0xc 
 COMMON         0x00000000c000ea00      0x180 build/file.o
                0x00000000c000ea00                file_table
 COMMON         0x00000000c000eb80      0x208 build/dir.o
                0x00000000c000eb80                root_dir
                0x00000000c000ed88                . = ALIGN ((. != 0x0)?0x4:0x1)
                0x00000000c000ed88                . = ALIGN (0x4)
                0x00000000c000ed88                . = SEGMENT_START ("ldata-segment", .)
                0x00000000c000ed88                . = ALIGN (0x4)
                0x00000000c000ed88                _end = .
                [!provide]                        PROVIDE (end = .)
                0x00000000c000ed88                . = DATA_SEGMENT_END (.)

.stab
 *(.stab)

.stabstr
 *(.stabstr)

.stab.excl
 *(.stab.excl)

.stab.exclstr
 *(.stab.exclstr)

.stab.index
 *(.stab.index)

.stab.indexstr
 *(.stab.indexstr)

.comment        0x0000000000000000       0x2a
 *(.comment)
 .comment       0x0000000000000000       0x2a build/main.o
                                         0x2b (size before relaxing)
 .comment       0x000000000000002a       0x2b build/init.o
 .comment       0x000000000000002a       0x2b build/interrupt.o
 .comment       0x000000000000002a       0x2b build/timer.o
 .comment       0x000000000000002a       0x2b build/debug.o
 .comment       0x000000000000002a       0x2b build/string.o
 .comment       0x000000000000002a       0x2b build/bitmap.o
 .comment       0x000000000000002a       0x2b build/memory.o
 .comment       0x000000000000002a       0x2b build/thread.o
 .comment       0x000000000000002a       0x2b build/list.o
 .comment       0x000000000000002a       0x2b build/sync.o
 .comment       0x000000000000002a       0x2b build/console.o
 .comment       0x000000000000002a       0x2b build/keyboard.o
 .comment       0x000000000000002a       0x2b build/ioqueue.o
 .comment       0x000000000000002a       0x2b build/tss.o
 .comment       0x000000000000002a       0x2b build/process.o
 .comment       0x000000000000002a       0x2b build/syscall.o
 .comment       0x000000000000002a       0x2b build/syscall-init.o
 .comment       0x000000000000002a       0x2b build/stdio.o
 .comment       0x000000000000002a       0x2b build/stdio-kernel.o
 .comment       0x000000000000002a       0x2b build/ide.o
 .comment       0x000000000000002a       0x2b build/fs.o
 .comment       0x000000000000002a       0x2b build/file.o
 .comment       0x000000000000002a       0x2b build/inode.o
 .comment       0x000000000000002a       0x2b build/dir.o

.gnu.build.attributes
 *(.gnu.build.attributes .gnu.build.attributes.*)

.debug
 *(.debug)

.line
 *(.line)

.debug_srcinfo
 *(.debug_srcinfo)

.debug_sfnames
 *(.debug_sfnames)

.debug_aranges
 *(.debug_aranges)

.debug_pubnames
 *(.debug_pubnames)

.debug_info
 *(.debug_info .gnu.linkonce.wi.*)

.debug_abbrev
 *(.debug_abbrev)

.debug_line
 *(.debug_line .debug_line.* .debug_line_end)

.debug_frame
 *(.debug_frame)

.debug_str
 *(.debug_str)

.debug_loc
 *(.debug_loc)

.debug_macinfo
 *(.debug_macinfo)

.debug_weaknames
 *(.debug_weaknames)

.debug_funcnames
 *(.debug_funcnames)

.debug_typenames
 *(.debug_typenames)

.debug_varnames
 *(.debug_varnames)

.debug_pubtypes
 *(.debug_pubtypes)

.debug_ranges
 *(.debug_ranges)

.debug_macro
 *(.debug_macro)

.debug_addr
 *(.debug_addr)

.gnu.attributes
 *(.gnu.attributes)

/DISCARD/
 *(.note.GNU-stack)
 *(.gnu_debuglink)
 *(.gnu.lto_*)
OUTPUT(build/kernel.bin elf32-i386)
